audio.c:131:6:AudioInit	32	static
audio.c:173:6:AudioStop	8	static
audio.c:184:6:SetCallbackI2STxRxCplt	16	static
audio.c:197:6:HAL_I2SEx_TxRxCpltCallback	16	static
audio.c:229:6:SetAudioIC	16	static
audio.c:236:5:GetAudioIC	4	static
audio.c:249:5:WriteI2CCodec	48	static
audio.c:269:6:InitCodecMAX9860	8	static
audio.c:356:6:Default_I2SEx_TxRxCpltCallback	16	static
audio.c:368:5:AudioDMALoopback	8	static
audio.c:384:5:AudioDMARFM	8	static
audio.c:399:6:AudioSpeex_I2SEx_TxRxCpltCallback	16	static
audio.c:417:6:AudioSine_I2SEx_TxRxCpltCallback	16	static
audio.c:452:6:AudioLoopbackDMASpeex	8	static
audio.c:466:6:AudioPlayDMASine	8	static
audio.c:480:6:AudioSpkVol	16	static
audio.c:505:6:AudioMicVol	16	static
audio.c:535:5:cmd_audio	24	static
audio.c:644:5:cmd_codec	32	static
