Adafruit_SSD1306.h:184:8:void Adafruit_SSD1306::debug(int)	16	static
Adafruit_SSD1306.cpp:148:6:virtual void Adafruit_SSD1306::drawPixel(int16_t, int16_t, uint16_t)	32	static
Adafruit_SSD1306.cpp:181:1:Adafruit_SSD1306::Adafruit_SSD1306(int8_t)	16	static
Adafruit_SSD1306.cpp:190:6:void Adafruit_SSD1306::begin(uint8_t, uint8_t, bool)	16	static
Adafruit_SSD1306.cpp:258:6:void Adafruit_SSD1306::invertDisplay(uint8_t)	16	static
Adafruit_SSD1306.cpp:270:6:void Adafruit_SSD1306::ssd1306_command(uint8_t)	24	static
Adafruit_SSD1306.cpp:282:6:void Adafruit_SSD1306::ssd1306_data(uint16_t)	32	static
Adafruit_SSD1306.cpp:306:6:void Adafruit_SSD1306::startscrollright(uint8_t, uint8_t)	16	static
Adafruit_SSD1306.cpp:322:6:void Adafruit_SSD1306::startscrollleft(uint8_t, uint8_t)	16	static
Adafruit_SSD1306.cpp:338:6:void Adafruit_SSD1306::startscrolldiagright(uint8_t, uint8_t)	16	static
Adafruit_SSD1306.cpp:356:6:void Adafruit_SSD1306::startscrolldiagleft(uint8_t, uint8_t)	16	static
Adafruit_SSD1306.cpp:370:6:void Adafruit_SSD1306::stopscroll()	16	static
Adafruit_SSD1306.cpp:378:6:void Adafruit_SSD1306::dim(bool)	24	static
Adafruit_SSD1306.cpp:403:6:void Adafruit_SSD1306::display()	24	static
Adafruit_SSD1306.cpp:441:6:void Adafruit_SSD1306::clearDisplay()	16	static
Adafruit_SSD1306.cpp:448:6:virtual void Adafruit_SSD1306::drawFastHLine(int16_t, int16_t, int16_t, uint16_t)	72	static
Adafruit_SSD1306.cpp:525:6:virtual void Adafruit_SSD1306::drawFastVLine(int16_t, int16_t, int16_t, uint16_t)	72	static
Adafruit_SSD1306.cpp:688:6:void Adafruit_SSD1306::memset(uint8_t*, uint16_t, uint16_t)	32	static
Adafruit_SSD1306.cpp:719:6:void Adafruit_SSD1306::printf(const char*)	88	static
Adafruit_SSD1306.cpp:860:11:uint8_t* GetLCDFrameBuffer()	4	static
Adafruit_SSD1306.cpp:870:5:int LCDInit()	8	static
Adafruit_SSD1306.cpp:881:5:int LCDCheck()	4	static
Adafruit_SSD1306.cpp:889:6:void LCDBattery(int)	152	static
Adafruit_SSD1306.cpp:915:6:void LCDRSSI(int)	104	static
Adafruit_SSD1306.cpp:940:6:void LCDLight(int)	64	static
Adafruit_SSD1306.cpp:972:6:void LCDSpeaker(int)	128	static
Adafruit_SSD1306.cpp:1006:6:void LCDMenu()	8	static
Adafruit_SSD1306.cpp:1017:9:void LCDMenuUpDown(int)	128	static
Adafruit_SSD1306.cpp:1050:6:void LCDSetCursor(int, int)	16	static
Adafruit_SSD1306.cpp:1059:9:void LCDEnableDebug(int)	16	static
Adafruit_SSD1306.cpp:1068:6:void LCDPrintf(char*)	32	static
Adafruit_SSD1306.cpp:1089:9:void LCDPrintfXY(int, int, char*)	24	static
Adafruit_SSD1306.cpp:1103:6:void LCDClear()	8	static
Adafruit_SSD1306.cpp:1113:6:void LCDClearTitle()	16	static
Adafruit_SSD1306.cpp:1124:6:void LCDClearMain()	16	static
Adafruit_SSD1306.cpp:1135:9:void LCDDrawRect(int, int, int, int, int)	40	static
Adafruit_SSD1306.cpp:1143:6:void testdrawline()	40	static
Adafruit_SSD1306.cpp:1191:6:void testdrawrect()	32	static
Adafruit_SSD1306.cpp:1202:6:void testfillrect()	32	static
Adafruit_SSD1306.cpp:1216:6:void testdrawcircle()	32	static
Adafruit_SSD1306.cpp:1227:6:void testdrawroundrect()	40	static
Adafruit_SSD1306.cpp:1238:6:void testfillroundrect()	40	static
Adafruit_SSD1306.cpp:1252:6:void testdrawtriangle()	56	static
Adafruit_SSD1306.cpp:1265:6:void testfilltriangle()	56	static
Adafruit_SSD1306.cpp:1281:6:void testdrawbitmap(const uint8_t*, uint8_t, uint8_t)	80	static
Adafruit_SSD1306.cpp:1326:6:void OLED_Test()	32	static
Adafruit_SSD1306.cpp:1474:1:void __static_initialization_and_destruction_0(int, int)	16	static
Adafruit_SSD1306.cpp:1474:1:cpp)	8	static
