###############################################################################
#
# IAR ELF Linker V9.30.1.335/W64 for ARM                  21/Sep/2022  13:06:27
# Copyright 2007-2022 IAR Systems AB.
#
#    Output file  =  C:\D\Git_Hub\STM_IAR_SIL_Change\EWARM\RFM\Exe\RFM.out
#    Map file     =  C:\D\Git_Hub\STM_IAR_SIL_Change\EWARM\RFM\List\RFM.map
#    Command line =
#        -f C:\D\Git_Hub\STM_IAR_SIL_Change\EWARM\RFM\Exe\RFM.out.rsp
#        (C:\D\Git_Hub\STM_IAR_SIL_Change\EWARM\RFM\Obj\Drivers\display\Adafruit_GFX.o
#        C:\D\Git_Hub\STM_IAR_SIL_Change\EWARM\RFM\Obj\Drivers\display\Adafruit_SSD1306.o
#        C:\D\Git_Hub\STM_IAR_SIL_Change\EWARM\RFM\Obj\Library\adc.o
#        C:\D\Git_Hub\STM_IAR_SIL_Change\EWARM\RFM\Obj\Library\adpcm.o
#        C:\D\Git_Hub\STM_IAR_SIL_Change\EWARM\RFM\Obj\Library\audio.o
#        C:\D\Git_Hub\STM_IAR_SIL_Change\EWARM\RFM\Obj\Library\bootloader.o
#        C:\D\Git_Hub\STM_IAR_SIL_Change\EWARM\RFM\Obj\Library\cli.o
#        C:\D\Git_Hub\STM_IAR_SIL_Change\EWARM\RFM\Obj\Library\diag.o
#        C:\D\Git_Hub\STM_IAR_SIL_Change\EWARM\RFM\Obj\Library\eeprom.o
#        C:\D\Git_Hub\STM_IAR_SIL_Change\EWARM\RFM\Obj\Library\flash_if.o
#        C:\D\Git_Hub\STM_IAR_SIL_Change\EWARM\RFM\Obj\Library\iap_common.o
#        C:\D\Git_Hub\STM_IAR_SIL_Change\EWARM\RFM\Obj\Library\iap_menu.o
#        C:\D\Git_Hub\STM_IAR_SIL_Change\EWARM\RFM\Obj\Library\keypad.o
#        C:\D\Git_Hub\STM_IAR_SIL_Change\EWARM\RFM\Obj\Application\User\Core\main.o
#        C:\D\Git_Hub\STM_IAR_SIL_Change\EWARM\RFM\Obj\Library\menu.o
#        C:\D\Git_Hub\STM_IAR_SIL_Change\EWARM\RFM\Obj\Drivers\display\PHan_Lib.o
#        C:\D\Git_Hub\STM_IAR_SIL_Change\EWARM\RFM\Obj\Drivers\display\PHanFont.o
#        C:\D\Git_Hub\STM_IAR_SIL_Change\EWARM\RFM\Obj\Drivers\display\PHanFontEng.o
#        C:\D\Git_Hub\STM_IAR_SIL_Change\EWARM\RFM\Obj\Library\ProcPkt.o
#        C:\D\Git_Hub\STM_IAR_SIL_Change\EWARM\RFM\Obj\Library\QBuf.o
#        C:\D\Git_Hub\STM_IAR_SIL_Change\EWARM\RFM\Obj\Drivers\radio\radio.o
#        C:\D\Git_Hub\STM_IAR_SIL_Change\EWARM\RFM\Obj\Drivers\radio\radio_comm.o
#        C:\D\Git_Hub\STM_IAR_SIL_Change\EWARM\RFM\Obj\Drivers\radio\radio_hal.o
#        C:\D\Git_Hub\STM_IAR_SIL_Change\EWARM\RFM\Obj\Drivers\radio\Si446x\radio_si4463.o
#        C:\D\Git_Hub\STM_IAR_SIL_Change\EWARM\RFM\Obj\Library\rfm.o
#        C:\D\Git_Hub\STM_IAR_SIL_Change\EWARM\RFM\Obj\Library\RFMProtocol.o
#        C:\D\Git_Hub\STM_IAR_SIL_Change\EWARM\RFM\Obj\Library\serial.o
#        C:\D\Git_Hub\STM_IAR_SIL_Change\EWARM\RFM\Obj\Drivers\radio\Si446x\si4463.o
#        C:\D\Git_Hub\STM_IAR_SIL_Change\EWARM\RFM\Obj\Drivers\radio\Si446x\si446x_api_lib.o
#        C:\D\Git_Hub\STM_IAR_SIL_Change\EWARM\RFM\Obj\Drivers\radio\Si446x\si446x_nirq.o
#        C:\D\Git_Hub\STM_IAR_SIL_Change\EWARM\RFM\Obj\Application\EWARM\startup_stm32f407xx.o
#        C:\D\Git_Hub\STM_IAR_SIL_Change\EWARM\RFM\Obj\Drivers\STM32F4xx_HAL_Driver\stm32f4xx_hal.o
#        C:\D\Git_Hub\STM_IAR_SIL_Change\EWARM\RFM\Obj\Drivers\STM32F4xx_HAL_Driver\stm32f4xx_hal_adc.o
#        C:\D\Git_Hub\STM_IAR_SIL_Change\EWARM\RFM\Obj\Drivers\STM32F4xx_HAL_Driver\stm32f4xx_hal_adc_ex.o
#        C:\D\Git_Hub\STM_IAR_SIL_Change\EWARM\RFM\Obj\Drivers\STM32F4xx_HAL_Driver\stm32f4xx_hal_cortex.o
#        C:\D\Git_Hub\STM_IAR_SIL_Change\EWARM\RFM\Obj\Drivers\STM32F4xx_HAL_Driver\stm32f4xx_hal_dma.o
#        C:\D\Git_Hub\STM_IAR_SIL_Change\EWARM\RFM\Obj\Drivers\STM32F4xx_HAL_Driver\stm32f4xx_hal_dma_ex.o
#        C:\D\Git_Hub\STM_IAR_SIL_Change\EWARM\RFM\Obj\Drivers\STM32F4xx_HAL_Driver\stm32f4xx_hal_exti.o
#        C:\D\Git_Hub\STM_IAR_SIL_Change\EWARM\RFM\Obj\Drivers\STM32F4xx_HAL_Driver\stm32f4xx_hal_flash.o
#        C:\D\Git_Hub\STM_IAR_SIL_Change\EWARM\RFM\Obj\Drivers\STM32F4xx_HAL_Driver\stm32f4xx_hal_flash_ex.o
#        C:\D\Git_Hub\STM_IAR_SIL_Change\EWARM\RFM\Obj\Drivers\STM32F4xx_HAL_Driver\stm32f4xx_hal_flash_ramfunc.o
#        C:\D\Git_Hub\STM_IAR_SIL_Change\EWARM\RFM\Obj\Drivers\STM32F4xx_HAL_Driver\stm32f4xx_hal_gpio.o
#        C:\D\Git_Hub\STM_IAR_SIL_Change\EWARM\RFM\Obj\Drivers\STM32F4xx_HAL_Driver\stm32f4xx_hal_i2c.o
#        C:\D\Git_Hub\STM_IAR_SIL_Change\EWARM\RFM\Obj\Drivers\STM32F4xx_HAL_Driver\stm32f4xx_hal_i2c_ex.o
#        C:\D\Git_Hub\STM_IAR_SIL_Change\EWARM\RFM\Obj\Drivers\STM32F4xx_HAL_Driver\stm32f4xx_hal_i2s.o
#        C:\D\Git_Hub\STM_IAR_SIL_Change\EWARM\RFM\Obj\Drivers\STM32F4xx_HAL_Driver\stm32f4xx_hal_i2s_ex.o
#        C:\D\Git_Hub\STM_IAR_SIL_Change\EWARM\RFM\Obj\Drivers\STM32F4xx_HAL_Driver\stm32f4xx_hal_iwdg.o
#        C:\D\Git_Hub\STM_IAR_SIL_Change\EWARM\RFM\Obj\Application\User\Core\stm32f4xx_hal_msp.o
#        C:\D\Git_Hub\STM_IAR_SIL_Change\EWARM\RFM\Obj\Drivers\STM32F4xx_HAL_Driver\stm32f4xx_hal_pcd.o
#        C:\D\Git_Hub\STM_IAR_SIL_Change\EWARM\RFM\Obj\Drivers\STM32F4xx_HAL_Driver\stm32f4xx_hal_pcd_ex.o
#        C:\D\Git_Hub\STM_IAR_SIL_Change\EWARM\RFM\Obj\Drivers\STM32F4xx_HAL_Driver\stm32f4xx_hal_pwr.o
#        C:\D\Git_Hub\STM_IAR_SIL_Change\EWARM\RFM\Obj\Drivers\STM32F4xx_HAL_Driver\stm32f4xx_hal_pwr_ex.o
#        C:\D\Git_Hub\STM_IAR_SIL_Change\EWARM\RFM\Obj\Drivers\STM32F4xx_HAL_Driver\stm32f4xx_hal_rcc.o
#        C:\D\Git_Hub\STM_IAR_SIL_Change\EWARM\RFM\Obj\Drivers\STM32F4xx_HAL_Driver\stm32f4xx_hal_rcc_ex.o
#        C:\D\Git_Hub\STM_IAR_SIL_Change\EWARM\RFM\Obj\Drivers\STM32F4xx_HAL_Driver\stm32f4xx_hal_spi.o
#        C:\D\Git_Hub\STM_IAR_SIL_Change\EWARM\RFM\Obj\Drivers\STM32F4xx_HAL_Driver\stm32f4xx_hal_tim.o
#        C:\D\Git_Hub\STM_IAR_SIL_Change\EWARM\RFM\Obj\Drivers\STM32F4xx_HAL_Driver\stm32f4xx_hal_tim_ex.o
#        C:\D\Git_Hub\STM_IAR_SIL_Change\EWARM\RFM\Obj\Application\User\Core\stm32f4xx_hal_timebase_tim.o
#        C:\D\Git_Hub\STM_IAR_SIL_Change\EWARM\RFM\Obj\Drivers\STM32F4xx_HAL_Driver\stm32f4xx_hal_uart.o
#        C:\D\Git_Hub\STM_IAR_SIL_Change\EWARM\RFM\Obj\Application\User\Core\stm32f4xx_it.o
#        C:\D\Git_Hub\STM_IAR_SIL_Change\EWARM\RFM\Obj\Drivers\STM32F4xx_HAL_Driver\stm32f4xx_ll_usb.o
#        C:\D\Git_Hub\STM_IAR_SIL_Change\EWARM\RFM\Obj\Drivers\CMSIS\system_stm32f4xx.o
#        C:\D\Git_Hub\STM_IAR_SIL_Change\EWARM\RFM\Obj\Library\unicode.o
#        C:\D\Git_Hub\STM_IAR_SIL_Change\EWARM\RFM\Obj\Library\upgrade.o
#        C:\D\Git_Hub\STM_IAR_SIL_Change\EWARM\RFM\Obj\Application\User\USB_DEVICE\App\usb_device.o
#        C:\D\Git_Hub\STM_IAR_SIL_Change\EWARM\RFM\Obj\Middlewares\USB_Device_Library\usbd_cdc.o
#        C:\D\Git_Hub\STM_IAR_SIL_Change\EWARM\RFM\Obj\Application\User\USB_DEVICE\App\usbd_cdc_if.o
#        C:\D\Git_Hub\STM_IAR_SIL_Change\EWARM\RFM\Obj\Application\User\USB_DEVICE\Target\usbd_conf.o
#        C:\D\Git_Hub\STM_IAR_SIL_Change\EWARM\RFM\Obj\Middlewares\USB_Device_Library\usbd_core.o
#        C:\D\Git_Hub\STM_IAR_SIL_Change\EWARM\RFM\Obj\Middlewares\USB_Device_Library\usbd_ctlreq.o
#        C:\D\Git_Hub\STM_IAR_SIL_Change\EWARM\RFM\Obj\Application\User\USB_DEVICE\App\usbd_desc.o
#        C:\D\Git_Hub\STM_IAR_SIL_Change\EWARM\RFM\Obj\Middlewares\USB_Device_Library\usbd_ioreq.o
#        C:\D\Git_Hub\STM_IAR_SIL_Change\EWARM\RFM\Obj\Library\VerInfo.o
#        C:\D\Git_Hub\STM_IAR_SIL_Change\EWARM\RFM\Obj\Library\version.o
#        C:\D\Git_Hub\STM_IAR_SIL_Change\EWARM\RFM\Obj\Library\ymodem.o
#        --no_out_extension -o
#        C:\D\Git_Hub\STM_IAR_SIL_Change\EWARM\RFM\Exe\RFM.out --redirect
#        _Printf=_PrintfFullNoMb --redirect _Scanf=_ScanfFullNoMb --map
#        C:\D\Git_Hub\STM_IAR_SIL_Change\EWARM\RFM\List\RFM.map --log
#        libraries,initialization,modules,redirects,sections,veneers,unused_fragments,call_graph,crt_routine_selection,fragment_info,inlining,merging,demangle
#        --log_file C:\D\Git_Hub\STM_IAR_SIL_Change\EWARM\RFM\List\RFM.log
#        --config C:\D\Git_Hub\STM_IAR_SIL_Change\EWARM/stm32f407xx_flash.icf
#        --semihosting --entry __iar_program_start --vfe --text_out locale
#        --cpu=Cortex-M4 --fpu=VFPv4_sp)
#
###############################################################################

*******************************************************************************
*** RUNTIME MODEL ATTRIBUTES
***

CppFlavor                     = *
__CPP_Exceptions              = Disabled
__CPP_Language                = C++14
__CPP_Library                 = DLib
__CPP_Runtime                 = 1
__Heap_Handler                = Basic
__SystemLibrary               = DLib
__dlib_dynamic_initialization = normal
__dlib_version                = 6


*******************************************************************************
*** HEAP SELECTION
***

The basic heap was selected because --advanced_heap
was not specified and the application did not appear to
be primarily optimized for speed.


*******************************************************************************
*** PLACEMENT SUMMARY
***

"A0":  place at address 0x802'0000 { ro section .intvec };
"P1":  place in [from 0x802'0000 to 0x80f'ffff] { ro };
define block CSTACK with size = 8K, alignment = 8 { };
define block HEAP with size = 1K, alignment = 8 { };
"P2":  place in [from 0x2000'0000 to 0x2001'ffff] {
          rw, block CSTACK, block HEAP };
initialize by copy { rw };

  Section                Kind         Address      Size  Object
  -------                ----         -------      ----  ------
"A0":                                             0x188
  .intvec                ro code   0x802'0000     0x188  startup_stm32f407xx.o [1]
                                 - 0x802'0188     0x188

"P1":                                          0x2'2b51
  .rodata                const     0x802'0188    0x4048  unicode.o [10]
  .rodata                const     0x802'41d0    0x2d00  PHanFont.o [7]
  .rodata                const     0x802'6ed0    0x1800  PHanFontEng.o [7]
  .text                  ro code   0x802'86d0    0x1498  rfm.o [10]
  .text                  ro code   0x802'9b68      0x28  printf.o [12]
  .text                  ro code   0x802'9b90     0xf9e  stm32f4xx_hal_i2c.o [6]
  .text                  ro code   0x802'ab2e      0x7e  lz77_init_single.o [15]
  .text                  ro code   0x802'abac     0x2bc  eeprom.o [10]
  .text                  ro code   0x802'ae68     0x58c  diag.o [10]
  .text                  ro code   0x802'b3f4     0x748  audio.o [10]
  .text                  ro code   0x802'bb3c     0x2a4  stm32f4xx_hal_gpio.o [6]
  .text                  ro code   0x802'bde0      0x28  sscanf.o [12]
  .text                  ro code   0x802'be08     0x1f4  flash_if.o [10]
  .text                  ro code   0x802'bffc     0x1e0  radio.o [8]
  .text                  ro code   0x802'c1dc     0x614  stm32f4xx_hal_i2s_ex.o [6]
  .text                  ro code   0x802'c7f0     0x15c  QBuf.o [10]
  .text                  ro code   0x802'c94c      0x66  ABImemset.o [15]
  .text                  ro code   0x802'c9b2      0x1e  xsscin.o [12]
  .text                  ro code   0x802'c9d0     0xb9c  Adafruit_SSD1306.o [7]
  .text                  ro code   0x802'd56c      0x28  stm32f4xx_hal.o [6]
  .text                  ro code   0x802'd594     0x72c  menu.o [10]
  .text                  ro code   0x802'dcc0     0x2ac  si446x_api_lib.o [9]
  .text                  ro code   0x802'df6c       0xc  stm32f4xx_hal.o [6]
  .text                  ro code   0x802'df78      0xa4  rand.o [12]
  .text                  ro code   0x802'e01c     0x56c  ProcPkt.o [10]
  .text                  ro code   0x802'e588     0x494  keypad.o [10]
  .text                  ro code   0x802'ea1c     0x14c  adc.o [10]
  .text                  ro code   0x802'eb68     0x55e  cli.o [10]
  .text                  ro code   0x802'f0c6       0xa  xsprout.o [12]
  .text                  ro code   0x802'f0d0     0x73e  main.o [2]
  .rodata                const     0x802'f80e       0x2  si4463.o [9]
  .text                  ro code   0x802'f810     0xce8  RFMProtocol.o [10]
  .text                  ro code   0x803'04f8      0xa6  ABImemcpy.o [15]
  .rodata                const     0x803'059e       0x2  si4463.o [9]
  .text                  ro code   0x803'05a0      0x40  sprintf.o [12]
  .text                  ro code   0x803'05e0     0xeaa  xprintffull_nomb.o [12]
  .rodata                const     0x803'148a       0x2  si4463.o [9]
  .text                  ro code   0x803'148c     0x69c  stm32f4xx_hal_msp.o [2]
  .text                  ro code   0x803'1b28     0x190  stm32f4xx_hal_rcc.o [6]
  .text                  ro code   0x803'1cb8     0x69c  radio_si4463.o [9]
  .text                  ro code   0x803'2354     0xdfc  si4463.o [9]
  .text                  ro code   0x803'3150      0x12  strcmp.o [15]
  .rodata                const     0x803'3162       0x2  si4463.o [9]
  .text                  ro code   0x803'3164     0xd78  xscanffull_nomb.o [12]
  .text                  ro code   0x803'3edc     0x204  stm32f4xx_hal_flash.o [6]
  .text                  ro code   0x803'40e0     0x190  stm32f4xx_hal_flash_ex.o [6]
  .text                  ro code   0x803'4270     0x4a8  stm32f4xx_hal_dma.o [6]
  .text                  ro code   0x803'4718       0x2  stm32f4xx_hal_i2s.o [6]
  .text                  ro code   0x803'471a       0x2  stm32f4xx_hal_i2s_ex.o [6]
  .text                  ro code   0x803'471c     0x16a  Adafruit_GFX.o [7]
  .rodata                const     0x803'4886       0x2  si4463.o [9]
  .text                  ro code   0x803'4888     0x3b4  unicode.o [10]
  .text                  ro code   0x803'4c3c     0x244  PHan_Lib.o [7]
  .text                  ro code   0x803'4e80       0x4  Adafruit_SSD1306.o [7]
  .text                  ro code   0x803'4e84     0x13c  radio_hal.o [8]
  .text                  ro code   0x803'4fc0     0x14c  radio_comm.o [8]
  .text                  ro code   0x803'510c      0x68  memcmp.o [15]
  .text                  ro code   0x803'5174     0x530  stm32f4xx_hal_adc.o [6]
  .text                  ro code   0x803'56a4      0x90  iar_Stolx.o [12]
  .text                  ro code   0x803'5734      0x39  strtok_r.o [12]
  .rodata                const     0x803'576e       0x2  xlocale_c.o [12]
  .text                  ro code   0x803'5770      0x18  strcpy.o [15]
  .text                  ro code   0x803'5788      0x16  strchr.o [15]
  .rodata                const     0x803'579e       0x2  xlocale_c.o [12]
  .text                  ro code   0x803'57a0       0xc  getchar.o [12]
  .text                  ro code   0x803'57ac     0x13c  serial.o [10]
  .text                  ro code   0x803'58e8      0x2c  stm32f4xx_hal.o [6]
  .text                  ro code   0x803'5914     0x5ac  stm32f4xx_hal_tim.o [6]
  .text                  ro code   0x803'5ec0     0x108  stm32f4xx_hal_tim_ex.o [6]
  .text                  ro code   0x803'5fc8      0x12  setbuf.o [12]
  .text                  ro code   0x803'5fda      0xaa  setvbuf.o [12]
  .text                  ro code   0x803'6084      0x14  memset.o [15]
  .text                  ro code   0x803'6098     0x3dc  stm32f4xx_hal_rcc.o [6]
  .text                  ro code   0x803'6474     0x310  stm32f4xx_hal_rcc_ex.o [6]
  .text                  ro code   0x803'6784     0x2f2  stm32f4xx_hal_i2s.o [6]
  .text                  ro code   0x803'6a76      0x50  stm32f4xx_hal_iwdg.o [6]
  .rodata                const     0x803'6ac6       0x1  si4463.o [9]
  .rodata                const     0x803'6ac7       0x1  si4463.o [9]
  .text                  ro code   0x803'6ac8     0x3d0  stm32f4xx_hal_spi.o [6]
  .text                  ro code   0x803'6e98     0x980  stm32f4xx_hal_uart.o [6]
  .text                  ro code   0x803'7818     0x190  stm32f4xx_hal_cortex.o [6]
  .text                  ro code   0x803'79a8     0x1e4  upgrade.o [10]
  .text                  ro code   0x803'7b8c      0x40  xfail_s.o [12]
  .text                  ro code   0x803'7bcc      0x36  strlen.o [15]
  .rodata                const     0x803'7c02       0x1  unwind_debug.o [16]
  .rodata                const     0x803'7c03       0x1  xlocale_c.o [12]
  .text                  ro code   0x803'7c04      0x58  memchr.o [15]
  .text                  ro code   0x803'7c5c      0x70  frexp.o [14]
  .text                  ro code   0x803'7ccc      0x34  DblCmpLe.o [14]
  .text                  ro code   0x803'7d00      0x34  DblCmpGe.o [14]
  .text                  ro code   0x803'7d34     0x13a  ldexp.o [14]
  .text                  ro code   0x803'7e70      0x36  DblToS32.o [14]
  .text                  ro code   0x803'7ea8      0x22  S32ToDbl.o [14]
  .text                  ro code   0x803'7ecc     0x25e  DblAddSub.o [14]
  .text                  ro code   0x803'812c     0x246  DblDiv.o [14]
  .text                  ro code   0x803'8374      0x22  DblToU32.o [14]
  .text                  ro code   0x803'8398      0x1c  U32ToDbl.o [14]
  .text                  ro code   0x803'83b4     0x1aa  DblMul.o [14]
  .text                  ro code   0x803'8560      0x4c  xlocale_c.o [12]
  .text                  ro code   0x803'85ac     0x230  I64DivMod.o [15]
  .text                  ro code   0x803'87dc      0x9c  stm32f4xx_hal_rcc.o [6]
  .text                  ro code   0x803'8878      0x4c  stm32f4xx_hal.o [6]
  .text                  ro code   0x803'88c4      0x14  isspace.o [12]
  .text                  ro code   0x803'88d8      0x14  isalpha.o [12]
  .text                  ro code   0x803'88ec     0x360  strto64.o [14]
  .text                  ro code   0x803'8c4c      0x68  DblToFlt.o [14]
  .text                  ro code   0x803'8cb4     0x1b2  iar_Stoullx.o [12]
  .text                  ro code   0x803'8e68      0xaa  iar_Stollx.o [12]
  .text                  ro code   0x803'8f12       0x6  abort.o [12]
  .text                  ro code   0x803'8f18     0x140  iar_Stoulx.o [12]
  .text                  ro code   0x803'9058      0x22  strspn.o [12]
  .text                  ro code   0x803'907a      0x22  strcspn.o [12]
  .text                  ro code   0x803'909c       0x2  stm32f4xx_hal_tim.o [6]
  .text                  ro code   0x803'909e       0x2  stm32f4xx_hal_tim.o [6]
  .text                  ro code   0x803'90a0       0x2  stm32f4xx_hal_tim.o [6]
  .text                  ro code   0x803'90a2       0x2  stm32f4xx_hal_tim.o [6]
  .text                  ro code   0x803'90a4       0x2  stm32f4xx_hal_tim_ex.o [6]
  .text                  ro code   0x803'90a6       0x2  stm32f4xx_hal_tim.o [6]
  .text                  ro code   0x803'90a8       0x2  stm32f4xx_hal_tim_ex.o [6]
  .text                  ro code   0x803'90ac     0x13c  heap0.o [12]
  .text                  ro code   0x803'91e8       0x4  heaptramp0.o [12]
  .text                  ro code   0x803'91ec       0x2  stm32f4xx_hal_i2s.o [6]
  .text                  ro code   0x803'91ee       0x2  stm32f4xx_hal_i2s.o [6]
  .text                  ro code   0x803'91f0       0x2  stm32f4xx_hal_uart.o [6]
  .text                  ro code   0x803'91f2       0x2  stm32f4xx_hal_uart.o [6]
  .text                  ro code   0x803'91f4       0x2  I64DivZer.o [15]
  .text                  ro code   0x803'91f6     0x122  iar_Stopfx.o [12]
  .text                  ro code   0x803'9318     0x1b8  iar_Stoflt.o [12]
  .text                  ro code   0x803'94d0     0x208  iar_Stoxflt.o [12]
  .text                  ro code   0x803'96d8      0x14  tolower.o [12]
  .text                  ro code   0x803'96ec      0x14  exit.o [16]
  .text                  ro code   0x803'9700      0x2c  xgetmemchunk.o [12]
  .text                  ro code   0x803'972c      0x7c  iarttio.o [16]
  .text                  ro code   0x803'97a8       0x8  XShttio.o [12]
  .rodata                const     0x803'97b0    0x1468  unicode.o [10]
  .rodata                const     0x803'ac18    0x125c  PHanFont.o [7]
  .rodata                const     0x803'be74     0xae8  unicode.o [10]
  .text                  ro code   0x803'c95c     0xaa8  stm32f4xx_hal_pcd.o [6]
  .text                  ro code   0x803'd404     0xa70  stm32f4xx_ll_usb.o [6]
  .text                  ro code   0x803'de74     0x2a6  usbd_conf.o [4]
  .text                  ro code   0x803'e11a       0x2  stm32f4xx_hal_pcd_ex.o [6]
  .text                  ro code   0x803'e11c     0x340  usbd_core.o [11]
  .text                  ro code   0x803'e45c     0x830  usbd_ctlreq.o [11]
  .text                  ro code   0x803'ec8c      0x86  usbd_ioreq.o [11]
  .rodata                const     0x803'ed14     0x3dc  si4463.o [9]
  .rodata                const     0x803'f0f0     0x3cc  radio.o [8]
  .rodata                const     0x803'f4bc     0x19c  unicode.o [10]
  .rodata                const     0x803'f658     0x118  unicode.o [10]
  .rodata                const     0x803'f770      0xf8  unicode.o [10]
  .text                  ro code   0x803'f868      0xd8  xfspos.o [12]
  .text                  ro code   0x803'f940      0xac  fflush.o [12]
  .text                  ro code   0x803'f9ec       0xc  xfgpos.o [12]
  .text                  ro code   0x803'f9f8      0x4e  lseek.o [16]
  .text                  ro code   0x803'fa46      0x10  write.o [16]
  .text                  ro code   0x803'fa58      0x8c  XShHandles.o [12]
  .text                  ro code   0x803'fae4      0x1e  dwrite.o [16]
  .text                  ro code   0x803'fb02      0x20  iarwstd.o [16]
  .text                  ro code   0x803'fb22      0x22  iarwrite.o [16]
  .text                  ro code   0x803'fb44      0xb4  xfwprep.o [12]
  .text                  ro code   0x803'fbf8      0x24  fseek.o [12]
  .text                  ro code   0x803'fc1c      0x94  stm32f4xx_it.o [2]
  .text                  ro code   0x803'fcb0      0x18  stm32f4xx_hal.o [6]
  .rodata                const     0x803'fcc8      0x78  Adafruit_SSD1306.o [7]
  .text                  ro code   0x803'fd40      0x78  bootloader.o [10]
  .rodata                const     0x803'fdb8      0x64  eeprom.o [10]
  .rodata                const     0x803'fe1c      0x64  eeprom.o [10]
  .rodata                const     0x803'fe80      0x60  ProcPkt.o [10]
  .rodata                const     0x803'fee0      0x58  Adafruit_SSD1306.o [7]
  .rodata                const     0x803'ff38      0x58  Adafruit_SSD1306.o [7]
  .rodata                const     0x803'ff90      0x50  iar_Stoulx.o [12]
  .rodata                const     0x803'ffe0      0x50  iar_Stoullx.o [12]
  .rodata                const     0x804'0030      0x48  diag.o [10]
  .rodata                const     0x804'0078      0x48  diag.o [10]
  .rodata                const     0x804'00c0      0x48  diag.o [10]
  .rodata                const     0x804'0108      0x48  diag.o [10]
  .rodata                const     0x804'0150      0x48  diag.o [10]
  .rodata                const     0x804'0198      0x48  diag.o [10]
  .rodata                const     0x804'01e0      0x48  diag.o [10]
  .rodata                const     0x804'0228      0x48  diag.o [10]
  .rodata                const     0x804'0270      0x48  diag.o [10]
  .rodata                const     0x804'02b8      0x48  diag.o [10]
  .rodata                const     0x804'0300      0x48  diag.o [10]
  .rodata                const     0x804'0348      0x48  diag.o [10]
  .rodata                const     0x804'0390      0x48  diag.o [10]
  .rodata                const     0x804'03d8      0x48  diag.o [10]
  .rodata                const     0x804'0420      0x48  diag.o [10]
  .rodata                const     0x804'0468      0x48  diag.o [10]
  .rodata                const     0x804'04b0      0x48  diag.o [10]
  .rodata                const     0x804'04f8      0x48  diag.o [10]
  .rodata                const     0x804'0540      0x48  diag.o [10]
  .rodata                const     0x804'0588      0x48  diag.o [10]
  .rodata                const     0x804'05d0      0x48  diag.o [10]
  .rodata                const     0x804'0618      0x48  diag.o [10]
  .rodata                const     0x804'0660      0x48  diag.o [10]
  .rodata                const     0x804'06a8      0x48  diag.o [10]
  .rodata                const     0x804'06f0      0x48  diag.o [10]
  .rodata                const     0x804'0738      0x48  diag.o [10]
  .rodata                const     0x804'0780      0x48  diag.o [10]
  .rodata                const     0x804'07c8      0x48  diag.o [10]
  .rodata                const     0x804'0810      0x48  diag.o [10]
  .rodata                const     0x804'0858      0x48  diag.o [10]
  .rodata                const     0x804'08a0      0x48  diag.o [10]
  .rodata                const     0x804'08e8      0x48  diag.o [10]
  .rodata                const     0x804'0930      0x48  strto64.o [14]
  .rodata                const     0x804'0978      0x44  cli.o [10]
  .rodata                const     0x804'09bc      0x44  unicode.o [10]
  .text                  ro code   0x804'0a00      0x44  putchar.o [12]
  .rodata                const     0x804'0a44      0x40  Adafruit_SSD1306.o [7]
  .text                  ro code   0x804'0a84      0x40  xcloseall.o [12]
  .rodata                const     0x804'0ac4      0x3c  diag.o [10]
  .rodata                const     0x804'0b00      0x3c  RFMProtocol.o [10]
  .rodata                const     0x804'0b3c      0x3c  unicode.o [10]
  .text                  ro code   0x804'0b78      0x38  zero_init3.o [15]
  .rodata                const     0x804'0bb0      0x34  RFMProtocol.o [10]
  .rodata                const     0x804'0be4      0x30  cli.o [10]
  .rodata                const     0x804'0c14      0x30  cli.o [10]
  .rodata                const     0x804'0c44      0x30  rfm.o [10]
  .rodata                const     0x804'0c74      0x30  RFMProtocol.o [10]
  .rodata                const     0x804'0ca4      0x2c  rfm.o [10]
  .rodata                const     0x804'0cd0      0x2c  RFMProtocol.o [10]
  .rodata                const     0x804'0cfc      0x28  cli.o [10]
  .rodata                const     0x804'0d24      0x28  diag.o [10]
  .rodata                const     0x804'0d4c      0x28  RFMProtocol.o [10]
  .rodata                const     0x804'0d74      0x28  upgrade.o [10]
  .rodata                const     0x804'0d9c      0x28  xscanffull_nomb.o [12]
  .text                  ro code   0x804'0dc4      0x28  data_init.o [15]
  .rodata                const     0x804'0dec      0x24  Adafruit_SSD1306.o [7]
  .rodata                const     0x804'0e10      0x24  xscanffull_nomb.o [12]
  .text                  ro code   0x804'0e34      0x22  fpinit_M.o [14]
  .iar.init_table        const     0x804'0e58      0x24  - Linker created -
  .rodata                const     0x804'0e7c      0x20  cli.o [10]
  .rodata                const     0x804'0e9c      0x20  cli.o [10]
  .rodata                const     0x804'0ebc      0x20  cli.o [10]
  .rodata                const     0x804'0edc      0x20  cli.o [10]
  .rodata                const     0x804'0efc      0x20  cli.o [10]
  .rodata                const     0x804'0f1c      0x20  cli.o [10]
  .rodata                const     0x804'0f3c      0x20  cli.o [10]
  .rodata                const     0x804'0f5c      0x20  eeprom.o [10]
  .rodata                const     0x804'0f7c      0x20  PHanFont.o [7]
  .rodata                const     0x804'0f9c      0x20  PHanFont.o [7]
  .rodata                const     0x804'0fbc      0x20  PHanFont.o [7]
  .rodata                const     0x804'0fdc      0x20  rfm.o [10]
  .rodata                const     0x804'0ffc      0x20  rfm.o [10]
  .text                  ro code   0x804'101c      0x20  system_stm32f4xx.o [5]
  .text                  ro code   0x804'103c      0x20  cmain_call_ctors.o [15]
  .text                  ro code   0x804'105c      0x18  cppinit.o [12]
  .text                  ro code   0x804'1074      0x1e  cmain.o [15]
  .text                  ro code   0x804'1092       0x4  low_level_init.o [12]
  .text                  ro code   0x804'1096       0x4  exit.o [12]
  .text                  ro code   0x804'109c       0xe  cexit.o [15]
  .rodata                const     0x804'10ac      0x1c  audio.o [10]
  .rodata                const     0x804'10c8      0x1c  audio.o [10]
  .rodata                const     0x804'10e4      0x1c  audio.o [10]
  .rodata                const     0x804'1100      0x1c  bootloader.o [10]
  .rodata                const     0x804'111c      0x1c  cli.o [10]
  .rodata                const     0x804'1138      0x1c  cli.o [10]
  .rodata                const     0x804'1154      0x1c  cli.o [10]
  .rodata                const     0x804'1170      0x1c  cli.o [10]
  .rodata                const     0x804'118c      0x1c  cli.o [10]
  .rodata                const     0x804'11a8      0x1c  cli.o [10]
  .rodata                const     0x804'11c4      0x1c  cli.o [10]
  .rodata                const     0x804'11e0      0x1c  diag.o [10]
  .rodata                const     0x804'11fc      0x1c  menu.o [10]
  .rodata                const     0x804'1218      0x1c  rfm.o [10]
  .rodata                const     0x804'1234      0x1c  rfm.o [10]
  .rodata                const     0x804'1250      0x1c  rfm.o [10]
  .rodata                const     0x804'126c      0x1c  rfm.o [10]
  .rodata                const     0x804'1288      0x1c  rfm.o [10]
  .rodata                const     0x804'12a4      0x1c  rfm.o [10]
  .rodata                const     0x804'12c0      0x1c  RFMProtocol.o [10]
  .rodata                const     0x804'12dc      0x1c  RFMProtocol.o [10]
  .rodata                const     0x804'12f8      0x1c  RFMProtocol.o [10]
  .text                  ro code   0x804'1314      0x1c  cstartup_M.o [15]
  .rodata                const     0x804'1330      0x18  cli.o [10]
  .rodata                const     0x804'1348      0x18  cli.o [10]
  .rodata                const     0x804'1360      0x18  cli.o [10]
  .rodata                const     0x804'1378      0x18  cli.o [10]
  .rodata                const     0x804'1390      0x18  cli.o [10]
  .rodata                const     0x804'13a8      0x18  cli.o [10]
  .rodata                const     0x804'13c0      0x18  cli.o [10]
  .rodata                const     0x804'13d8      0x18  cli.o [10]
  .rodata                const     0x804'13f0      0x18  cli.o [10]
  .rodata                const     0x804'1408      0x18  cli.o [10]
  .rodata                const     0x804'1420      0x18  cli.o [10]
  .rodata                const     0x804'1438      0x18  cli.o [10]
  .rodata                const     0x804'1450      0x18  cli.o [10]
  .rodata                const     0x804'1468      0x18  cli.o [10]
  .rodata                const     0x804'1480      0x18  cli.o [10]
  .rodata                const     0x804'1498      0x18  cli.o [10]
  .rodata                const     0x804'14b0      0x18  cli.o [10]
  .rodata                const     0x804'14c8      0x18  diag.o [10]
  .rodata                const     0x804'14e0      0x18  diag.o [10]
  .rodata                const     0x804'14f8      0x18  flash_if.o [10]
  .rodata                const     0x804'1510      0x18  flash_if.o [10]
  .rodata                const     0x804'1528      0x18  PHanFont.o [7]
  .rodata                const     0x804'1540      0x18  PHanFont.o [7]
  .rodata                const     0x804'1558      0x18  PHanFont.o [7]
  .rodata                const     0x804'1570      0x18  radio_si4463.o [9]
  .rodata                const     0x804'1588      0x18  radio_si4463.o [9]
  .rodata                const     0x804'15a0      0x18  radio_si4463.o [9]
  .rodata                const     0x804'15b8      0x18  radio_si4463.o [9]
  .rodata                const     0x804'15d0      0x18  radio_si4463.o [9]
  .rodata                const     0x804'15e8      0x18  radio_si4463.o [9]
  .rodata                const     0x804'1600      0x18  radio_si4463.o [9]
  .rodata                const     0x804'1618      0x18  radio_si4463.o [9]
  .rodata                const     0x804'1630      0x18  radio_si4463.o [9]
  .rodata                const     0x804'1648      0x18  radio_si4463.o [9]
  .rodata                const     0x804'1660      0x18  radio_si4463.o [9]
  .rodata                const     0x804'1678      0x18  radio_si4463.o [9]
  .rodata                const     0x804'1690      0x18  radio_si4463.o [9]
  .rodata                const     0x804'16a8      0x18  radio_si4463.o [9]
  .rodata                const     0x804'16c0      0x18  radio_si4463.o [9]
  .rodata                const     0x804'16d8      0x18  rfm.o [10]
  .rodata                const     0x804'16f0      0x18  rfm.o [10]
  .rodata                const     0x804'1708      0x18  rfm.o [10]
  .rodata                const     0x804'1720      0x18  rfm.o [10]
  .rodata                const     0x804'1738      0x18  rfm.o [10]
  .rodata                const     0x804'1750      0x18  rfm.o [10]
  .rodata                const     0x804'1768      0x18  rfm.o [10]
  .rodata                const     0x804'1780      0x18  RFMProtocol.o [10]
  .rodata                const     0x804'1798      0x18  RFMProtocol.o [10]
  .text                  ro code   0x804'17b0      0x16  xprout.o [12]
  .rodata                const     0x804'17c8      0x14  audio.o [10]
  .rodata                const     0x804'17dc      0x14  audio.o [10]
  .rodata                const     0x804'17f0      0x14  audio.o [10]
  .rodata                const     0x804'1804      0x14  audio.o [10]
  .rodata                const     0x804'1818      0x14  audio.o [10]
  .rodata                const     0x804'182c      0x14  audio.o [10]
  .rodata                const     0x804'1840      0x14  audio.o [10]
  .rodata                const     0x804'1854      0x14  bootloader.o [10]
  .rodata                const     0x804'1868      0x14  cli.o [10]
  .rodata                const     0x804'187c      0x14  cli.o [10]
  .rodata                const     0x804'1890      0x14  cli.o [10]
  .rodata                const     0x804'18a4      0x14  cli.o [10]
  .rodata                const     0x804'18b8      0x14  diag.o [10]
  .rodata                const     0x804'18cc      0x14  diag.o [10]
  .rodata                const     0x804'18e0      0x14  diag.o [10]
  .rodata                const     0x804'18f4      0x14  diag.o [10]
  .rodata                const     0x804'1908      0x14  diag.o [10]
  .rodata                const     0x804'191c      0x14  eeprom.o [10]
  .rodata                const     0x804'1930      0x14  eeprom.o [10]
  .rodata                const     0x804'1944      0x14  eeprom.o [10]
  .rodata                const     0x804'1958      0x14  flash_if.o [10]
  .rodata                const     0x804'196c      0x14  keypad.o [10]
  .rodata                const     0x804'1980      0x14  keypad.o [10]
  .rodata                const     0x804'1994      0x14  menu.o [10]
  .rodata                const     0x804'19a8      0x14  menu.o [10]
  .rodata                const     0x804'19bc      0x14  ProcPkt.o [10]
  .rodata                const     0x804'19d0      0x14  radio_si4463.o [9]
  .rodata                const     0x804'19e4      0x14  radio_si4463.o [9]
  .rodata                const     0x804'19f8      0x14  radio_si4463.o [9]
  .rodata                const     0x804'1a0c      0x14  rfm.o [10]
  .rodata                const     0x804'1a20      0x14  rfm.o [10]
  .rodata                const     0x804'1a34      0x14  rfm.o [10]
  .rodata                const     0x804'1a48      0x14  rfm.o [10]
  .rodata                const     0x804'1a5c      0x14  rfm.o [10]
  .rodata                const     0x804'1a70      0x14  rfm.o [10]
  .rodata                const     0x804'1a84      0x14  rfm.o [10]
  .rodata                const     0x804'1a98      0x14  rfm.o [10]
  .rodata                const     0x804'1aac      0x14  rfm.o [10]
  .rodata                const     0x804'1ac0      0x14  RFMProtocol.o [10]
  .rodata                const     0x804'1ad4      0x14  RFMProtocol.o [10]
  .rodata                const     0x804'1ae8      0x14  RFMProtocol.o [10]
  .rodata                const     0x804'1afc      0x10  Adafruit_SSD1306.o [7]
  .rodata                const     0x804'1b0c      0x10  audio.o [10]
  .rodata                const     0x804'1b1c      0x10  audio.o [10]
  .rodata                const     0x804'1b2c      0x10  audio.o [10]
  .rodata                const     0x804'1b3c      0x10  audio.o [10]
  .rodata                const     0x804'1b4c      0x10  cli.o [10]
  .rodata                const     0x804'1b5c      0x10  diag.o [10]
  .rodata                const     0x804'1b6c      0x10  diag.o [10]
  .rodata                const     0x804'1b7c      0x10  diag.o [10]
  .rodata                const     0x804'1b8c      0x10  diag.o [10]
  .rodata                const     0x804'1b9c      0x10  diag.o [10]
  .rodata                const     0x804'1bac      0x10  keypad.o [10]
  .rodata                const     0x804'1bbc      0x10  keypad.o [10]
  .rodata                const     0x804'1bcc      0x10  keypad.o [10]
  .rodata                const     0x804'1bdc      0x10  menu.o [10]
  .rodata                const     0x804'1bec      0x10  menu.o [10]
  .rodata                const     0x804'1bfc      0x10  menu.o [10]
  .rodata                const     0x804'1c0c      0x10  menu.o [10]
  .rodata                const     0x804'1c1c      0x10  menu.o [10]
  .rodata                const     0x804'1c2c      0x10  menu.o [10]
  .rodata                const     0x804'1c3c      0x10  menu.o [10]
  .rodata                const     0x804'1c4c      0x10  menu.o [10]
  .rodata                const     0x804'1c5c      0x10  menu.o [10]
  .rodata                const     0x804'1c6c      0x10  menu.o [10]
  .rodata                const     0x804'1c7c      0x10  menu.o [10]
  .rodata                const     0x804'1c8c      0x10  menu.o [10]
  .rodata                const     0x804'1c9c      0x10  menu.o [10]
  .rodata                const     0x804'1cac      0x10  menu.o [10]
  .rodata                const     0x804'1cbc      0x10  menu.o [10]
  .rodata                const     0x804'1ccc      0x10  menu.o [10]
  .rodata                const     0x804'1cdc      0x10  menu.o [10]
  .rodata                const     0x804'1cec      0x10  menu.o [10]
  .rodata                const     0x804'1cfc      0x10  menu.o [10]
  .rodata                const     0x804'1d0c      0x10  menu.o [10]
  .rodata                const     0x804'1d1c      0x10  menu.o [10]
  .rodata                const     0x804'1d2c      0x10  menu.o [10]
  .rodata                const     0x804'1d3c      0x10  menu.o [10]
  .rodata                const     0x804'1d4c      0x10  menu.o [10]
  .rodata                const     0x804'1d5c      0x10  menu.o [10]
  .rodata                const     0x804'1d6c      0x10  menu.o [10]
  .rodata                const     0x804'1d7c      0x10  menu.o [10]
  .rodata                const     0x804'1d8c      0x10  menu.o [10]
  .rodata                const     0x804'1d9c      0x10  menu.o [10]
  .rodata                const     0x804'1dac      0x10  menu.o [10]
  .rodata                const     0x804'1dbc      0x10  menu.o [10]
  .rodata                const     0x804'1dcc      0x10  menu.o [10]
  .rodata                const     0x804'1ddc      0x10  menu.o [10]
  .rodata                const     0x804'1dec      0x10  menu.o [10]
  .rodata                const     0x804'1dfc      0x10  menu.o [10]
  .rodata                const     0x804'1e0c      0x10  menu.o [10]
  .rodata                const     0x804'1e1c      0x10  menu.o [10]
  .rodata                const     0x804'1e2c      0x10  menu.o [10]
  .rodata                const     0x804'1e3c      0x10  menu.o [10]
  .rodata                const     0x804'1e4c      0x10  menu.o [10]
  .rodata                const     0x804'1e5c      0x10  menu.o [10]
  .rodata                const     0x804'1e6c      0x10  menu.o [10]
  .rodata                const     0x804'1e7c      0x10  menu.o [10]
  .rodata                const     0x804'1e8c      0x10  radio_si4463.o [9]
  .rodata                const     0x804'1e9c      0x10  rfm.o [10]
  .rodata                const     0x804'1eac      0x10  rfm.o [10]
  .rodata                const     0x804'1ebc      0x10  rfm.o [10]
  .rodata                const     0x804'1ecc      0x10  rfm.o [10]
  .rodata                const     0x804'1edc      0x10  rfm.o [10]
  .rodata                const     0x804'1eec      0x10  rfm.o [10]
  .rodata                const     0x804'1efc      0x10  rfm.o [10]
  .rodata                const     0x804'1f0c      0x10  rfm.o [10]
  .rodata                const     0x804'1f1c      0x10  RFMProtocol.o [10]
  .rodata                const     0x804'1f2c      0x10  RFMProtocol.o [10]
  .rodata                const     0x804'1f3c      0x10  RFMProtocol.o [10]
  .rodata                const     0x804'1f4c      0x10  RFMProtocol.o [10]
  .rodata                const     0x804'1f5c      0x10  RFMProtocol.o [10]
  .rodata                const     0x804'1f6c      0x10  RFMProtocol.o [10]
  .rodata                const     0x804'1f7c      0x10  RFMProtocol.o [10]
  .rodata                const     0x804'1f8c      0x10  RFMProtocol.o [10]
  .rodata                const     0x804'1f9c      0x10  RFMProtocol.o [10]
  .rodata                const     0x804'1fac      0x10  system_stm32f4xx.o [5]
  .rodata                const     0x804'1fbc      0x10  upgrade.o [10]
  .rodata                const     0x804'1fcc      0x10  upgrade.o [10]
  .rodata                const     0x804'1fdc      0x10  upgrade.o [10]
  .text                  ro code   0x804'1fec      0x10  startup_stm32f407xx.o [1]
  .rodata                const     0x804'1ffc       0xc  audio.o [10]
  .rodata                const     0x804'2008       0xc  audio.o [10]
  .rodata                const     0x804'2014       0xc  audio.o [10]
  .rodata                const     0x804'2020       0xc  cli.o [10]
  .rodata                const     0x804'202c       0xc  cli.o [10]
  .rodata                const     0x804'2038       0xc  cli.o [10]
  .rodata                const     0x804'2044       0xc  eeprom.o [10]
  .rodata                const     0x804'2050       0xc  keypad.o [10]
  .rodata                const     0x804'205c       0xc  keypad.o [10]
  .rodata                const     0x804'2068       0xc  menu.o [10]
  .rodata                const     0x804'2074       0xc  menu.o [10]
  .rodata                const     0x804'2080       0xc  menu.o [10]
  .rodata                const     0x804'208c       0xc  menu.o [10]
  .rodata                const     0x804'2098       0xc  menu.o [10]
  .rodata                const     0x804'20a4       0xc  menu.o [10]
  .rodata                const     0x804'20b0       0xc  menu.o [10]
  .rodata                const     0x804'20bc       0xc  menu.o [10]
  .rodata                const     0x804'20c8       0xc  menu.o [10]
  .rodata                const     0x804'20d4       0xc  menu.o [10]
  .rodata                const     0x804'20e0       0xc  menu.o [10]
  .rodata                const     0x804'20ec       0xc  menu.o [10]
  .rodata                const     0x804'20f8       0xc  menu.o [10]
  .rodata                const     0x804'2104       0xc  menu.o [10]
  .rodata                const     0x804'2110       0xc  menu.o [10]
  .rodata                const     0x804'211c       0xc  menu.o [10]
  .rodata                const     0x804'2128       0xc  menu.o [10]
  .rodata                const     0x804'2134       0xc  menu.o [10]
  .rodata                const     0x804'2140       0xc  menu.o [10]
  .rodata                const     0x804'214c       0xc  menu.o [10]
  .rodata                const     0x804'2158       0xc  menu.o [10]
  .rodata                const     0x804'2164       0xc  menu.o [10]
  .rodata                const     0x804'2170       0xc  menu.o [10]
  .rodata                const     0x804'217c       0xc  menu.o [10]
  .rodata                const     0x804'2188       0xc  menu.o [10]
  .rodata                const     0x804'2194       0xc  menu.o [10]
  .rodata                const     0x804'21a0       0xc  menu.o [10]
  .rodata                const     0x804'21ac       0xc  menu.o [10]
  .rodata                const     0x804'21b8       0xc  menu.o [10]
  .rodata                const     0x804'21c4       0xc  menu.o [10]
  .rodata                const     0x804'21d0       0xc  menu.o [10]
  .rodata                const     0x804'21dc       0xc  menu.o [10]
  .rodata                const     0x804'21e8       0xc  menu.o [10]
  .rodata                const     0x804'21f4       0xc  menu.o [10]
  .rodata                const     0x804'2200       0xc  menu.o [10]
  .rodata                const     0x804'220c       0xc  menu.o [10]
  .rodata                const     0x804'2218       0xc  menu.o [10]
  .rodata                const     0x804'2224       0xc  menu.o [10]
  .rodata                const     0x804'2230       0xc  menu.o [10]
  .rodata                const     0x804'223c       0xc  menu.o [10]
  .rodata                const     0x804'2248       0xc  menu.o [10]
  .rodata                const     0x804'2254       0xc  menu.o [10]
  .rodata                const     0x804'2260       0xc  menu.o [10]
  .rodata                const     0x804'226c       0xc  menu.o [10]
  .rodata                const     0x804'2278       0xc  ProcPkt.o [10]
  .rodata                const     0x804'2284       0xc  radio_si4463.o [9]
  .rodata                const     0x804'2290       0xc  radio_si4463.o [9]
  .rodata                const     0x804'229c       0xc  radio_si4463.o [9]
  .rodata                const     0x804'22a8       0xc  radio_si4463.o [9]
  .rodata                const     0x804'22b4       0xc  radio_si4463.o [9]
  .rodata                const     0x804'22c0       0xc  radio_si4463.o [9]
  .rodata                const     0x804'22cc       0xc  radio_si4463.o [9]
  .rodata                const     0x804'22d8       0xc  rfm.o [10]
  .rodata                const     0x804'22e4       0xc  rfm.o [10]
  .rodata                const     0x804'22f0       0xc  rfm.o [10]
  .rodata                const     0x804'22fc       0xc  rfm.o [10]
  .rodata                const     0x804'2308       0xc  rfm.o [10]
  .rodata                const     0x804'2314       0xc  rfm.o [10]
  .rodata                const     0x804'2320       0xc  rfm.o [10]
  .rodata                const     0x804'232c       0xc  rfm.o [10]
  .rodata                const     0x804'2338       0xc  rfm.o [10]
  .rodata                const     0x804'2344       0xc  rfm.o [10]
  .rodata                const     0x804'2350       0xc  rfm.o [10]
  .rodata                const     0x804'235c       0xc  rfm.o [10]
  .rodata                const     0x804'2368       0xc  rfm.o [10]
  .rodata                const     0x804'2374       0xc  rfm.o [10]
  .rodata                const     0x804'2380       0xc  rfm.o [10]
  .rodata                const     0x804'238c       0xc  rfm.o [10]
  .rodata                const     0x804'2398       0xc  RFMProtocol.o [10]
  .rodata                const     0x804'23a4       0xc  RFMProtocol.o [10]
  .rodata                const     0x804'23b0       0xc  RFMProtocol.o [10]
  .rodata                const     0x804'23bc       0xc  RFMProtocol.o [10]
  .rodata                const     0x804'23c8       0xc  RFMProtocol.o [10]
  .rodata                const     0x804'23d4       0xc  RFMProtocol.o [10]
  .rodata                const     0x804'23e0       0xc  RFMProtocol.o [10]
  .rodata                const     0x804'23ec       0xc  RFMProtocol.o [10]
  .rodata                const     0x804'23f8       0xc  RFMProtocol.o [10]
  .rodata                const     0x804'2404       0xc  RFMProtocol.o [10]
  .rodata                const     0x804'2410       0xc  RFMProtocol.o [10]
  .rodata                const     0x804'241c       0xc  RFMProtocol.o [10]
  .rodata                const     0x804'2428       0xc  RFMProtocol.o [10]
  .rodata                const     0x804'2434       0xc  upgrade.o [10]
  .rodata                const     0x804'2440       0x8  audio.o [10]
  .rodata                const     0x804'2448       0x8  audio.o [10]
  .rodata                const     0x804'2450       0x8  audio.o [10]
  .rodata                const     0x804'2458       0x8  audio.o [10]
  .rodata                const     0x804'2460       0x8  audio.o [10]
  .rodata                const     0x804'2468       0x8  audio.o [10]
  .rodata                const     0x804'2470       0x8  cli.o [10]
  .rodata                const     0x804'2478       0x8  cli.o [10]
  .rodata                const     0x804'2480       0x8  cli.o [10]
  .rodata                const     0x804'2488       0x8  cli.o [10]
  .rodata                const     0x804'2490       0x8  cli.o [10]
  .rodata                const     0x804'2498       0x8  cli.o [10]
  .rodata                const     0x804'24a0       0x8  cli.o [10]
  .rodata                const     0x804'24a8       0x8  cli.o [10]
  .rodata                const     0x804'24b0       0x8  cli.o [10]
  .rodata                const     0x804'24b8       0x8  cli.o [10]
  .rodata                const     0x804'24c0       0x8  cli.o [10]
  .rodata                const     0x804'24c8       0x8  cli.o [10]
  .rodata                const     0x804'24d0       0x8  cli.o [10]
  .rodata                const     0x804'24d8       0x8  cli.o [10]
  .rodata                const     0x804'24e0       0x8  cli.o [10]
  .rodata                const     0x804'24e8       0x8  cli.o [10]
  .rodata                const     0x804'24f0       0x8  cli.o [10]
  .rodata                const     0x804'24f8       0x8  cli.o [10]
  .rodata                const     0x804'2500       0x8  cli.o [10]
  .rodata                const     0x804'2508       0x8  diag.o [10]
  .rodata                const     0x804'2510       0x8  diag.o [10]
  .rodata                const     0x804'2518       0x8  diag.o [10]
  .rodata                const     0x804'2520       0x8  eeprom.o [10]
  .rodata                const     0x804'2528       0x8  eeprom.o [10]
  .rodata                const     0x804'2530       0x8  flash_if.o [10]
  .rodata                const     0x804'2538       0x8  keypad.o [10]
  .rodata                const     0x804'2540       0x8  keypad.o [10]
  .rodata                const     0x804'2548       0x8  keypad.o [10]
  .rodata                const     0x804'2550       0x8  keypad.o [10]
  .rodata                const     0x804'2558       0x8  keypad.o [10]
  .rodata                const     0x804'2560       0x8  keypad.o [10]
  .rodata                const     0x804'2568       0x8  keypad.o [10]
  .rodata                const     0x804'2570       0x8  menu.o [10]
  .rodata                const     0x804'2578       0x8  radio_si4463.o [9]
  .rodata                const     0x804'2580       0x8  radio_si4463.o [9]
  .rodata                const     0x804'2588       0x8  radio_si4463.o [9]
  .rodata                const     0x804'2590       0x8  rfm.o [10]
  .rodata                const     0x804'2598       0x8  rfm.o [10]
  .rodata                const     0x804'25a0       0x8  rfm.o [10]
  .rodata                const     0x804'25a8       0x8  rfm.o [10]
  .rodata                const     0x804'25b0       0x8  rfm.o [10]
  .rodata                const     0x804'25b8       0x8  rfm.o [10]
  .rodata                const     0x804'25c0       0x8  rfm.o [10]
  .rodata                const     0x804'25c8       0x8  rfm.o [10]
  .rodata                const     0x804'25d0       0x8  rfm.o [10]
  .rodata                const     0x804'25d8       0x8  rfm.o [10]
  .rodata                const     0x804'25e0       0x8  rfm.o [10]
  .rodata                const     0x804'25e8       0x8  rfm.o [10]
  .rodata                const     0x804'25f0       0x8  rfm.o [10]
  .rodata                const     0x804'25f8       0x8  RFMProtocol.o [10]
  .rodata                const     0x804'2600       0x8  RFMProtocol.o [10]
  .rodata                const     0x804'2608       0x8  RFMProtocol.o [10]
  .rodata                const     0x804'2610       0x8  RFMProtocol.o [10]
  .rodata                const     0x804'2618       0x8  RFMProtocol.o [10]
  .rodata                const     0x804'2620       0x8  RFMProtocol.o [10]
  .rodata                const     0x804'2628       0x8  RFMProtocol.o [10]
  .rodata                const     0x804'2630       0x8  RFMProtocol.o [10]
  .rodata                const     0x804'2638       0x8  RFMProtocol.o [10]
  .rodata                const     0x804'2640       0x8  si4463.o [9]
  .rodata                const     0x804'2648       0x8  si4463.o [9]
  .rodata                const     0x804'2650       0x8  stm32f4xx_hal_dma.o [6]
  .rodata                const     0x804'2658       0x8  system_stm32f4xx.o [5]
  .rodata                const     0x804'2660       0x8  upgrade.o [10]
  .rodata                const     0x804'2668       0x4  cli.o [10]
  .rodata                const     0x804'266c       0x4  cli.o [10]
  .rodata                const     0x804'2670       0x4  cli.o [10]
  .rodata                const     0x804'2674       0x4  cli.o [10]
  .rodata                const     0x804'2678       0x4  cli.o [10]
  .rodata                const     0x804'267c       0x4  cli.o [10]
  .rodata                const     0x804'2680       0x4  cli.o [10]
  .rodata                const     0x804'2684       0x4  cli.o [10]
  .rodata                const     0x804'2688       0x4  si4463.o [9]
  .rodata                const     0x804'268c       0x4  si4463.o [9]
  .text                  ro code   0x804'2690       0x4  startup_stm32f407xx.o [1]
  .text                  ro code   0x804'2694       0x4  startup_stm32f407xx.o [1]
  .text                  ro code   0x804'2698       0x4  startup_stm32f407xx.o [1]
  .text                  ro code   0x804'269c       0x4  startup_stm32f407xx.o [1]
  .text                  ro code   0x804'26a0       0x4  startup_stm32f407xx.o [1]
  .text                  ro code   0x804'26a4       0x4  startup_stm32f407xx.o [1]
  .text                  ro code   0x804'26a8       0x4  startup_stm32f407xx.o [1]
  .text                  ro code   0x804'26ac       0x4  startup_stm32f407xx.o [1]
  .text                  ro code   0x804'26b0       0x4  startup_stm32f407xx.o [1]
  .text                  ro code   0x804'26b4       0x4  startup_stm32f407xx.o [1]
  .text                  ro code   0x804'26b8       0x4  startup_stm32f407xx.o [1]
  .text                  ro code   0x804'26bc       0x4  startup_stm32f407xx.o [1]
  .text                  ro code   0x804'26c0       0x4  startup_stm32f407xx.o [1]
  .text                  ro code   0x804'26c4       0x4  startup_stm32f407xx.o [1]
  .text                  ro code   0x804'26c8       0x4  startup_stm32f407xx.o [1]
  .text                  ro code   0x804'26cc       0x4  startup_stm32f407xx.o [1]
  .text                  ro code   0x804'26d0       0x4  startup_stm32f407xx.o [1]
  .text                  ro code   0x804'26d4       0x4  startup_stm32f407xx.o [1]
  .text                  ro code   0x804'26d8       0x4  startup_stm32f407xx.o [1]
  .text                  ro code   0x804'26dc       0x4  startup_stm32f407xx.o [1]
  .text                  ro code   0x804'26e0       0x4  startup_stm32f407xx.o [1]
  .text                  ro code   0x804'26e4       0x4  startup_stm32f407xx.o [1]
  .text                  ro code   0x804'26e8       0x4  startup_stm32f407xx.o [1]
  .text                  ro code   0x804'26ec       0x4  startup_stm32f407xx.o [1]
  .text                  ro code   0x804'26f0       0x4  startup_stm32f407xx.o [1]
  .text                  ro code   0x804'26f4       0x4  startup_stm32f407xx.o [1]
  .text                  ro code   0x804'26f8       0x4  startup_stm32f407xx.o [1]
  .text                  ro code   0x804'26fc       0x4  startup_stm32f407xx.o [1]
  .text                  ro code   0x804'2700       0x4  startup_stm32f407xx.o [1]
  .text                  ro code   0x804'2704       0x4  startup_stm32f407xx.o [1]
  .text                  ro code   0x804'2708       0x4  startup_stm32f407xx.o [1]
  .text                  ro code   0x804'270c       0x4  startup_stm32f407xx.o [1]
  .text                  ro code   0x804'2710       0x4  startup_stm32f407xx.o [1]
  .text                  ro code   0x804'2714       0x4  startup_stm32f407xx.o [1]
  .text                  ro code   0x804'2718       0x4  startup_stm32f407xx.o [1]
  .text                  ro code   0x804'271c       0x4  startup_stm32f407xx.o [1]
  .text                  ro code   0x804'2720       0x4  startup_stm32f407xx.o [1]
  .text                  ro code   0x804'2724       0x4  startup_stm32f407xx.o [1]
  .text                  ro code   0x804'2728       0x4  startup_stm32f407xx.o [1]
  .text                  ro code   0x804'272c       0x4  startup_stm32f407xx.o [1]
  .text                  ro code   0x804'2730       0x4  startup_stm32f407xx.o [1]
  .text                  ro code   0x804'2734       0x4  startup_stm32f407xx.o [1]
  .text                  ro code   0x804'2738       0x4  startup_stm32f407xx.o [1]
  .text                  ro code   0x804'273c       0x4  startup_stm32f407xx.o [1]
  .text                  ro code   0x804'2740       0x4  startup_stm32f407xx.o [1]
  .text                  ro code   0x804'2744       0x4  startup_stm32f407xx.o [1]
  .text                  ro code   0x804'2748       0x4  startup_stm32f407xx.o [1]
  .text                  ro code   0x804'274c       0x4  startup_stm32f407xx.o [1]
  .text                  ro code   0x804'2750       0x4  startup_stm32f407xx.o [1]
  .text                  ro code   0x804'2754       0x4  startup_stm32f407xx.o [1]
  .text                  ro code   0x804'2758       0x4  startup_stm32f407xx.o [1]
  .text                  ro code   0x804'275c       0x4  startup_stm32f407xx.o [1]
  .text                  ro code   0x804'2760       0x4  startup_stm32f407xx.o [1]
  .text                  ro code   0x804'2764       0x4  startup_stm32f407xx.o [1]
  .text                  ro code   0x804'2768       0x4  startup_stm32f407xx.o [1]
  .text                  ro code   0x804'276c       0x4  startup_stm32f407xx.o [1]
  .text                  ro code   0x804'2770       0x4  startup_stm32f407xx.o [1]
  .text                  ro code   0x804'2774       0x4  startup_stm32f407xx.o [1]
  .text                  ro code   0x804'2778       0x4  startup_stm32f407xx.o [1]
  .text                  ro code   0x804'277c       0x4  startup_stm32f407xx.o [1]
  .text                  ro code   0x804'2780       0x4  startup_stm32f407xx.o [1]
  .text                  ro code   0x804'2784       0x4  startup_stm32f407xx.o [1]
  .text                  ro code   0x804'2788       0x4  startup_stm32f407xx.o [1]
  .text                  ro code   0x804'278c       0x4  startup_stm32f407xx.o [1]
  .text                  ro code   0x804'2790       0x4  startup_stm32f407xx.o [1]
  .text                  ro code   0x804'2794       0x4  startup_stm32f407xx.o [1]
  .text                  ro code   0x804'2798       0x4  startup_stm32f407xx.o [1]
  .text                  ro code   0x804'279c       0x4  startup_stm32f407xx.o [1]
  .text                  ro code   0x804'27a0       0x4  startup_stm32f407xx.o [1]
  .text                  ro code   0x804'27a4       0x4  startup_stm32f407xx.o [1]
  .text                  ro code   0x804'27a8       0x4  startup_stm32f407xx.o [1]
  .text                  ro code   0x804'27ac       0x4  startup_stm32f407xx.o [1]
  SHT$$PREINIT_ARRAY               0x804'27b0       0x0  <Block>
  SHT$$INIT_ARRAY                  0x804'27b0       0x4  <Block>
    .init_array          const     0x804'27b0       0x4  Adafruit_SSD1306.o [7]
  __iar_tls$$INIT_ARRAY            0x804'27b4       0x0  <Block>
  .text                  ro code   0x804'27b4       0x0  cstart_closeall.o [15]
  .rodata                const     0x804'27b4       0x0  zero_init3.o [15]
  .rodata                const     0x804'27b4       0x0  lz77_init_single.o [15]
  Initializer bytes      const     0x804'27b4     0x525  <for P2-1>
                                 - 0x804'2cd9  0x2'2b51

"P2", part 1 of 3:                                0xc89
  P2-1                            0x2000'0000     0xc89  <Init block>
    .data                inited   0x2000'0000      0x84  Adafruit_SSD1306.o [7]
    .data                inited   0x2000'0084     0x200  Adafruit_SSD1306.o [7]
    .data                inited   0x2000'0284     0x200  Adafruit_SSD1306.o [7]
    .data                inited   0x2000'0484       0x8  Adafruit_SSD1306.o [7]
    .data                inited   0x2000'048c       0x8  Adafruit_SSD1306.o [7]
    .data                inited   0x2000'0494       0x4  adc.o [10]
    .data                inited   0x2000'0498     0x140  audio.o [10]
    .data                inited   0x2000'05d8       0x4  cli.o [10]
    .data                inited   0x2000'05dc     0x180  cli.o [10]
    .data                inited   0x2000'075c       0x4  cli.o [10]
    .data                inited   0x2000'0760       0x4  cli.o [10]
    .data                inited   0x2000'0764       0x8  menu.o [10]
    .data                inited   0x2000'076c       0xc  menu.o [10]
    .data                inited   0x2000'0778     0x140  menu.o [10]
    .data                inited   0x2000'08b8      0x40  menu.o [10]
    .data                inited   0x2000'08f8       0xc  menu.o [10]
    .data                inited   0x2000'0904      0x50  menu.o [10]
    .data                inited   0x2000'0954       0xc  menu.o [10]
    .data                inited   0x2000'0960       0x8  menu.o [10]
    .data                inited   0x2000'0968       0xc  menu.o [10]
    .data                inited   0x2000'0974      0x18  menu.o [10]
    .data                inited   0x2000'098c       0xc  menu.o [10]
    .data                inited   0x2000'0998       0xc  menu.o [10]
    .data                inited   0x2000'09a4       0xc  menu.o [10]
    .data                inited   0x2000'09b0       0xc  menu.o [10]
    .data                inited   0x2000'09bc       0xc  menu.o [10]
    .data                inited   0x2000'09c8      0x28  menu.o [10]
    .data                inited   0x2000'09f0       0xc  menu.o [10]
    .data                inited   0x2000'09fc      0x10  menu.o [10]
    .data                inited   0x2000'0a0c       0xc  menu.o [10]
    .data                inited   0x2000'0a18      0x20  menu.o [10]
    .data                inited   0x2000'0a38       0xc  menu.o [10]
    .data                inited   0x2000'0a44      0x10  menu.o [10]
    .data                inited   0x2000'0a54       0xc  menu.o [10]
    .data                inited   0x2000'0a60       0x8  menu.o [10]
    .data                inited   0x2000'0a68       0xc  menu.o [10]
    .data                inited   0x2000'0a74      0x24  menu.o [10]
    .data                inited   0x2000'0a98       0xc  menu.o [10]
    .data                inited   0x2000'0aa4      0x4c  radio.o [8]
    .data                inited   0x2000'0af0       0x4  radio.o [8]
    .data                inited   0x2000'0af4       0x4  stm32f4xx_hal.o [6]
    .data                inited   0x2000'0af8       0x4  system_stm32f4xx.o [5]
    .data                inited   0x2000'0afc       0x8  rand.o [12]
    .data                inited   0x2000'0b04      0x48  xfiles.o [12]
    .data                inited   0x2000'0b4c      0x48  xfiles.o [12]
    .data                inited   0x2000'0b94      0x48  xfiles.o [12]
    .data                inited   0x2000'0bdc      0x20  xfiles.o [12]
    .data                inited   0x2000'0bfc      0x38  xlocale_c.o [12]
    .data                inited   0x2000'0c34      0x48  xlocale_c.o [12]
    .data                inited   0x2000'0c7c       0x8  XShttio.o [12]
    .data                inited   0x2000'0c84       0x1  rfm.o [10]
    .data                inited   0x2000'0c85       0x1  rfm.o [10]
    .data                inited   0x2000'0c86       0x1  rfm.o [10]
    .data                inited   0x2000'0c87       0x1  rfm.o [10]
    .data                inited   0x2000'0c88       0x1  stm32f4xx_hal.o [6]
                                - 0x2000'0c89     0xc89

"P2", part 2 of 3:                               0x22ac
  .bss                   zero     0x2000'0c8c     0x408  usbd_conf.o [4]
  .bss                   zero     0x2000'1094     0x400  RFMProtocol.o [10]
  .bss                   zero     0x2000'1494     0x280  audio.o [10]
  .bss                   zero     0x2000'1714     0x200  audio.o [10]
  .bss                   zero     0x2000'1914     0x1e0  audio.o [10]
  .bss                   zero     0x2000'1af4     0x1e0  audio.o [10]
  .bss                   zero     0x2000'1cd4     0x1e0  rfm.o [10]
  .bss                   zero     0x2000'1eb4     0x1e0  rfm.o [10]
  .bss                   zero     0x2000'2094     0x160  rfm.o [10]
  .bss                   zero     0x2000'21f4     0x140  audio.o [10]
  .bss                   zero     0x2000'2334     0x104  serial.o [10]
  .bss                   zero     0x2000'2438     0x104  serial.o [10]
  .bss                   zero     0x2000'253c      0x84  rand.o [12]
  .bss                   zero     0x2000'25c0      0x80  radio.o [8]
  .bss                   zero     0x2000'2640      0x80  XShHandles.o [12]
  .bss                   zero     0x2000'26c0      0x78  audio.o [10]
  .bss                   zero     0x2000'2738      0x78  audio.o [10]
  .bss                   zero     0x2000'27b0      0x60  main.o [2]
  .bss                   zero     0x2000'2810      0x60  main.o [2]
  .bss                   zero     0x2000'2870      0x60  main.o [2]
  .bss                   zero     0x2000'28d0      0x60  main.o [2]
  .bss                   zero     0x2000'2930      0x58  main.o [2]
  .bss                   zero     0x2000'2988      0x58  main.o [2]
  .bss                   zero     0x2000'29e0      0x54  main.o [2]
  .bss                   zero     0x2000'2a34      0x54  main.o [2]
  .bss                   zero     0x2000'2a88      0x50  xfiles.o [12]
  .bss                   zero     0x2000'2ad8      0x50  xfiles.o [12]
  .bss                   zero     0x2000'2b28      0x48  main.o [2]
  .bss                   zero     0x2000'2b70      0x48  main.o [2]
  .bss                   zero     0x2000'2bb8      0x40  cli.o [10]
  .bss                   zero     0x2000'2bf8      0x40  cli.o [10]
  .bss                   zero     0x2000'2c38      0x40  main.o [2]
  .bss                   zero     0x2000'2c78      0x40  main.o [2]
  .bss                   zero     0x2000'2cb8      0x40  main.o [2]
  .bss                   zero     0x2000'2cf8      0x40  main.o [2]
  .bss                   zero     0x2000'2d38      0x40  radio_si4463.o [9]
  .bss                   zero     0x2000'2d78      0x40  radio_si4463.o [9]
  .bss                   zero     0x2000'2db8      0x34  radio_si4463.o [9]
  .bss                   zero     0x2000'2dec      0x20  Adafruit_SSD1306.o [7]
  .bss                   zero     0x2000'2e0c      0x20  stm32f4xx_hal_flash.o [6]
  .bss                   zero     0x2000'2e2c      0x14  si446x_api_lib.o [9]
  .bss                   zero     0x2000'2e40      0x10  si446x_api_lib.o [9]
  .bss                   zero     0x2000'2e50       0xc  audio.o [10]
  .bss                   zero     0x2000'2e5c       0xc  audio.o [10]
  .bss                   zero     0x2000'2e68       0xc  keypad.o [10]
  .bss                   zero     0x2000'2e74       0xc  main.o [2]
  .bss                   zero     0x2000'2e80       0x8  serial.o [10]
  .bss                   zero     0x2000'2e88       0x8  serial.o [10]
  .bss                   zero     0x2000'2e90       0x8  heap0.o [12]
  .bss                   zero     0x2000'2e98       0x4  Adafruit_SSD1306.o [7]
  .bss                   zero     0x2000'2e9c       0x4  adc.o [10]
  .bss                   zero     0x2000'2ea0       0x4  audio.o [10]
  .bss                   zero     0x2000'2ea4       0x4  diag.o [10]
  .bss                   zero     0x2000'2ea8       0x4  diag.o [10]
  .bss                   zero     0x2000'2eac       0x4  keypad.o [10]
  .bss                   zero     0x2000'2eb0       0x4  keypad.o [10]
  .bss                   zero     0x2000'2eb4       0x4  main.o [2]
  .bss                   zero     0x2000'2eb8       0x4  menu.o [10]
  .bss                   zero     0x2000'2ebc       0x4  ProcPkt.o [10]
  .bss                   zero     0x2000'2ec0       0x4  ProcPkt.o [10]
  .bss                   zero     0x2000'2ec4       0x4  ProcPkt.o [10]
  .bss                   zero     0x2000'2ec8       0x4  radio.o [8]
  .bss                   zero     0x2000'2ecc       0x4  radio.o [8]
  .bss                   zero     0x2000'2ed0       0x4  radio_si4463.o [9]
  .bss                   zero     0x2000'2ed4       0x4  radio_si4463.o [9]
  .bss                   zero     0x2000'2ed8       0x4  radio_si4463.o [9]
  .bss                   zero     0x2000'2edc       0x4  radio_si4463.o [9]
  .bss                   zero     0x2000'2ee0       0x4  radio_si4463.o [9]
  .bss                   zero     0x2000'2ee4       0x4  RFMProtocol.o [10]
  .bss                   zero     0x2000'2ee8       0x4  serial.o [10]
  .bss                   zero     0x2000'2eec       0x4  serial.o [10]
  .bss                   zero     0x2000'2ef0       0x4  stm32f4xx_hal.o [6]
  .bss                   zero     0x2000'2ef4       0x4  xfail_s.o [12]
  .bss                   zero     0x2000'2ef8       0x4  xgetmemchunk.o [12]
  .bss                   zero     0x2000'2efc       0x2  Adafruit_SSD1306.o [7]
  .bss                   zero     0x2000'2efe       0x2  adc.o [10]
  .bss                   zero     0x2000'2f00       0x2  ProcPkt.o [10]
  .bss                   zero     0x2000'2f02       0x2  ProcPkt.o [10]
  .bss                   zero     0x2000'2f04       0x2  rfm.o [10]
  .bss                   zero     0x2000'2f06       0x2  upgrade.o [10]
  .bss                   zero     0x2000'2f08       0x1  audio.o [10]
  .bss                   zero     0x2000'2f09       0x1  cli.o [10]
  .bss                   zero     0x2000'2f0a       0x1  keypad.o [10]
  .bss                   zero     0x2000'2f0b       0x1  keypad.o [10]
  .bss                   zero     0x2000'2f0c       0x1  keypad.o [10]
  .bss                   zero     0x2000'2f0d       0x1  main.o [2]
  .bss                   zero     0x2000'2f0e       0x1  menu.o [10]
  .bss                   zero     0x2000'2f0f       0x1  menu.o [10]
  .bss                   zero     0x2000'2f10       0x1  menu.o [10]
  .bss                   zero     0x2000'2f11       0x1  PHan_Lib.o [7]
  .bss                   zero     0x2000'2f12       0x1  PHan_Lib.o [7]
  .bss                   zero     0x2000'2f13       0x1  PHan_Lib.o [7]
  .bss                   zero     0x2000'2f14       0x1  PHan_Lib.o [7]
  .bss                   zero     0x2000'2f15       0x1  PHan_Lib.o [7]
  .bss                   zero     0x2000'2f16       0x1  PHan_Lib.o [7]
  .bss                   zero     0x2000'2f17       0x1  PHan_Lib.o [7]
  .bss                   zero     0x2000'2f18       0x1  PHan_Lib.o [7]
  .bss                   zero     0x2000'2f19       0x1  PHan_Lib.o [7]
  .bss                   zero     0x2000'2f1a       0x1  ProcPkt.o [10]
  .bss                   zero     0x2000'2f1b       0x1  ProcPkt.o [10]
  .bss                   zero     0x2000'2f1c       0x1  ProcPkt.o [10]
  .bss                   zero     0x2000'2f1d       0x1  ProcPkt.o [10]
  .bss                   zero     0x2000'2f1e       0x1  ProcPkt.o [10]
  .bss                   zero     0x2000'2f1f       0x1  ProcPkt.o [10]
  .bss                   zero     0x2000'2f20       0x1  ProcPkt.o [10]
  .bss                   zero     0x2000'2f21       0x1  ProcPkt.o [10]
  .bss                   zero     0x2000'2f22       0x1  ProcPkt.o [10]
  .bss                   zero     0x2000'2f23       0x1  ProcPkt.o [10]
  .bss                   zero     0x2000'2f24       0x1  radio_comm.o [8]
  .bss                   zero     0x2000'2f25       0x1  radio_si4463.o [9]
  .bss                   zero     0x2000'2f26       0x1  rfm.o [10]
  .bss                   zero     0x2000'2f27       0x1  rfm.o [10]
  .bss                   zero     0x2000'2f28       0x1  rfm.o [10]
  .bss                   zero     0x2000'2f29       0x1  rfm.o [10]
  .bss                   zero     0x2000'2f2a       0x1  rfm.o [10]
  .bss                   zero     0x2000'2f2b       0x1  rfm.o [10]
  .bss                   zero     0x2000'2f2c       0x1  rfm.o [10]
  .bss                   zero     0x2000'2f2d       0x1  rfm.o [10]
  .bss                   zero     0x2000'2f2e       0x1  rfm.o [10]
  .bss                   zero     0x2000'2f2f       0x1  rfm.o [10]
  .bss                   zero     0x2000'2f30       0x1  rfm.o [10]
  .bss                   zero     0x2000'2f31       0x1  rfm.o [10]
  .bss                   zero     0x2000'2f32       0x1  rfm.o [10]
  .bss                   zero     0x2000'2f33       0x1  rfm.o [10]
  .bss                   zero     0x2000'2f34       0x1  rfm.o [10]
  .bss                   zero     0x2000'2f35       0x1  rfm.o [10]
  .bss                   zero     0x2000'2f36       0x1  rfm.o [10]
  .bss                   zero     0x2000'2f37       0x1  usbd_ctlreq.o [11]
                                - 0x2000'2f38    0x22ac

"P2", part 3 of 3:                               0x2400
  CSTACK                          0x2000'2f38    0x2000  <Block>
    CSTACK               uninit   0x2000'2f38    0x2000  <Block tail>
  HEAP                            0x2000'4f38     0x400  <Block>
    HEAP                 uninit   0x2000'4f38     0x400  <Block tail>
                                - 0x2000'5338    0x2400

Unused ranges:

         From           To      Size
         ----           --      ----
   0x804'2cd9   0x80f'ffff  0xb'd327
  0x2000'0c89  0x2000'0c8b       0x3
  0x2000'5338  0x2001'ffff  0x1'acc8


*******************************************************************************
*** INIT TABLE
***

          Address      Size
          -------      ----
Zero (__iar_zero_init3)
    1 destination range, total size 0x22ac:
          0x2000'0c8c  0x22ac

Copy/lz77 (__iar_lz77_init_single3)
    1 source range, total size 0x525 (41% of destination):
           0x804'27b4   0x525
    1 destination range, total size 0xc89:
          0x2000'0000   0xc89

Extra (__iar_cstart_call_ctors)



*******************************************************************************
*** MODULE SUMMARY
***

    Module                    ro code  ro data  rw data
    ------                    -------  -------  -------
command line/config:
    ---------------------------------------------------
    Total:

C:\D\Git_Hub\STM_IAR_SIL_Change\EWARM\RFM\Obj\Application\EWARM: [1]
    startup_stm32f407xx.o         696
    ---------------------------------------------------
    Total:                        696

C:\D\Git_Hub\STM_IAR_SIL_Change\EWARM\RFM\Obj\Application\User\Core: [2]
    main.o                      1'854             1'145
    stm32f4xx_hal_msp.o         1'692
    stm32f4xx_it.o                148
    ---------------------------------------------------
    Total:                      3'694             1'145

C:\D\Git_Hub\STM_IAR_SIL_Change\EWARM\RFM\Obj\Application\User\USB_DEVICE\App: [3]
    ---------------------------------------------------
    Total:

C:\D\Git_Hub\STM_IAR_SIL_Change\EWARM\RFM\Obj\Application\User\USB_DEVICE\Target: [4]
    usbd_conf.o                   678             1'032
    ---------------------------------------------------
    Total:                        678             1'032

C:\D\Git_Hub\STM_IAR_SIL_Change\EWARM\RFM\Obj\Drivers\CMSIS: [5]
    system_stm32f4xx.o             32       26        4
    ---------------------------------------------------
    Total:                         32       26        4

C:\D\Git_Hub\STM_IAR_SIL_Change\EWARM\RFM\Obj\Drivers\STM32F4xx_HAL_Driver: [6]
    stm32f4xx_hal.o               196        3        9
    stm32f4xx_hal_adc.o         1'328
    stm32f4xx_hal_cortex.o        400
    stm32f4xx_hal_dma.o         1'192        8
    stm32f4xx_hal_flash.o         516                32
    stm32f4xx_hal_flash_ex.o      400
    stm32f4xx_hal_gpio.o          676
    stm32f4xx_hal_i2c.o         3'998
    stm32f4xx_hal_i2s.o           760
    stm32f4xx_hal_i2s_ex.o      1'558
    stm32f4xx_hal_iwdg.o           80
    stm32f4xx_hal_pcd.o         2'728
    stm32f4xx_hal_pcd_ex.o          2
    stm32f4xx_hal_rcc.o         1'544
    stm32f4xx_hal_rcc_ex.o        784
    stm32f4xx_hal_spi.o           976
    stm32f4xx_hal_tim.o         1'462
    stm32f4xx_hal_tim_ex.o        268
    stm32f4xx_hal_uart.o        2'436
    stm32f4xx_ll_usb.o          2'672
    ---------------------------------------------------
    Total:                     23'976       11       41

C:\D\Git_Hub\STM_IAR_SIL_Change\EWARM\RFM\Obj\Drivers\display: [7]
    Adafruit_GFX.o                362
    Adafruit_SSD1306.o          2'976      896    1'210
    PHanFont.o                          16'388
    PHanFontEng.o                        6'144
    PHan_Lib.o                    580                 9
    ---------------------------------------------------
    Total:                      3'918   23'428    1'219

C:\D\Git_Hub\STM_IAR_SIL_Change\EWARM\RFM\Obj\Drivers\radio: [8]
    radio.o                       480    1'005      216
    radio_comm.o                  332                 1
    radio_hal.o                   316
    ---------------------------------------------------
    Total:                      1'128    1'005      217

C:\D\Git_Hub\STM_IAR_SIL_Change\EWARM\RFM\Obj\Drivers\radio\Si446x: [9]
    radio_si4463.o              1'692      544      201
    si4463.o                    3'580    1'024
    si446x_api_lib.o              684                36
    ---------------------------------------------------
    Total:                      5'956    1'568      237

C:\D\Git_Hub\STM_IAR_SIL_Change\EWARM\RFM\Obj\Library: [10]
    ProcPkt.o                   1'388      128       26
    QBuf.o                        348
    RFMProtocol.o               3'304      808    1'028
    adc.o                         332        2       10
    audio.o                     1'864      503    3'021
    bootloader.o                  120       48
    cli.o                       1'374    1'511      525
    diag.o                      1'420    2'684        8
    eeprom.o                      700      320
    flash_if.o                    500       76
    keypad.o                    1'172      168       23
    menu.o                      1'836    1'633      839
    rfm.o                       5'272    1'098    1'335
    serial.o                      316               544
    unicode.o                     948   25'540
    upgrade.o                     484      108        2
    ---------------------------------------------------
    Total:                     21'378   34'627    7'361

C:\D\Git_Hub\STM_IAR_SIL_Change\EWARM\RFM\Obj\Middlewares\USB_Device_Library: [11]
    usbd_core.o                   832
    usbd_ctlreq.o               2'096                 1
    usbd_ioreq.o                  134
    ---------------------------------------------------
    Total:                      3'062                 1

dl7M_tlf.a: [12]
    XShHandles.o                  140               128
    XShttio.o                       8        3        8
    abort.o                         6
    cppinit.o                      24
    exit.o                          4
    fflush.o                      172
    fseek.o                        36
    getchar.o                      12
    heap0.o                       316                 8
    heaptramp0.o                    4
    iar_Stoflt.o                  440
    iar_Stollx.o                  170
    iar_Stolx.o                   144
    iar_Stopfx.o                  290
[...]
cmd_debug                0x802'b2cd    0x30  Code  Gb  diag.o [10]
cmd_diag                 0x802'af41    0x1a  Code  Gb  diag.o [10]
cmd_diag_Audio           0x802'b051    0x1a  Code  Gb  diag.o [10]
cmd_diag_RF              0x802'b187    0x1a  Code  Gb  diag.o [10]
cmd_diag_proc            0x802'aef9    0x48  Code  Gb  diag.o [10]
cmd_diag_proc_Audio      0x802'b02f    0x22  Code  Gb  diag.o [10]
cmd_diag_proc_RF         0x802'b105    0x82  Code  Gb  diag.o [10]
cmd_eepromDump           0x802'adb7    0x7a  Code  Gb  eeprom.o [10]
cmd_eepromRead           0x802'ad0d    0x42  Code  Gb  eeprom.o [10]
cmd_eepromWrite          0x802'ad4f    0x68  Code  Gb  eeprom.o [10]
cmd_help                 0x802'ef2d    0xb4  Code  Gb  cli.o [10]
cmd_hop                  0x802'8e11    0x4a  Code  Gb  rfm.o [10]
cmd_hop::__func__        0x804'25d8     0x8  Data  Lc  rfm.o [10]
cmd_info                 0x802'8e87    0xa2  Code  Gb  rfm.o [10]
cmd_pktmon               0x802'e4dd    0x3a  Code  Gb  ProcPkt.o [10]
cmd_pktmon::__func__     0x804'2278     0xc  Data  Lc  ProcPkt.o [10]
cmd_reset                0x802'f0b9     0xe  Code  Gb  cli.o [10]
cmd_rfstat               0x802'8f29    0x1c  Code  Gb  rfm.o [10]
cmd_rspid                0x802'8f95    0xc4  Code  Gb  rfm.o [10]
cmd_rspid::__func__      0x804'2374     0xc  Data  Lc  rfm.o [10]
cmd_stboot               0x803'fd8b    0x18  Code  Gb  bootloader.o [10]
cmd_swinfo               0x802'8e5b    0x2c  Code  Gb  rfm.o [10]
cmd_test_rf1             0x802'b1a1    0x2a  Code  Gb  diag.o [10]
cmd_test_rf1::__func__   0x804'1b5c    0x10  Data  Lc  diag.o [10]
cmd_test_rf2             0x802'b1cb    0x2a  Code  Gb  diag.o [10]
cmd_test_rf2::__func__   0x804'1b6c    0x10  Data  Lc  diag.o [10]
cmd_test_rf3             0x802'b1f5    0x2a  Code  Gb  diag.o [10]
cmd_test_rf3::__func__   0x804'1b7c    0x10  Data  Lc  diag.o [10]
cmd_test_rf_debug        0x802'b27b    0x4a  Code  Gb  diag.o [10]
cmd_test_rf_debug::__func__
                         0x804'18f4    0x14  Data  Lc  diag.o [10]
cmd_test_rf_debug::s_bEnableDebug
                        0x2000'2ea8     0x4  Data  Lc  diag.o [10]
cmd_test_rf_init         0x802'b225    0x1e  Code  Gb  diag.o [10]
cmd_test_rf_init::__func__
                         0x804'18b8    0x14  Data  Lc  diag.o [10]
cmd_test_rf_vinit        0x802'b243    0x38  Code  Gb  diag.o [10]
cmd_test_rf_vinit::__func__
                         0x804'18cc    0x14  Data  Lc  diag.o [10]
cmd_ts                   0x802'8d23    0x4e  Code  Gb  rfm.o [10]
cmd_ts::__func__         0x804'25c0     0x8  Data  Lc  rfm.o [10]
cmd_txpwr                0x802'8f47    0x3c  Code  Gb  rfm.o [10]
cmd_txpwr::__func__      0x804'2368     0xc  Data  Lc  rfm.o [10]
cmd_upgrade              0x803'7ae3    0x74  Code  Gb  upgrade.o [10]
cmd_upgrade::__func__    0x804'2434     0xc  Data  Lc  upgrade.o [10]
cmd_uptime               0x802'efe1    0x68  Code  Gb  cli.o [10]
cmd_ver                  0x802'f049    0x14  Code  Gb  cli.o [10]
cp949_wctomb             0x803'4b25    0x94  Code  Lc  unicode.o [10]
ctsWentHigh             0x2000'2f24     0x1  Data  Gb  radio_comm.o [8]
dataDbgTx               0x2000'2e80     0x8  Data  Gb  serial.o [10]
dataTx1                 0x2000'2e88     0x8  Data  Gb  serial.o [10]
data_option             0x2000'05d8     0x4  Data  Gb  cli.o [10]
debug_level             0x2000'2ea4     0x4  Data  Gb  diag.o [10]
digits                   0x803'ffb8    0x28  Data  Lc  iar_Stoulx.o [12]
digits                   0x804'0008    0x28  Data  Lc  iar_Stoullx.o [12]
display                 0x2000'2dec    0x20  Data  Gb  Adafruit_SSD1306.o [7]
display_diag_Audio       0x802'af5b    0xd4  Code  Gb  diag.o [10]
display_diag_RF          0x802'b071    0x94  Code  Gb  diag.o [10]
display_diag_menu        0x802'ae69    0x90  Code  Gb  diag.o [10]
ebuf                    0x2000'2a88    0x50  Data  Lc  xfiles.o [12]
exit                     0x804'1097     0x4  Code  Gb  exit.o [12]
fflush                   0x803'f9b5    0x34  Code  Gb  fflush.o [12]
fflushOne                0x803'f941    0x74  Code  Lc  fflush.o [12]
fgetc                    0x803'580b    0x20  Code  Gb  serial.o [10]
fputc                    0x803'57ad    0x5e  Code  Gb  serial.o [10]
free                     0x803'91e9     0x4  Code  Gb  heaptramp0.o [12]
fseek                    0x803'fbf9    0x24  Code  Gb  fseek.o [12]
g_MenuCmdList           0x2000'0a54     0xc  Data  Gb  menu.o [10]
g_MenuDiagList          0x2000'09a4     0xc  Data  Gb  menu.o [10]
g_MenuLightCtrl         0x2000'076c     0xc  Data  Gb  menu.o [10]
g_MenuMainBase          0x2000'0a68     0xc  Data  Gb  menu.o [10]
g_MenuMainMaint         0x2000'0a98     0xc  Data  Gb  menu.o [10]
g_MenuRFTIDList         0x2000'0968     0xc  Data  Gb  menu.o [10]
g_MenuSelfTestList      0x2000'098c     0xc  Data  Gb  menu.o [10]
g_MenuSetMicList        0x2000'09f0     0xc  Data  Gb  menu.o [10]
g_MenuSetSpkList        0x2000'0a0c     0xc  Data  Gb  menu.o [10]
g_MenuSetTxPwrList      0x2000'0a38     0xc  Data  Gb  menu.o [10]
g_MenuSettingList       0x2000'09bc     0xc  Data  Gb  menu.o [10]
g_MenuTrainSet          0x2000'0954     0xc  Data  Gb  menu.o [10]
g_MenuVerList           0x2000'08f8     0xc  Data  Gb  menu.o [10]
g_RadioRxPkt            0x2000'25c0    0x80  Data  Gb  radio.o [8]
g_bEnMenuMaint          0x2000'2f0e     0x1  Data  Gb  menu.o [10]
g_bInitLCD              0x2000'2e98     0x4  Data  Gb  Adafruit_SSD1306.o [7]
g_bSetRspIDManual       0x2000'2f21     0x1  Data  Gb  ProcPkt.o [10]
g_bufAudioRx            0x2000'1914   0x1e0  Data  Gb  audio.o [10]
g_bufAudioTx            0x2000'1af4   0x1e0  Data  Gb  audio.o [10]
g_devStat               0x2000'2094   0x160  Data  Gb  rfm.o [10]
g_flagRspID             0x2000'2f00     0x2  Data  Gb  ProcPkt.o [10]
g_fnCLIProc             0x2000'0760     0x4  Data  Gb  cli.o [10]
g_fnCLIPrompt           0x2000'075c     0x4  Data  Gb  cli.o [10]
g_idxTrainSet           0x2000'2f28     0x1  Data  Gb  rfm.o [10]
g_nAudioIC              0x2000'2f08     0x1  Data  Gb  audio.o [10]
g_nCarNo                0x2000'2f29     0x1  Data  Gb  rfm.o [10]
g_nChPA                 0x2000'0c86     0x1  Data  Gb  rfm.o [10]
g_nChRFT                0x2000'2f2f     0x1  Data  Gb  rfm.o [10]
g_nChRx                 0x2000'0c84     0x1  Data  Gb  rfm.o [10]
g_nDevFlag              0x2000'2f27     0x1  Data  Gb  rfm.o [10]
g_nDevID                0x2000'2f26     0x1  Data  Gb  rfm.o [10]
g_nManHopping           0x2000'2f2e     0x1  Data  Gb  rfm.o [10]
g_nPktSeq               0x2000'2f22     0x1  Data  Gb  ProcPkt.o [10]
g_nRFMMode              0x2000'2f2a     0x1  Data  Gb  rfm.o [10]
g_nRSSI                 0x2000'2f2d     0x1  Data  Gb  rfm.o [10]
g_nSpkLevel             0x2000'0c85     0x1  Data  Gb  rfm.o [10]
g_nStampRxPkt           0x2000'2f2c     0x1  Data  Gb  rfm.o [10]
g_offsetCA              0x2000'2f2b     0x1  Data  Gb  rfm.o [10]
g_pActiveMenu           0x2000'2eb8     0x4  Data  Gb  menu.o [10]
g_pRadioRxPkt           0x2000'2ec8     0x4  Data  Gb  radio.o [8]
g_qBufAudioRx           0x2000'2e50     0xc  Data  Gb  audio.o [10]
g_qBufAudioTx           0x2000'2e5c     0xc  Data  Gb  audio.o [10]
g_qDebug                0x2000'2334   0x104  Data  Gb  serial.o [10]
g_qRS485                0x2000'2438   0x104  Data  Gb  serial.o [10]
get_CCA                  0x802'c13b    0x18  Code  Gb  radio.o [8]
getarg                   0x802'eb9b    0x46  Code  Gb  cli.o [10]
getchar                  0x803'57a1     0x6  Code  Gb  getchar.o [12]
hadc1                   0x2000'2b28    0x48  Data  Gb  main.o [2]
hdma_i2s3_ext_rx        0x2000'27b0    0x60  Data  Gb  main.o [2]
hdma_spi1_rx            0x2000'28d0    0x60  Data  Gb  main.o [2]
hdma_spi1_tx            0x2000'2870    0x60  Data  Gb  main.o [2]
hdma_spi3_tx            0x2000'2810    0x60  Data  Gb  main.o [2]
hi2c1                   0x2000'29e0    0x54  Data  Gb  main.o [2]
hi2c3                   0x2000'2a34    0x54  Data  Gb  main.o [2]
hi2s3                   0x2000'2b70    0x48  Data  Gb  main.o [2]
hiwdg                   0x2000'2e74     0xc  Data  Gb  main.o [2]
hpcd_USB_OTG_FS         0x2000'0c8c   0x408  Data  Gb  usbd_conf.o [4]
hspi1                   0x2000'2930    0x58  Data  Gb  main.o [2]
hspi2                   0x2000'2988    0x58  Data  Gb  main.o [2]
htim1                   0x2000'2c78    0x40  Data  Gb  main.o [2]
htim3                   0x2000'2c38    0x40  Data  Gb  main.o [2]
huart1                  0x2000'2cb8    0x40  Data  Gb  main.o [2]
huart2                  0x2000'2cf8    0x40  Data  Gb  main.o [2]
incomingBuffer          0x2000'2d38    0x40  Data  Gb  radio_si4463.o [9]
init_queue               0x802'c7f1    0x10  Code  Gb  QBuf.o [10]
input_check              0x803'58b9     0xa  Code  Gb  serial.o [10]
isalpha                  0x803'88d9    0x14  Code  Gb  isalpha.o [12]
isspace                  0x803'88c5    0x14  Code  Gb  isspace.o [12]
ksc5601_2charset         0x802'0188  0x4048  Data  Lc  unicode.o [10]
ksc5601_uni2indx_page00
                         0x803'f658   0x118  Data  Lc  unicode.o [10]
ksc5601_uni2indx_page20
                         0x803'f4bc   0x19c  Data  Lc  unicode.o [10]
ksc5601_uni2indx_page30
                         0x803'f770    0xf8  Data  Lc  unicode.o [10]
ksc5601_uni2indx_page4e
                         0x803'97b0  0x1468  Data  Lc  unicode.o [10]
ksc5601_uni2indx_pageac
                         0x803'be74   0xae8  Data  Lc  unicode.o [10]
ksc5601_uni2indx_pagef9
                         0x804'09bc    0x44  Data  Lc  unicode.o [10]
ksc5601_uni2indx_pageff
                         0x804'0b3c    0x3c  Data  Lc  unicode.o [10]
ksc5601_wctomb           0x803'497f   0x1a6  Code  Lc  unicode.o [10]
ldexp                    0x803'7d35          Code  Gb  ldexp.o [14]
ldexpl                   0x803'7d35          Code  Gb  ldexp.o [14]
localeconv               0x803'85a1     0x4  Code  Gb  xlocale_c.o [12]
main                     0x802'f10b    0x9a  Code  Gb  main.o [2]
main::nLedTick          0x2000'2eb4     0x4  Data  Lc  main.o [2]
memchr                   0x803'7c05          Code  Gb  memchr.o [15]
memcmp                   0x803'510d          Code  Gb  memcmp.o [15]
memset                   0x803'6085    0x14  Code  Gb  memset.o [15]
nCrcErr                 0x2000'2f20     0x1  Data  Gb  ProcPkt.o [10]
nDropPkt                0x2000'2f1e     0x1  Data  Gb  ProcPkt.o [10]
nHopPkt                 0x2000'2f1d     0x1  Data  Gb  ProcPkt.o [10]
nRxErr                  0x2000'2f1f     0x1  Data  Gb  ProcPkt.o [10]
nRxPkt                  0x2000'2f1c     0x1  Data  Gb  ProcPkt.o [10]
nRxStamp                0x2000'2ec4     0x4  Data  Gb  ProcPkt.o [10]
nTxPkt                  0x2000'2f1b     0x1  Data  Gb  ProcPkt.o [10]
nTxStamp                0x2000'2ebc     0x4  Data  Gb  ProcPkt.o [10]
nTxStampComp            0x2000'2ec0     0x4  Data  Gb  ProcPkt.o [10]
ndigs                    0x803'ff90    0x28  Data  Lc  iar_Stoulx.o [12]
ndigs                    0x803'ffe0    0x28  Data  Lc  iar_Stoullx.o [12]
null_table              0x2000'1714   0x200  Data  Gb  audio.o [10]
obuf                    0x2000'2ad8    0x50  Data  Lc  xfiles.o [12]
old_cmd                 0x2000'2bb8    0x40  Data  Gb  cli.o [10]
outgoingBuffer          0x2000'2d78    0x40  Data  Gb  radio_si4463.o [9]
pCallback_I2SEx_TxRxCpltCallback
                        0x2000'2ea0     0x4  Data  Gb  audio.o [10]
pFlash                  0x2000'2e0c    0x20  Data  Gb  stm32f4xx_hal_flash.o [6]
pRadioConfiguration     0x2000'0af0     0x4  Data  Gb  radio.o [8]
phuart1                 0x2000'2ee8     0x4  Data  Gb  serial.o [10]
phuart2                 0x2000'2eec     0x4  Data  Gb  serial.o [10]
pows                     0x804'0930    0x48  Data  Lc  strto64.o [14]
printf                   0x802'9b69    0x28  Code  Gb  printf.o [12]
putchar                  0x804'0a01    0x44  Code  Gb  putchar.o [12]
qBufCnt                  0x802'c895    0x1a  Code  Gb  QBuf.o [10]
qBufGet                  0x802'c905    0x48  Code  Gb  QBuf.o [10]
qBufInit                 0x802'c887     0xe  Code  Gb  QBuf.o [10]
qBufPut                  0x802'c8af    0x56  Code  Gb  QBuf.o [10]
qcount                   0x802'c801    0x1e  Code  Gb  QBuf.o [10]
qget                     0x802'c861    0x26  Code  Gb  QBuf.o [10]
qput                     0x802'c81f    0x42  Code  Gb  QBuf.o [10]
r_audio_buff            0x2000'2738    0x78  Data  Gb  audio.o [10]
radio_comm_ClearCTS      0x803'50df     0x8  Code  Gb  radio_comm.o [8]
radio_comm_GetResp       0x803'4fc1    0x62  Code  Gb  radio_comm.o [8]
radio_comm_PollCTS       0x803'50d3     0xc  Code  Gb  radio_comm.o [8]
radio_comm_ReadData      0x803'504f    0x42  Code  Gb  radio_comm.o [8]
radio_comm_SendCmd       0x803'5023    0x2c  Code  Gb  radio_comm.o [8]
radio_comm_SendCmdGetResp
                         0x803'50ed    0x20  Code  Gb  radio_comm.o [8]
radio_comm_WriteData     0x803'5091    0x42  Code  Gb  radio_comm.o [8]
radio_hal_AssertShutdown
                         0x803'4e85    0x1e  Code  Gb  radio_hal.o [8]
radio_hal_ClearNsel      0x803'4ebb     0xe  Code  Gb  radio_hal.o [8]
radio_hal_DeassertShutdown
                         0x803'4ea3    0x18  Code  Gb  radio_hal.o [8]
radio_hal_NirqLevel      0x803'4ed7     0xc  Code  Gb  radio_hal.o [8]
radio_hal_SetNsel        0x803'4ec9     0xe  Code  Gb  radio_hal.o [8]
radio_hal_SpiReadByte    0x803'4f81     0xa  Code  Gb  radio_hal.o [8]
radio_hal_SpiReadData    0x803'4f9d    0x12  Code  Gb  radio_hal.o [8]
radio_hal_SpiWriteByte   0x803'4f73     0xe  Code  Gb  radio_hal.o [8]
radio_hal_SpiWriteData   0x803'4f8b    0x12  Code  Gb  radio_hal.o [8]
rand                     0x802'df79    0x8a  Code  Gb  rand.o [12]
ranmatch                 0x803'3c8b    0x46  Code  Lc  xscanffull_nomb.o [12]
readline                 0x802'ed81   0x15e  Code  Gb  cli.o [10]
readline::command_index
                        0x2000'2f09     0x1  Data  Lc  cli.o [10]
sFileInfo               0x2000'2640    0x80  Data  Lc  XShHandles.o [12]
s_bInit                 0x2000'2ed0     0x4  Data  Lc  radio_si4463.o [9]
s_bIntFlag              0x2000'2ee0     0x4  Data  Lc  radio_si4463.o [9]
s_bIsTxMode             0x2000'2edc     0x4  Data  Lc  radio_si4463.o [9]
s_bShowPkt              0x2000'2f23     0x1  Data  Lc  ProcPkt.o [10]
s_bUpgrDataValid        0x2000'1094   0x400  Data  Gb  RFMProtocol.o [10]
s_bUpgrRetry            0x2000'2f06     0x2  Data  Lc  upgrade.o [10]
s_btnStat               0x2000'2e68     0xc  Data  Lc  keypad.o [10]
s_cntRFRx               0x2000'2ed8     0x4  Data  Lc  radio_si4463.o [9]
s_cntRFTx               0x2000'2ed4     0x4  Data  Lc  radio_si4463.o [9]
s_nDbgLevel             0x2000'2f25     0x1  Data  Lc  radio_si4463.o [9]
scalbln                  0x803'7d35          Code  Gb  ldexp.o [14]
scalblnl                 0x803'7d35          Code  Gb  ldexp.o [14]
scalbn                   0x803'7d35          Code  Gb  ldexp.o [14]
scalbnl                  0x803'7d35          Code  Gb  ldexp.o [14]
scale                    0x803'13bd    0x46  Code  Lc  xprintffull_nomb.o [12]
sec_hand                0x2000'2ef4     0x4  Data  Lc  xfail_s.o [12]
setbuf                   0x803'5fc9    0x12  Code  Gb  setbuf.o [12]
setvbuf                  0x803'5fdb    0xaa  Code  Gb  setvbuf.o [12]
si4463                  0x2000'2db8    0x34  Data  Gb  radio_si4463.o [9]
si446x_change_state      0x802'de95    0x16  Code  Gb  si446x_api_lib.o [9]
si446x_configuration_init
                         0x802'dcdd    0x7a  Code  Gb  si446x_api_lib.o [9]
si446x_fifo_info         0x802'deab    0x28  Code  Gb  si446x_api_lib.o [9]
si446x_frr_b_read        0x802'deff    0x2c  Code  Gb  si446x_api_lib.o [9]
si446x_get_int_status    0x802'de03    0x48  Code  Gb  si446x_api_lib.o [9]
si446x_get_int_status_fast_clear_read
                         0x802'df2b    0x38  Code  Gb  si446x_api_lib.o [9]
si446x_part_info         0x802'dd57    0x48  Code  Gb  si446x_api_lib.o [9]
si446x_read_rx_fifo      0x802'dee9    0x16  Code  Gb  si446x_api_lib.o [9]
si446x_reset             0x802'dcc1    0x1c  Code  Gb  si446x_api_lib.o [9]
si446x_set_property      0x802'de4b    0x4a  Code  Gb  si446x_api_lib.o [9]
si446x_start_rx          0x802'ddcb    0x38  Code  Gb  si446x_api_lib.o [9]
si446x_start_tx          0x802'dd9f    0x2c  Code  Gb  si446x_api_lib.o [9]
si446x_write_tx_fifo     0x802'ded3    0x16  Code  Gb  si446x_api_lib.o [9]
sine_table              0x2000'0498   0x140  Data  Gb  audio.o [10]
speex_sine_table        0x2000'21f4   0x140  Data  Gb  audio.o [10]
sprintf                  0x803'05a1    0x40  Code  Gb  sprintf.o [12]
srand                    0x802'e003     0xa  Code  Gb  rand.o [12]
sscanf                   0x802'bde1    0x28  Code  Gb  sscanf.o [12]
strchr                   0x803'5789          Code  Gb  strchr.o [15]
strcmp                   0x803'3151          Code  Gb  strcmp.o [15]
strcpy                   0x803'5771          Code  Gb  strcpy.o [15]
strcspn                  0x803'907b    0x22  Code  Gb  strcspn.o [12]
strlen                   0x803'7bcd          Code  Gb  strlen.o [15]
strspn                   0x803'9059    0x22  Code  Gb  strspn.o [12]
strtok_r                 0x803'5735    0x38  Code  Gb  strtok_r.o [12]
strtol                   0x803'5731     0x4  Code  Gb  iar_Stolx.o [12]
strtoll                  0x803'8f0d     0x2  Code  Gb  iar_Stollx.o [12]
strtoull                 0x803'8e61     0x2  Code  Gb  iar_Stoullx.o [12]
t_audio_buff            0x2000'26c0    0x78  Data  Gb  audio.o [10]
tolower                  0x803'96d9    0x14  Code  Gb  tolower.o [12]
uChoType                0x2000'2f17     0x1  Data  Lc  PHan_Lib.o [7]
uChosung                0x2000'2f14     0x1  Data  Lc  PHan_Lib.o [7]
uJonType                0x2000'2f19     0x1  Data  Lc  PHan_Lib.o [7]
uJongsung               0x2000'2f16     0x1  Data  Lc  PHan_Lib.o [7]
uJooType                0x2000'2f18     0x1  Data  Lc  PHan_Lib.o [7]
uJoongsung              0x2000'2f15     0x1  Data  Lc  PHan_Lib.o [7]
user_command_table      0x2000'05dc   0x180  Data  Gb  cli.o [10]
uwTick                  0x2000'2ef0     0x4  Data  Gb  stm32f4xx_hal.o [6]
uwTickFreq              0x2000'0c88     0x1  Data  Gb  stm32f4xx_hal.o [6]
uwTickPrio              0x2000'0af4     0x4  Data  Gb  stm32f4xx_hal.o [6]
vRadio_Init              0x802'c00d    0x3a  Code  Gb  radio.o [8]
vRadio_PowerUp           0x802'bffd    0x10  Code  Gb  radio.o [8]
vRadio_Set_TxPower       0x802'c181    0x14  Code  Gb  radio.o [8]
vRadio_StartRX           0x802'c10b    0x30  Code  Gb  radio.o [8]
vRadio_StartTx_Variable_Packet
                         0x802'c195    0x48  Code  Gb  radio.o [8]
wEngFon                  0x802'6ed0  0x1800  Data  Gb  PHanFontEng.o [7]
wWanToJohabTable         0x803'ac18  0x125c  Data  Gb  PHanFont.o [7]


[1] = C:\D\Git_Hub\STM_IAR_SIL_Change\EWARM\RFM\Obj\Application\EWARM
[2] = C:\D\Git_Hub\STM_IAR_SIL_Change\EWARM\RFM\Obj\Application\User\Core
[3] = C:\D\Git_Hub\STM_IAR_SIL_Change\EWARM\RFM\Obj\Application\User\USB_DEVICE\App
[4] = C:\D\Git_Hub\STM_IAR_SIL_Change\EWARM\RFM\Obj\Application\User\USB_DEVICE\Target
[5] = C:\D\Git_Hub\STM_IAR_SIL_Change\EWARM\RFM\Obj\Drivers\CMSIS
[6] = C:\D\Git_Hub\STM_IAR_SIL_Change\EWARM\RFM\Obj\Drivers\STM32F4xx_HAL_Driver
[7] = C:\D\Git_Hub\STM_IAR_SIL_Change\EWARM\RFM\Obj\Drivers\display
[8] = C:\D\Git_Hub\STM_IAR_SIL_Change\EWARM\RFM\Obj\Drivers\radio
[9] = C:\D\Git_Hub\STM_IAR_SIL_Change\EWARM\RFM\Obj\Drivers\radio\Si446x
[10] = C:\D\Git_Hub\STM_IAR_SIL_Change\EWARM\RFM\Obj\Library
[11] = C:\D\Git_Hub\STM_IAR_SIL_Change\EWARM\RFM\Obj\Middlewares\USB_Device_Library
[12] = dl7M_tlf.a
[13] = dlpprt7M_tl_fc.a
[14] = m7M_tls.a
[15] = rt7M_tl.a
[16] = shb_l.a

  81'369 bytes of readonly  code memory
  61'184 bytes of readonly  data memory
  21'301 bytes of readwrite data memory

Errors: none
Warnings: none
