###############################################################################
#
#                                                         30/Sep/2022  17:12:37
# IAR ELF Linker V9.20.3.326/W64 for ARM Functional Safety
# Copyright 2007-2022 IAR Systems AB.
#
#    Output file  =  C:\D\Git_Hub\STM_IAR_SIL_Change\EWARM\RFM\Exe\RFM.out
#    Map file     =  C:\D\Git_Hub\STM_IAR_SIL_Change\EWARM\RFM\List\RFM.map
#    Command line =
#        -f C:\D\Git_Hub\STM_IAR_SIL_Change\EWARM\RFM\Exe\RFM.out.rsp
#        (C:\D\Git_Hub\STM_IAR_SIL_Change\EWARM\RFM\Obj\Drivers\display\Adafruit_GFX.o
#        C:\D\Git_Hub\STM_IAR_SIL_Change\EWARM\RFM\Obj\Drivers\display\Adafruit_SSD1306.o
#        C:\D\Git_Hub\STM_IAR_SIL_Change\EWARM\RFM\Obj\Library\adc.o
#        C:\D\Git_Hub\STM_IAR_SIL_Change\EWARM\RFM\Obj\Library\adpcm.o
#        C:\D\Git_Hub\STM_IAR_SIL_Change\EWARM\RFM\Obj\Library\audio.o
#        C:\D\Git_Hub\STM_IAR_SIL_Change\EWARM\RFM\Obj\Library\bootloader.o
#        C:\D\Git_Hub\STM_IAR_SIL_Change\EWARM\RFM\Obj\Library\cli.o
#        C:\D\Git_Hub\STM_IAR_SIL_Change\EWARM\RFM\Obj\Library\diag.o
#        C:\D\Git_Hub\STM_IAR_SIL_Change\EWARM\RFM\Obj\Library\eeprom.o
#        C:\D\Git_Hub\STM_IAR_SIL_Change\EWARM\RFM\Obj\Library\flash_if.o
#        C:\D\Git_Hub\STM_IAR_SIL_Change\EWARM\RFM\Obj\Library\iap_common.o
#        C:\D\Git_Hub\STM_IAR_SIL_Change\EWARM\RFM\Obj\Library\iap_menu.o
#        C:\D\Git_Hub\STM_IAR_SIL_Change\EWARM\RFM\Obj\Library\keypad.o
#        C:\D\Git_Hub\STM_IAR_SIL_Change\EWARM\RFM\Obj\Application\User\Core\main.o
#        C:\D\Git_Hub\STM_IAR_SIL_Change\EWARM\RFM\Obj\Library\menu.o
#        C:\D\Git_Hub\STM_IAR_SIL_Change\EWARM\RFM\Obj\Drivers\display\PHan_Lib.o
#        C:\D\Git_Hub\STM_IAR_SIL_Change\EWARM\RFM\Obj\Drivers\display\PHanFont.o
#        C:\D\Git_Hub\STM_IAR_SIL_Change\EWARM\RFM\Obj\Drivers\display\PHanFontEng.o
#        C:\D\Git_Hub\STM_IAR_SIL_Change\EWARM\RFM\Obj\Library\ProcPkt.o
#        C:\D\Git_Hub\STM_IAR_SIL_Change\EWARM\RFM\Obj\Library\QBuf.o
#        C:\D\Git_Hub\STM_IAR_SIL_Change\EWARM\RFM\Obj\Drivers\radio\radio.o
#        C:\D\Git_Hub\STM_IAR_SIL_Change\EWARM\RFM\Obj\Drivers\radio\radio_comm.o
#        C:\D\Git_Hub\STM_IAR_SIL_Change\EWARM\RFM\Obj\Drivers\radio\radio_hal.o
#        C:\D\Git_Hub\STM_IAR_SIL_Change\EWARM\RFM\Obj\Drivers\radio\Si446x\radio_si4463.o
#        C:\D\Git_Hub\STM_IAR_SIL_Change\EWARM\RFM\Obj\Library\rfm.o
#        C:\D\Git_Hub\STM_IAR_SIL_Change\EWARM\RFM\Obj\Library\RFMProtocol.o
#        C:\D\Git_Hub\STM_IAR_SIL_Change\EWARM\RFM\Obj\Library\serial.o
#        C:\D\Git_Hub\STM_IAR_SIL_Change\EWARM\RFM\Obj\Drivers\radio\Si446x\si4463.o
#        C:\D\Git_Hub\STM_IAR_SIL_Change\EWARM\RFM\Obj\Drivers\radio\Si446x\si446x_api_lib.o
#        C:\D\Git_Hub\STM_IAR_SIL_Change\EWARM\RFM\Obj\Drivers\radio\Si446x\si446x_nirq.o
#        C:\D\Git_Hub\STM_IAR_SIL_Change\EWARM\RFM\Obj\Application\EWARM\startup_stm32f407xx.o
#        C:\D\Git_Hub\STM_IAR_SIL_Change\EWARM\RFM\Obj\Drivers\STM32F4xx_HAL_Driver\stm32f4xx_hal.o
#        C:\D\Git_Hub\STM_IAR_SIL_Change\EWARM\RFM\Obj\Drivers\STM32F4xx_HAL_Driver\stm32f4xx_hal_adc.o
#        C:\D\Git_Hub\STM_IAR_SIL_Change\EWARM\RFM\Obj\Drivers\STM32F4xx_HAL_Driver\stm32f4xx_hal_adc_ex.o
#        C:\D\Git_Hub\STM_IAR_SIL_Change\EWARM\RFM\Obj\Drivers\STM32F4xx_HAL_Driver\stm32f4xx_hal_cortex.o
#        C:\D\Git_Hub\STM_IAR_SIL_Change\EWARM\RFM\Obj\Drivers\STM32F4xx_HAL_Driver\stm32f4xx_hal_dma.o
#        C:\D\Git_Hub\STM_IAR_SIL_Change\EWARM\RFM\Obj\Drivers\STM32F4xx_HAL_Driver\stm32f4xx_hal_dma_ex.o
#        C:\D\Git_Hub\STM_IAR_SIL_Change\EWARM\RFM\Obj\Drivers\STM32F4xx_HAL_Driver\stm32f4xx_hal_exti.o
#        C:\D\Git_Hub\STM_IAR_SIL_Change\EWARM\RFM\Obj\Drivers\STM32F4xx_HAL_Driver\stm32f4xx_hal_flash.o
#        C:\D\Git_Hub\STM_IAR_SIL_Change\EWARM\RFM\Obj\Drivers\STM32F4xx_HAL_Driver\stm32f4xx_hal_flash_ex.o
#        C:\D\Git_Hub\STM_IAR_SIL_Change\EWARM\RFM\Obj\Drivers\STM32F4xx_HAL_Driver\stm32f4xx_hal_flash_ramfunc.o
#        C:\D\Git_Hub\STM_IAR_SIL_Change\EWARM\RFM\Obj\Drivers\STM32F4xx_HAL_Driver\stm32f4xx_hal_gpio.o
#        C:\D\Git_Hub\STM_IAR_SIL_Change\EWARM\RFM\Obj\Drivers\STM32F4xx_HAL_Driver\stm32f4xx_hal_i2c.o
#        C:\D\Git_Hub\STM_IAR_SIL_Change\EWARM\RFM\Obj\Drivers\STM32F4xx_HAL_Driver\stm32f4xx_hal_i2c_ex.o
#        C:\D\Git_Hub\STM_IAR_SIL_Change\EWARM\RFM\Obj\Drivers\STM32F4xx_HAL_Driver\stm32f4xx_hal_i2s.o
#        C:\D\Git_Hub\STM_IAR_SIL_Change\EWARM\RFM\Obj\Drivers\STM32F4xx_HAL_Driver\stm32f4xx_hal_i2s_ex.o
#        C:\D\Git_Hub\STM_IAR_SIL_Change\EWARM\RFM\Obj\Drivers\STM32F4xx_HAL_Driver\stm32f4xx_hal_iwdg.o
#        C:\D\Git_Hub\STM_IAR_SIL_Change\EWARM\RFM\Obj\Application\User\Core\stm32f4xx_hal_msp.o
#        C:\D\Git_Hub\STM_IAR_SIL_Change\EWARM\RFM\Obj\Drivers\STM32F4xx_HAL_Driver\stm32f4xx_hal_pcd.o
#        C:\D\Git_Hub\STM_IAR_SIL_Change\EWARM\RFM\Obj\Drivers\STM32F4xx_HAL_Driver\stm32f4xx_hal_pcd_ex.o
#        C:\D\Git_Hub\STM_IAR_SIL_Change\EWARM\RFM\Obj\Drivers\STM32F4xx_HAL_Driver\stm32f4xx_hal_pwr.o
#        C:\D\Git_Hub\STM_IAR_SIL_Change\EWARM\RFM\Obj\Drivers\STM32F4xx_HAL_Driver\stm32f4xx_hal_pwr_ex.o
#        C:\D\Git_Hub\STM_IAR_SIL_Change\EWARM\RFM\Obj\Drivers\STM32F4xx_HAL_Driver\stm32f4xx_hal_rcc.o
#        C:\D\Git_Hub\STM_IAR_SIL_Change\EWARM\RFM\Obj\Drivers\STM32F4xx_HAL_Driver\stm32f4xx_hal_rcc_ex.o
#        C:\D\Git_Hub\STM_IAR_SIL_Change\EWARM\RFM\Obj\Drivers\STM32F4xx_HAL_Driver\stm32f4xx_hal_spi.o
#        C:\D\Git_Hub\STM_IAR_SIL_Change\EWARM\RFM\Obj\Drivers\STM32F4xx_HAL_Driver\stm32f4xx_hal_tim.o
#        C:\D\Git_Hub\STM_IAR_SIL_Change\EWARM\RFM\Obj\Drivers\STM32F4xx_HAL_Driver\stm32f4xx_hal_tim_ex.o
#        C:\D\Git_Hub\STM_IAR_SIL_Change\EWARM\RFM\Obj\Application\User\Core\stm32f4xx_hal_timebase_tim.o
#        C:\D\Git_Hub\STM_IAR_SIL_Change\EWARM\RFM\Obj\Drivers\STM32F4xx_HAL_Driver\stm32f4xx_hal_uart.o
#        C:\D\Git_Hub\STM_IAR_SIL_Change\EWARM\RFM\Obj\Application\User\Core\stm32f4xx_it.o
#        C:\D\Git_Hub\STM_IAR_SIL_Change\EWARM\RFM\Obj\Drivers\STM32F4xx_HAL_Driver\stm32f4xx_ll_usb.o
#        C:\D\Git_Hub\STM_IAR_SIL_Change\EWARM\RFM\Obj\Drivers\CMSIS\system_stm32f4xx.o
#        C:\D\Git_Hub\STM_IAR_SIL_Change\EWARM\RFM\Obj\Library\unicode.o
#        C:\D\Git_Hub\STM_IAR_SIL_Change\EWARM\RFM\Obj\Library\upgrade.o
#        C:\D\Git_Hub\STM_IAR_SIL_Change\EWARM\RFM\Obj\Application\User\USB_DEVICE\App\usb_device.o
#        C:\D\Git_Hub\STM_IAR_SIL_Change\EWARM\RFM\Obj\Middlewares\USB_Device_Library\usbd_cdc.o
#        C:\D\Git_Hub\STM_IAR_SIL_Change\EWARM\RFM\Obj\Application\User\USB_DEVICE\App\usbd_cdc_if.o
#        C:\D\Git_Hub\STM_IAR_SIL_Change\EWARM\RFM\Obj\Application\User\USB_DEVICE\Target\usbd_conf.o
#        C:\D\Git_Hub\STM_IAR_SIL_Change\EWARM\RFM\Obj\Middlewares\USB_Device_Library\usbd_core.o
#        C:\D\Git_Hub\STM_IAR_SIL_Change\EWARM\RFM\Obj\Middlewares\USB_Device_Library\usbd_ctlreq.o
#        C:\D\Git_Hub\STM_IAR_SIL_Change\EWARM\RFM\Obj\Application\User\USB_DEVICE\App\usbd_desc.o
#        C:\D\Git_Hub\STM_IAR_SIL_Change\EWARM\RFM\Obj\Middlewares\USB_Device_Library\usbd_ioreq.o
#        C:\D\Git_Hub\STM_IAR_SIL_Change\EWARM\RFM\Obj\Library\VerInfo.o
#        C:\D\Git_Hub\STM_IAR_SIL_Change\EWARM\RFM\Obj\Library\version.o
#        C:\D\Git_Hub\STM_IAR_SIL_Change\EWARM\RFM\Obj\Library\ymodem.o
#        --redirect _Printf=_PrintfFullNoMb --redirect _Scanf=_ScanfFullNoMb
#        --no_out_extension -o
#        C:\D\Git_Hub\STM_IAR_SIL_Change\EWARM\RFM\Exe\RFM.out --map
#        C:\D\Git_Hub\STM_IAR_SIL_Change\EWARM\RFM\List\RFM.map --config
#        "C:\Program Files\IAR Systems\Embedded Workbench 9.0 EWARM FS
#        9.20.3\arm\config\linker\ST\stm32f407xE.icf" --semihosting --entry
#        __iar_program_start --vfe --text_out locale)
#
###############################################################################

*******************************************************************************
*** RUNTIME MODEL ATTRIBUTES
***

CppFlavor                     = *
__CPP_Exceptions              = Disabled
__CPP_Language                = C++14
__CPP_Library                 = DLib
__CPP_Runtime                 = 1
__Heap_Handler                = DLMalloc
__SystemLibrary               = DLib
__dlib_dynamic_initialization = normal
__dlib_version                = 6


*******************************************************************************
*** HEAP SELECTION
***

The advanced heap was selected because the application calls memory
allocation functions outside of system library functions, and there
are calls to deallocation functions in the application.


*******************************************************************************
*** PLACEMENT SUMMARY
***

"A0":  place at address 0x800'0000 { ro section .intvec };
"P1":  place in [from 0x800'0000 to 0x807'ffff] { ro };
define block CSTACK with size = 8K, alignment = 8 { };
define block HEAP with size = 8K, alignment = 8 { };
"P4":  place in [from 0x2000'0000 to 0x2001'bfff] |
                [from 0x2001'c000 to 0x2001'ffff] {
          rw, block CSTACK, block HEAP };
initialize by copy { rw };

No sections matched the following patterns:

  ro section application_specific_ro  in "P2"
  section .backup_sram                in "P5"
  section .ccram                      in "P3"


  Section                Kind         Address      Size  Object
  -------                ----         -------      ----  ------
"A0":                                             0x188
  .intvec                ro code   0x800'0000     0x188  startup_stm32f407xx.o [1]
                                 - 0x800'0188     0x188

"P1":                                          0x2'43d8
  .rodata                const     0x800'0188    0x4048  unicode.o [10]
  .rodata                const     0x800'41d0    0x2d00  PHanFont.o [7]
  .rodata                const     0x800'6ed0    0x1800  PHanFontEng.o [7]
  .text                  ro code   0x800'86d0    0x14d8  rfm.o [10]
  .text                  ro code   0x800'9ba8      0x28  printf.o [12]
  .text                  ro code   0x800'9bd0     0xf9a  stm32f4xx_hal_i2c.o [6]
  .text                  ro code   0x800'ab6a      0x1e  xsscin.o [12]
  .text                  ro code   0x800'ab88     0x2c4  eeprom.o [10]
  .text                  ro code   0x800'ae4c     0x588  diag.o [10]
  .text                  ro code   0x800'b3d4     0x748  audio.o [10]
  .text                  ro code   0x800'bb1c     0x2c4  stm32f4xx_hal_gpio.o [6]
  .text                  ro code   0x800'bde0      0x28  sscanf.o [12]
  .text                  ro code   0x800'be08     0x1f4  flash_if.o [10]
  .text                  ro code   0x800'bffc     0x1e4  radio.o [8]
  .text                  ro code   0x800'c1e0     0x614  stm32f4xx_hal_i2s_ex.o [6]
  .text                  ro code   0x800'c7f4     0x15c  QBuf.o [10]
  .text                  ro code   0x800'c950      0x66  ABImemset.o [15]
  .text                  ro code   0x800'c9b6       0xa  xsprout.o [12]
  .text                  ro code   0x800'c9c0     0xba0  Adafruit_SSD1306.o [7]
  .text                  ro code   0x800'd560      0x28  stm32f4xx_hal.o [6]
  .text                  ro code   0x800'd588     0x72c  menu.o [10]
  .text                  ro code   0x800'dcb4     0x2ac  si446x_api_lib.o [9]
  .text                  ro code   0x800'df60       0xc  stm32f4xx_hal.o [6]
  .text                  ro code   0x800'df6c      0xa4  rand.o [12]
  .text                  ro code   0x800'e010     0x570  ProcPkt.o [10]
  .text                  ro code   0x800'e580     0x4a4  keypad.o [10]
  .text                  ro code   0x800'ea24     0x14c  adc.o [10]
  .text                  ro code   0x800'eb70     0x5aa  cli.o [10]
  .rodata                const     0x800'f11a       0x2  si4463.o [9]
  .text                  ro code   0x800'f11c     0x766  main.o [2]
  .rodata                const     0x800'f882       0x2  si4463.o [9]
  .text                  ro code   0x800'f884     0xd08  RFMProtocol.o [10]
  .text                  ro code   0x801'058c      0xa6  ABImemcpy.o [15]
  .rodata                const     0x801'0632       0x2  si4463.o [9]
  .text                  ro code   0x801'0634      0x40  sprintf.o [12]
  .text                  ro code   0x801'0674     0xf2e  xprintffull_nomb.o [12]
  .rodata                const     0x801'15a2       0x2  si4463.o [9]
  .text                  ro code   0x801'15a4     0x69c  stm32f4xx_hal_msp.o [2]
  .text                  ro code   0x801'1c40     0x190  stm32f4xx_hal_rcc.o [6]
  .text                  ro code   0x801'1dd0     0x6b8  radio_si4463.o [9]
  .text                  ro code   0x801'2488     0xdfc  si4463.o [9]
  .text                  ro code   0x801'3284      0x12  strcmp.o [15]
  .rodata                const     0x801'3296       0x2  si4463.o [9]
  .text                  ro code   0x801'3298     0xd70  xscanffull_nomb.o [12]
  .text                  ro code   0x801'4008     0x204  stm32f4xx_hal_flash.o [6]
  .text                  ro code   0x801'420c     0x190  stm32f4xx_hal_flash_ex.o [6]
  .text                  ro code   0x801'439c     0x4a8  stm32f4xx_hal_dma.o [6]
  .text                  ro code   0x801'4844       0x2  stm32f4xx_hal_i2s.o [6]
  .text                  ro code   0x801'4846       0x2  stm32f4xx_hal_i2s_ex.o [6]
  .text                  ro code   0x801'4848     0x16a  Adafruit_GFX.o [7]
  .rodata                const     0x801'49b2       0x2  xlocale_c.o [12]
  .text                  ro code   0x801'49b4     0x3b4  unicode.o [10]
  .text                  ro code   0x801'4d68     0x240  PHan_Lib.o [7]
  .text                  ro code   0x801'4fa8       0x4  Adafruit_SSD1306.o [7]
  .text                  ro code   0x801'4fac     0x13c  radio_hal.o [8]
  .text                  ro code   0x801'50e8     0x14c  radio_comm.o [8]
  .text                  ro code   0x801'5234      0x68  memcmp.o [15]
  .text                  ro code   0x801'529c     0x530  stm32f4xx_hal_adc.o [6]
  .text                  ro code   0x801'57cc      0x90  iar_Stolx.o [12]
  .text                  ro code   0x801'585c      0x39  strtok_r.o [12]
  .rodata                const     0x801'5896       0x2  xlocale_c.o [12]
  .text                  ro code   0x801'5898      0x18  strcpy.o [15]
  .text                  ro code   0x801'58b0      0x16  strchr.o [15]
  .rodata                const     0x801'58c6       0x1  si4463.o [9]
  .rodata                const     0x801'58c7       0x1  si4463.o [9]
  .text                  ro code   0x801'58c8       0xc  getchar.o [12]
  .text                  ro code   0x801'58d4     0x13c  serial.o [10]
  .text                  ro code   0x801'5a10      0x2c  stm32f4xx_hal.o [6]
  .text                  ro code   0x801'5a3c     0x5ac  stm32f4xx_hal_tim.o [6]
  .text                  ro code   0x801'5fe8     0x108  stm32f4xx_hal_tim_ex.o [6]
  .text                  ro code   0x801'60f0      0x12  setbuf.o [12]
  .text                  ro code   0x801'6102      0xaa  setvbuf.o [12]
  .text                  ro code   0x801'61ac      0x14  memset.o [15]
  .text                  ro code   0x801'61c0     0x3dc  stm32f4xx_hal_rcc.o [6]
  .text                  ro code   0x801'659c     0x310  stm32f4xx_hal_rcc_ex.o [6]
  .text                  ro code   0x801'68ac     0x2fe  stm32f4xx_hal_i2s.o [6]
  .text                  ro code   0x801'6baa      0x50  stm32f4xx_hal_iwdg.o [6]
  .rodata                const     0x801'6bfa       0x1  unwind_debug.o [16]
  .rodata                const     0x801'6bfb       0x1  xlocale_c.o [12]
  .text                  ro code   0x801'6bfc     0x3d0  stm32f4xx_hal_spi.o [6]
  .text                  ro code   0x801'6fcc     0xaf4  stm32f4xx_hal_uart.o [6]
  .text                  ro code   0x801'7ac0     0x190  stm32f4xx_hal_cortex.o [6]
  .text                  ro code   0x801'7c50     0x1e4  upgrade.o [10]
  .text                  ro code   0x801'7e34      0x40  xfail_s.o [12]
  .text                  ro code   0x801'7e74      0x36  strlen.o [15]
  .text                  ro code   0x801'7eac      0x58  memchr.o [15]
  .text                  ro code   0x801'7f04      0x70  frexp.o [14]
  .text                  ro code   0x801'7f74      0x34  DblCmpLe.o [14]
  .text                  ro code   0x801'7fa8      0x34  DblCmpGe.o [14]
  .text                  ro code   0x801'7fdc     0x13a  ldexp.o [14]
  .text                  ro code   0x801'8118      0x36  DblToS32.o [14]
  .text                  ro code   0x801'8150      0x22  S32ToDbl.o [14]
  .text                  ro code   0x801'8174     0x25e  DblAddSub.o [14]
  .text                  ro code   0x801'83d4     0x246  DblDiv.o [14]
  .text                  ro code   0x801'861c      0x22  DblToU32.o [14]
  .text                  ro code   0x801'8640      0x1c  U32ToDbl.o [14]
  .text                  ro code   0x801'865c     0x1aa  DblMul.o [14]
  .text                  ro code   0x801'8808      0x4c  xlocale_c.o [12]
  .text                  ro code   0x801'8854     0x230  I64DivMod.o [15]
  .text                  ro code   0x801'8a84      0x9c  stm32f4xx_hal_rcc.o [6]
  .text                  ro code   0x801'8b20      0x4c  stm32f4xx_hal.o [6]
  .text                  ro code   0x801'8b6c      0x14  isspace.o [12]
  .text                  ro code   0x801'8b80      0x14  isalpha.o [12]
  .text                  ro code   0x801'8b94     0x354  strto64.o [14]
  .text                  ro code   0x801'8ee8      0x68  DblToFlt.o [14]
  .text                  ro code   0x801'8f50     0x1b2  iar_Stoullx.o [12]
  .text                  ro code   0x801'9104      0xaa  iar_Stollx.o [12]
  .text                  ro code   0x801'91ae       0x6  abort.o [12]
  .text                  ro code   0x801'91b4     0x140  iar_Stoulx.o [12]
  .text                  ro code   0x801'92f4      0x22  strspn.o [12]
  .text                  ro code   0x801'9316      0x22  strcspn.o [12]
  .text                  ro code   0x801'9338       0x2  stm32f4xx_hal_tim.o [6]
  .text                  ro code   0x801'933a       0x2  stm32f4xx_hal_tim.o [6]
  .text                  ro code   0x801'933c       0x2  stm32f4xx_hal_tim.o [6]
  .text                  ro code   0x801'933e       0x2  stm32f4xx_hal_tim.o [6]
  .text                  ro code   0x801'9340       0x2  stm32f4xx_hal_tim_ex.o [6]
  .text                  ro code   0x801'9342       0x2  stm32f4xx_hal_tim.o [6]
  .text                  ro code   0x801'9344       0x2  stm32f4xx_hal_tim_ex.o [6]
  .text                  ro code   0x801'9348    0x14d4  dlmalloc.o [12]
  .text                  ro code   0x801'a81c       0x4  heaptramp0.o [12]
  .text                  ro code   0x801'a820       0x2  stm32f4xx_hal_i2s.o [6]
  .text                  ro code   0x801'a822       0x2  stm32f4xx_hal_i2s.o [6]
  .text                  ro code   0x801'a824       0x2  stm32f4xx_hal_uart.o [6]
  .text                  ro code   0x801'a826       0x2  stm32f4xx_hal_uart.o [6]
  .text                  ro code   0x801'a828       0x2  I64DivZer.o [15]
  .text                  ro code   0x801'a82a     0x122  iar_Stopfx.o [12]
  .text                  ro code   0x801'a94c     0x1b8  iar_Stoflt.o [12]
  .text                  ro code   0x801'ab04     0x208  iar_Stoxflt.o [12]
  .text                  ro code   0x801'ad0c      0x14  tolower.o [12]
  .text                  ro code   0x801'ad20      0x14  exit.o [16]
  .text                  ro code   0x801'ad34      0x2c  xgetmemchunk.o [12]
  .text                  ro code   0x801'ad60      0x7c  iarttio.o [16]
  .text                  ro code   0x801'addc       0x8  XShttio.o [12]
  .rodata                const     0x801'ade4    0x1468  unicode.o [10]
  .rodata                const     0x801'c24c    0x125c  PHanFont.o [7]
  .rodata                const     0x801'd4a8     0xae8  unicode.o [10]
  .text                  ro code   0x801'df90     0xab4  stm32f4xx_hal_pcd.o [6]
  .text                  ro code   0x801'ea44     0xa78  stm32f4xx_ll_usb.o [6]
  .text                  ro code   0x801'f4bc     0x2aa  usbd_conf.o [4]
  .text                  ro code   0x801'f766       0x2  stm32f4xx_hal_pcd_ex.o [6]
  .text                  ro code   0x801'f768     0x340  usbd_core.o [11]
  .text                  ro code   0x801'faa8     0x834  usbd_ctlreq.o [11]
  .text                  ro code   0x802'02dc      0x86  usbd_ioreq.o [11]
  .rodata                const     0x802'0364     0x3dc  si4463.o [9]
  .rodata                const     0x802'0740     0x3cc  radio.o [8]
  .text                  ro code   0x802'0b0c     0x1f0  lz77_init.o [15]
  .rodata                const     0x802'0cfc     0x19c  unicode.o [10]
  .rodata                const     0x802'0e98     0x118  unicode.o [10]
  .rodata                const     0x802'0fb0      0xf8  unicode.o [10]
  .text                  ro code   0x802'10a8      0xd8  xfspos.o [12]
  .text                  ro code   0x802'1180      0xac  fflush.o [12]
  .text                  ro code   0x802'122c       0xc  xfgpos.o [12]
  .text                  ro code   0x802'1238      0x4e  lseek.o [16]
  .text                  ro code   0x802'1286      0x10  write.o [16]
  .text                  ro code   0x802'1298      0x8c  XShHandles.o [12]
  .text                  ro code   0x802'1324      0x1e  dwrite.o [16]
  .text                  ro code   0x802'1342      0x20  iarwstd.o [16]
  .text                  ro code   0x802'1362      0x22  iarwrite.o [16]
  .text                  ro code   0x802'1384      0xb4  xfwprep.o [12]
  .text                  ro code   0x802'1438      0x24  fseek.o [12]
  .text                  ro code   0x802'145c      0x94  stm32f4xx_it.o [2]
  .text                  ro code   0x802'14f0      0x18  stm32f4xx_hal.o [6]
  .rodata                const     0x802'1508      0x78  Adafruit_SSD1306.o [7]
  .text                  ro code   0x802'1580      0x78  bootloader.o [10]
  .rodata                const     0x802'15f8      0x64  eeprom.o [10]
  .rodata                const     0x802'165c      0x64  eeprom.o [10]
  .rodata                const     0x802'16c0      0x60  ProcPkt.o [10]
  .rodata                const     0x802'1720      0x58  Adafruit_SSD1306.o [7]
  .rodata                const     0x802'1778      0x58  Adafruit_SSD1306.o [7]
  .rodata                const     0x802'17d0      0x50  iar_Stoulx.o [12]
  .rodata                const     0x802'1820      0x50  iar_Stoullx.o [12]
  .rodata                const     0x802'1870      0x48  diag.o [10]
  .rodata                const     0x802'18b8      0x48  diag.o [10]
  .rodata                const     0x802'1900      0x48  diag.o [10]
  .rodata                const     0x802'1948      0x48  diag.o [10]
  .rodata                const     0x802'1990      0x48  diag.o [10]
  .rodata                const     0x802'19d8      0x48  diag.o [10]
  .rodata                const     0x802'1a20      0x48  diag.o [10]
  .rodata                const     0x802'1a68      0x48  diag.o [10]
  .rodata                const     0x802'1ab0      0x48  diag.o [10]
  .rodata                const     0x802'1af8      0x48  diag.o [10]
  .rodata                const     0x802'1b40      0x48  diag.o [10]
  .rodata                const     0x802'1b88      0x48  diag.o [10]
  .rodata                const     0x802'1bd0      0x48  diag.o [10]
  .rodata                const     0x802'1c18      0x48  diag.o [10]
  .rodata                const     0x802'1c60      0x48  diag.o [10]
  .rodata                const     0x802'1ca8      0x48  diag.o [10]
  .rodata                const     0x802'1cf0      0x48  diag.o [10]
  .rodata                const     0x802'1d38      0x48  diag.o [10]
  .rodata                const     0x802'1d80      0x48  diag.o [10]
  .rodata                const     0x802'1dc8      0x48  diag.o [10]
  .rodata                const     0x802'1e10      0x48  diag.o [10]
  .rodata                const     0x802'1e58      0x48  diag.o [10]
  .rodata                const     0x802'1ea0      0x48  diag.o [10]
  .rodata                const     0x802'1ee8      0x48  diag.o [10]
  .rodata                const     0x802'1f30      0x48  diag.o [10]
  .rodata                const     0x802'1f78      0x48  diag.o [10]
  .rodata                const     0x802'1fc0      0x48  diag.o [10]
  .rodata                const     0x802'2008      0x48  diag.o [10]
  .rodata                const     0x802'2050      0x48  diag.o [10]
  .rodata                const     0x802'2098      0x48  diag.o [10]
  .rodata                const     0x802'20e0      0x48  diag.o [10]
  .rodata                const     0x802'2128      0x48  diag.o [10]
  .rodata                const     0x802'2170      0x48  strto64.o [14]
  .rodata                const     0x802'21b8      0x44  cli.o [10]
  .rodata                const     0x802'21fc      0x44  unicode.o [10]
  .text                  ro code   0x802'2240      0x44  putchar.o [12]
  .rodata                const     0x802'2284      0x40  Adafruit_SSD1306.o [7]
  .text                  ro code   0x802'22c4      0x40  xcloseall.o [12]
  .rodata                const     0x802'2304      0x3c  diag.o [10]
  .rodata                const     0x802'2340      0x3c  RFMProtocol.o [10]
  .rodata                const     0x802'237c      0x3c  unicode.o [10]
  .text                  ro code   0x802'23b8      0x38  zero_init3.o [15]
  .rodata                const     0x802'23f0      0x34  RFMProtocol.o [10]
  .rodata                const     0x802'2424      0x30  cli.o [10]
  .rodata                const     0x802'2454      0x30  cli.o [10]
  .rodata                const     0x802'2484      0x30  rfm.o [10]
  .rodata                const     0x802'24b4      0x30  RFMProtocol.o [10]
  .rodata                const     0x802'24e4      0x2c  rfm.o [10]
  .rodata                const     0x802'2510      0x2c  RFMProtocol.o [10]
  .rodata                const     0x802'253c      0x28  cli.o [10]
  .rodata                const     0x802'2564      0x28  diag.o [10]
  .rodata                const     0x802'258c      0x28  RFMProtocol.o [10]
  .rodata                const     0x802'25b4      0x28  upgrade.o [10]
  .rodata                const     0x802'25dc      0x28  xscanffull_nomb.o [12]
  .text                  ro code   0x802'2604      0x28  data_init.o [15]
  .rodata                const     0x802'262c      0x24  Adafruit_SSD1306.o [7]
  .rodata                const     0x802'2650      0x24  xscanffull_nomb.o [12]
  .text                  ro code   0x802'2674      0x22  fpinit_M.o [14]
  .iar.init_table        const     0x802'2698      0x30  - Linker created -
  .rodata                const     0x802'26c8      0x20  cli.o [10]
  .rodata                const     0x802'26e8      0x20  cli.o [10]
  .rodata                const     0x802'2708      0x20  cli.o [10]
  .rodata                const     0x802'2728      0x20  cli.o [10]
  .rodata                const     0x802'2748      0x20  cli.o [10]
  .rodata                const     0x802'2768      0x20  cli.o [10]
  .rodata                const     0x802'2788      0x20  cli.o [10]
  .rodata                const     0x802'27a8      0x20  eeprom.o [10]
  .rodata                const     0x802'27c8      0x20  PHanFont.o [7]
  .rodata                const     0x802'27e8      0x20  PHanFont.o [7]
  .rodata                const     0x802'2808      0x20  PHanFont.o [7]
  .rodata                const     0x802'2828      0x20  rfm.o [10]
  .rodata                const     0x802'2848      0x20  rfm.o [10]
  .text                  ro code   0x802'2868      0x20  system_stm32f4xx.o [5]
  .text                  ro code   0x802'2888      0x20  cmain_call_ctors.o [15]
  .text                  ro code   0x802'28a8      0x18  cppinit.o [12]
  .text                  ro code   0x802'28c0      0x1e  cmain.o [15]
  .text                  ro code   0x802'28de       0x4  low_level_init.o [12]
  .text                  ro code   0x802'28e2       0x4  exit.o [12]
  .text                  ro code   0x802'28e8       0xe  cexit.o [15]
  .rodata                const     0x802'28f8      0x1c  audio.o [10]
  .rodata                const     0x802'2914      0x1c  audio.o [10]
  .rodata                const     0x802'2930      0x1c  audio.o [10]
  .rodata                const     0x802'294c      0x1c  bootloader.o [10]
  .rodata                const     0x802'2968      0x1c  cli.o [10]
  .rodata                const     0x802'2984      0x1c  cli.o [10]
  .rodata                const     0x802'29a0      0x1c  cli.o [10]
  .rodata                const     0x802'29bc      0x1c  cli.o [10]
  .rodata                const     0x802'29d8      0x1c  cli.o [10]
  .rodata                const     0x802'29f4      0x1c  cli.o [10]
  .rodata                const     0x802'2a10      0x1c  cli.o [10]
  .rodata                const     0x802'2a2c      0x1c  cli.o [10]
  .rodata                const     0x802'2a48      0x1c  diag.o [10]
  .rodata                const     0x802'2a64      0x1c  menu.o [10]
  .rodata                const     0x802'2a80      0x1c  rfm.o [10]
  .rodata                const     0x802'2a9c      0x1c  rfm.o [10]
  .rodata                const     0x802'2ab8      0x1c  rfm.o [10]
  .rodata                const     0x802'2ad4      0x1c  rfm.o [10]
  .rodata                const     0x802'2af0      0x1c  rfm.o [10]
  .rodata                const     0x802'2b0c      0x1c  rfm.o [10]
  .rodata                const     0x802'2b28      0x1c  RFMProtocol.o [10]
  .rodata                const     0x802'2b44      0x1c  RFMProtocol.o [10]
  .rodata                const     0x802'2b60      0x1c  RFMProtocol.o [10]
  .text                  ro code   0x802'2b7c      0x1c  cstartup_M.o [15]
  .rodata                const     0x802'2b98      0x18  cli.o [10]
  .rodata                const     0x802'2bb0      0x18  cli.o [10]
  .rodata                const     0x802'2bc8      0x18  cli.o [10]
  .rodata                const     0x802'2be0      0x18  cli.o [10]
  .rodata                const     0x802'2bf8      0x18  cli.o [10]
  .rodata                const     0x802'2c10      0x18  cli.o [10]
  .rodata                const     0x802'2c28      0x18  cli.o [10]
  .rodata                const     0x802'2c40      0x18  cli.o [10]
  .rodata                const     0x802'2c58      0x18  cli.o [10]
  .rodata                const     0x802'2c70      0x18  cli.o [10]
  .rodata                const     0x802'2c88      0x18  cli.o [10]
  .rodata                const     0x802'2ca0      0x18  cli.o [10]
  .rodata                const     0x802'2cb8      0x18  cli.o [10]
  .rodata                const     0x802'2cd0      0x18  cli.o [10]
  .rodata                const     0x802'2ce8      0x18  cli.o [10]
  .rodata                const     0x802'2d00      0x18  cli.o [10]
  .rodata                const     0x802'2d18      0x18  cli.o [10]
  .rodata                const     0x802'2d30      0x18  diag.o [10]
  .rodata                const     0x802'2d48      0x18  diag.o [10]
  .rodata                const     0x802'2d60      0x18  flash_if.o [10]
  .rodata                const     0x802'2d78      0x18  flash_if.o [10]
  .rodata                const     0x802'2d90      0x18  PHanFont.o [7]
  .rodata                const     0x802'2da8      0x18  PHanFont.o [7]
  .rodata                const     0x802'2dc0      0x18  PHanFont.o [7]
  .rodata                const     0x802'2dd8      0x18  radio_si4463.o [9]
  .rodata                const     0x802'2df0      0x18  radio_si4463.o [9]
  .rodata                const     0x802'2e08      0x18  radio_si4463.o [9]
  .rodata                const     0x802'2e20      0x18  radio_si4463.o [9]
  .rodata                const     0x802'2e38      0x18  radio_si4463.o [9]
  .rodata                const     0x802'2e50      0x18  radio_si4463.o [9]
  .rodata                const     0x802'2e68      0x18  radio_si4463.o [9]
  .rodata                const     0x802'2e80      0x18  radio_si4463.o [9]
  .rodata                const     0x802'2e98      0x18  radio_si4463.o [9]
  .rodata                const     0x802'2eb0      0x18  radio_si4463.o [9]
  .rodata                const     0x802'2ec8      0x18  radio_si4463.o [9]
  .rodata                const     0x802'2ee0      0x18  radio_si4463.o [9]
  .rodata                const     0x802'2ef8      0x18  radio_si4463.o [9]
  .rodata                const     0x802'2f10      0x18  radio_si4463.o [9]
  .rodata                const     0x802'2f28      0x18  radio_si4463.o [9]
  .rodata                const     0x802'2f40      0x18  rfm.o [10]
  .rodata                const     0x802'2f58      0x18  rfm.o [10]
  .rodata                const     0x802'2f70      0x18  rfm.o [10]
  .rodata                const     0x802'2f88      0x18  rfm.o [10]
  .rodata                const     0x802'2fa0      0x18  rfm.o [10]
  .rodata                const     0x802'2fb8      0x18  rfm.o [10]
  .rodata                const     0x802'2fd0      0x18  rfm.o [10]
  .rodata                const     0x802'2fe8      0x18  RFMProtocol.o [10]
  .rodata                const     0x802'3000      0x18  RFMProtocol.o [10]
  .text                  ro code   0x802'3018      0x16  xprout.o [12]
  .rodata                const     0x802'3030      0x14  audio.o [10]
  .rodata                const     0x802'3044      0x14  audio.o [10]
  .rodata                const     0x802'3058      0x14  audio.o [10]
  .rodata                const     0x802'306c      0x14  audio.o [10]
  .rodata                const     0x802'3080      0x14  audio.o [10]
  .rodata                const     0x802'3094      0x14  audio.o [10]
  .rodata                const     0x802'30a8      0x14  audio.o [10]
  .rodata                const     0x802'30bc      0x14  bootloader.o [10]
  .rodata                const     0x802'30d0      0x14  cli.o [10]
  .rodata                const     0x802'30e4      0x14  cli.o [10]
  .rodata                const     0x802'30f8      0x14  cli.o [10]
  .rodata                const     0x802'310c      0x14  cli.o [10]
  .rodata                const     0x802'3120      0x14  diag.o [10]
  .rodata                const     0x802'3134      0x14  diag.o [10]
  .rodata                const     0x802'3148      0x14  diag.o [10]
  .rodata                const     0x802'315c      0x14  diag.o [10]
  .rodata                const     0x802'3170      0x14  diag.o [10]
  .rodata                const     0x802'3184      0x14  eeprom.o [10]
  .rodata                const     0x802'3198      0x14  eeprom.o [10]
  .rodata                const     0x802'31ac      0x14  eeprom.o [10]
  .rodata                const     0x802'31c0      0x14  flash_if.o [10]
  .rodata                const     0x802'31d4      0x14  keypad.o [10]
  .rodata                const     0x802'31e8      0x14  keypad.o [10]
  .rodata                const     0x802'31fc      0x14  menu.o [10]
  .rodata                const     0x802'3210      0x14  menu.o [10]
  .rodata                const     0x802'3224      0x14  ProcPkt.o [10]
  .rodata                const     0x802'3238      0x14  radio_si4463.o [9]
  .rodata                const     0x802'324c      0x14  radio_si4463.o [9]
  .rodata                const     0x802'3260      0x14  radio_si4463.o [9]
  .rodata                const     0x802'3274      0x14  rfm.o [10]
  .rodata                const     0x802'3288      0x14  rfm.o [10]
  .rodata                const     0x802'329c      0x14  rfm.o [10]
  .rodata                const     0x802'32b0      0x14  rfm.o [10]
  .rodata                const     0x802'32c4      0x14  rfm.o [10]
  .rodata                const     0x802'32d8      0x14  rfm.o [10]
  .rodata                const     0x802'32ec      0x14  rfm.o [10]
  .rodata                const     0x802'3300      0x14  rfm.o [10]
  .rodata                const     0x802'3314      0x14  rfm.o [10]
  .rodata                const     0x802'3328      0x14  RFMProtocol.o [10]
  .rodata                const     0x802'333c      0x14  RFMProtocol.o [10]
  .rodata                const     0x802'3350      0x14  RFMProtocol.o [10]
  .rodata                const     0x802'3364      0x10  Adafruit_SSD1306.o [7]
  .rodata                const     0x802'3374      0x10  audio.o [10]
  .rodata                const     0x802'3384      0x10  audio.o [10]
  .rodata                const     0x802'3394      0x10  audio.o [10]
  .rodata                const     0x802'33a4      0x10  audio.o [10]
  .rodata                const     0x802'33b4      0x10  cli.o [10]
  .rodata                const     0x802'33c4      0x10  diag.o [10]
  .rodata                const     0x802'33d4      0x10  diag.o [10]
  .rodata                const     0x802'33e4      0x10  diag.o [10]
  .rodata                const     0x802'33f4      0x10  diag.o [10]
  .rodata                const     0x802'3404      0x10  diag.o [10]
  .rodata                const     0x802'3414      0x10  keypad.o [10]
  .rodata                const     0x802'3424      0x10  keypad.o [10]
  .rodata                const     0x802'3434      0x10  keypad.o [10]
  .rodata                const     0x802'3444      0x10  menu.o [10]
  .rodata                const     0x802'3454      0x10  menu.o [10]
  .rodata                const     0x802'3464      0x10  menu.o [10]
  .rodata                const     0x802'3474      0x10  menu.o [10]
  .rodata                const     0x802'3484      0x10  menu.o [10]
  .rodata                const     0x802'3494      0x10  menu.o [10]
  .rodata                const     0x802'34a4      0x10  menu.o [10]
  .rodata                const     0x802'34b4      0x10  menu.o [10]
  .rodata                const     0x802'34c4      0x10  menu.o [10]
  .rodata                const     0x802'34d4      0x10  menu.o [10]
  .rodata                const     0x802'34e4      0x10  menu.o [10]
  .rodata                const     0x802'34f4      0x10  menu.o [10]
  .rodata                const     0x802'3504      0x10  menu.o [10]
  .rodata                const     0x802'3514      0x10  menu.o [10]
  .rodata                const     0x802'3524      0x10  menu.o [10]
  .rodata                const     0x802'3534      0x10  menu.o [10]
  .rodata                const     0x802'3544      0x10  menu.o [10]
  .rodata                const     0x802'3554      0x10  menu.o [10]
  .rodata                const     0x802'3564      0x10  menu.o [10]
  .rodata                const     0x802'3574      0x10  menu.o [10]
  .rodata                const     0x802'3584      0x10  menu.o [10]
  .rodata                const     0x802'3594      0x10  menu.o [10]
  .rodata                const     0x802'35a4      0x10  menu.o [10]
  .rodata                const     0x802'35b4      0x10  menu.o [10]
  .rodata                const     0x802'35c4      0x10  menu.o [10]
  .rodata                const     0x802'35d4      0x10  menu.o [10]
  .rodata                const     0x802'35e4      0x10  menu.o [10]
  .rodata                const     0x802'35f4      0x10  menu.o [10]
  .rodata                const     0x802'3604      0x10  menu.o [10]
  .rodata                const     0x802'3614      0x10  menu.o [10]
  .rodata                const     0x802'3624      0x10  menu.o [10]
  .rodata                const     0x802'3634      0x10  menu.o [10]
  .rodata                const     0x802'3644      0x10  menu.o [10]
  .rodata                const     0x802'3654      0x10  menu.o [10]
  .rodata                const     0x802'3664      0x10  menu.o [10]
  .rodata                const     0x802'3674      0x10  menu.o [10]
  .rodata                const     0x802'3684      0x10  menu.o [10]
  .rodata                const     0x802'3694      0x10  menu.o [10]
  .rodata                const     0x802'36a4      0x10  menu.o [10]
  .rodata                const     0x802'36b4      0x10  menu.o [10]
  .rodata                const     0x802'36c4      0x10  menu.o [10]
  .rodata                const     0x802'36d4      0x10  menu.o [10]
  .rodata                const     0x802'36e4      0x10  menu.o [10]
  .rodata                const     0x802'36f4      0x10  radio_si4463.o [9]
  .rodata                const     0x802'3704      0x10  radio_si4463.o [9]
  .rodata                const     0x802'3714      0x10  rfm.o [10]
  .rodata                const     0x802'3724      0x10  rfm.o [10]
  .rodata                const     0x802'3734      0x10  rfm.o [10]
  .rodata                const     0x802'3744      0x10  rfm.o [10]
  .rodata                const     0x802'3754      0x10  rfm.o [10]
  .rodata                const     0x802'3764      0x10  rfm.o [10]
  .rodata                const     0x802'3774      0x10  rfm.o [10]
  .rodata                const     0x802'3784      0x10  rfm.o [10]
  .rodata                const     0x802'3794      0x10  RFMProtocol.o [10]
  .rodata                const     0x802'37a4      0x10  RFMProtocol.o [10]
  .rodata                const     0x802'37b4      0x10  RFMProtocol.o [10]
  .rodata                const     0x802'37c4      0x10  RFMProtocol.o [10]
  .rodata                const     0x802'37d4      0x10  RFMProtocol.o [10]
  .rodata                const     0x802'37e4      0x10  RFMProtocol.o [10]
  .rodata                const     0x802'37f4      0x10  RFMProtocol.o [10]
  .rodata                const     0x802'3804      0x10  RFMProtocol.o [10]
  .rodata                const     0x802'3814      0x10  RFMProtocol.o [10]
  .rodata                const     0x802'3824      0x10  system_stm32f4xx.o [5]
  .rodata                const     0x802'3834      0x10  upgrade.o [10]
  .rodata                const     0x802'3844      0x10  upgrade.o [10]
  .rodata                const     0x802'3854      0x10  upgrade.o [10]
  .text                  ro code   0x802'3864      0x10  startup_stm32f407xx.o [1]
  .rodata                const     0x802'3874       0xc  audio.o [10]
  .rodata                const     0x802'3880       0xc  audio.o [10]
  .rodata                const     0x802'388c       0xc  audio.o [10]
  .rodata                const     0x802'3898       0xc  cli.o [10]
  .rodata                const     0x802'38a4       0xc  cli.o [10]
  .rodata                const     0x802'38b0       0xc  cli.o [10]
  .rodata                const     0x802'38bc       0xc  eeprom.o [10]
  .rodata                const     0x802'38c8       0xc  keypad.o [10]
  .rodata                const     0x802'38d4       0xc  keypad.o [10]
  .rodata                const     0x802'38e0       0xc  menu.o [10]
  .rodata                const     0x802'38ec       0xc  menu.o [10]
  .rodata                const     0x802'38f8       0xc  menu.o [10]
  .rodata                const     0x802'3904       0xc  menu.o [10]
  .rodata                const     0x802'3910       0xc  menu.o [10]
  .rodata                const     0x802'391c       0xc  menu.o [10]
  .rodata                const     0x802'3928       0xc  menu.o [10]
  .rodata                const     0x802'3934       0xc  menu.o [10]
  .rodata                const     0x802'3940       0xc  menu.o [10]
  .rodata                const     0x802'394c       0xc  menu.o [10]
  .rodata                const     0x802'3958       0xc  menu.o [10]
  .rodata                const     0x802'3964       0xc  menu.o [10]
  .rodata                const     0x802'3970       0xc  menu.o [10]
  .rodata                const     0x802'397c       0xc  menu.o [10]
  .rodata                const     0x802'3988       0xc  menu.o [10]
  .rodata                const     0x802'3994       0xc  menu.o [10]
  .rodata                const     0x802'39a0       0xc  menu.o [10]
  .rodata                const     0x802'39ac       0xc  menu.o [10]
  .rodata                const     0x802'39b8       0xc  menu.o [10]
  .rodata                const     0x802'39c4       0xc  menu.o [10]
  .rodata                const     0x802'39d0       0xc  menu.o [10]
  .rodata                const     0x802'39dc       0xc  menu.o [10]
  .rodata                const     0x802'39e8       0xc  menu.o [10]
  .rodata                const     0x802'39f4       0xc  menu.o [10]
  .rodata                const     0x802'3a00       0xc  menu.o [10]
  .rodata                const     0x802'3a0c       0xc  menu.o [10]
  .rodata                const     0x802'3a18       0xc  menu.o [10]
  .rodata                const     0x802'3a24       0xc  menu.o [10]
  .rodata                const     0x802'3a30       0xc  menu.o [10]
  .rodata                const     0x802'3a3c       0xc  menu.o [10]
  .rodata                const     0x802'3a48       0xc  menu.o [10]
  .rodata                const     0x802'3a54       0xc  menu.o [10]
  .rodata                const     0x802'3a60       0xc  menu.o [10]
  .rodata                const     0x802'3a6c       0xc  menu.o [10]
  .rodata                const     0x802'3a78       0xc  menu.o [10]
  .rodata                const     0x802'3a84       0xc  menu.o [10]
  .rodata                const     0x802'3a90       0xc  menu.o [10]
  .rodata                const     0x802'3a9c       0xc  menu.o [10]
  .rodata                const     0x802'3aa8       0xc  menu.o [10]
  .rodata                const     0x802'3ab4       0xc  menu.o [10]
  .rodata                const     0x802'3ac0       0xc  menu.o [10]
  .rodata                const     0x802'3acc       0xc  menu.o [10]
  .rodata                const     0x802'3ad8       0xc  menu.o [10]
  .rodata                const     0x802'3ae4       0xc  menu.o [10]
  .rodata                const     0x802'3af0       0xc  ProcPkt.o [10]
  .rodata                const     0x802'3afc       0xc  radio_si4463.o [9]
  .rodata                const     0x802'3b08       0xc  radio_si4463.o [9]
  .rodata                const     0x802'3b14       0xc  radio_si4463.o [9]
  .rodata                const     0x802'3b20       0xc  radio_si4463.o [9]
  .rodata                const     0x802'3b2c       0xc  radio_si4463.o [9]
  .rodata                const     0x802'3b38       0xc  radio_si4463.o [9]
  .rodata                const     0x802'3b44       0xc  radio_si4463.o [9]
  .rodata                const     0x802'3b50       0xc  rfm.o [10]
  .rodata                const     0x802'3b5c       0xc  rfm.o [10]
  .rodata                const     0x802'3b68       0xc  rfm.o [10]
  .rodata                const     0x802'3b74       0xc  rfm.o [10]
  .rodata                const     0x802'3b80       0xc  rfm.o [10]
  .rodata                const     0x802'3b8c       0xc  rfm.o [10]
  .rodata                const     0x802'3b98       0xc  rfm.o [10]
  .rodata                const     0x802'3ba4       0xc  rfm.o [10]
  .rodata                const     0x802'3bb0       0xc  rfm.o [10]
  .rodata                const     0x802'3bbc       0xc  rfm.o [10]
  .rodata                const     0x802'3bc8       0xc  rfm.o [10]
  .rodata                const     0x802'3bd4       0xc  rfm.o [10]
  .rodata                const     0x802'3be0       0xc  rfm.o [10]
  .rodata                const     0x802'3bec       0xc  rfm.o [10]
  .rodata                const     0x802'3bf8       0xc  rfm.o [10]
  .rodata                const     0x802'3c04       0xc  rfm.o [10]
  .rodata                const     0x802'3c10       0xc  RFMProtocol.o [10]
  .rodata                const     0x802'3c1c       0xc  RFMProtocol.o [10]
  .rodata                const     0x802'3c28       0xc  RFMProtocol.o [10]
  .rodata                const     0x802'3c34       0xc  RFMProtocol.o [10]
  .rodata                const     0x802'3c40       0xc  RFMProtocol.o [10]
  .rodata                const     0x802'3c4c       0xc  RFMProtocol.o [10]
  .rodata                const     0x802'3c58       0xc  RFMProtocol.o [10]
  .rodata                const     0x802'3c64       0xc  RFMProtocol.o [10]
  .rodata                const     0x802'3c70       0xc  RFMProtocol.o [10]
  .rodata                const     0x802'3c7c       0xc  RFMProtocol.o [10]
  .rodata                const     0x802'3c88       0xc  RFMProtocol.o [10]
  .rodata                const     0x802'3c94       0xc  RFMProtocol.o [10]
  .rodata                const     0x802'3ca0       0xc  RFMProtocol.o [10]
  .rodata                const     0x802'3cac       0xc  upgrade.o [10]
  .rodata                const     0x802'3cb8       0x8  audio.o [10]
  .rodata                const     0x802'3cc0       0x8  audio.o [10]
  .rodata                const     0x802'3cc8       0x8  audio.o [10]
  .rodata                const     0x802'3cd0       0x8  audio.o [10]
  .rodata                const     0x802'3cd8       0x8  audio.o [10]
  .rodata                const     0x802'3ce0       0x8  audio.o [10]
  .rodata                const     0x802'3ce8       0x8  cli.o [10]
  .rodata                const     0x802'3cf0       0x8  cli.o [10]
  .rodata                const     0x802'3cf8       0x8  cli.o [10]
  .rodata                const     0x802'3d00       0x8  cli.o [10]
  .rodata                const     0x802'3d08       0x8  cli.o [10]
  .rodata                const     0x802'3d10       0x8  cli.o [10]
  .rodata                const     0x802'3d18       0x8  cli.o [10]
  .rodata                const     0x802'3d20       0x8  cli.o [10]
  .rodata                const     0x802'3d28       0x8  cli.o [10]
  .rodata                const     0x802'3d30       0x8  cli.o [10]
  .rodata                const     0x802'3d38       0x8  cli.o [10]
  .rodata                const     0x802'3d40       0x8  cli.o [10]
  .rodata                const     0x802'3d48       0x8  cli.o [10]
  .rodata                const     0x802'3d50       0x8  cli.o [10]
  .rodata                const     0x802'3d58       0x8  cli.o [10]
  .rodata                const     0x802'3d60       0x8  cli.o [10]
  .rodata                const     0x802'3d68       0x8  cli.o [10]
  .rodata                const     0x802'3d70       0x8  cli.o [10]
  .rodata                const     0x802'3d78       0x8  cli.o [10]
  .rodata                const     0x802'3d80       0x8  diag.o [10]
  .rodata                const     0x802'3d88       0x8  diag.o [10]
  .rodata                const     0x802'3d90       0x8  diag.o [10]
  .rodata                const     0x802'3d98       0x8  eeprom.o [10]
  .rodata                const     0x802'3da0       0x8  eeprom.o [10]
  .rodata                const     0x802'3da8       0x8  flash_if.o [10]
  .rodata                const     0x802'3db0       0x8  keypad.o [10]
  .rodata                const     0x802'3db8       0x8  keypad.o [10]
  .rodata                const     0x802'3dc0       0x8  keypad.o [10]
  .rodata                const     0x802'3dc8       0x8  keypad.o [10]
  .rodata                const     0x802'3dd0       0x8  keypad.o [10]
  .rodata                const     0x802'3dd8       0x8  keypad.o [10]
  .rodata                const     0x802'3de0       0x8  keypad.o [10]
  .rodata                const     0x802'3de8       0x8  menu.o [10]
  .rodata                const     0x802'3df0       0x8  radio_si4463.o [9]
  .rodata                const     0x802'3df8       0x8  radio_si4463.o [9]
  .rodata                const     0x802'3e00       0x8  radio_si4463.o [9]
  .rodata                const     0x802'3e08       0x8  rfm.o [10]
  .rodata                const     0x802'3e10       0x8  rfm.o [10]
  .rodata                const     0x802'3e18       0x8  rfm.o [10]
  .rodata                const     0x802'3e20       0x8  rfm.o [10]
  .rodata                const     0x802'3e28       0x8  rfm.o [10]
  .rodata                const     0x802'3e30       0x8  rfm.o [10]
  .rodata                const     0x802'3e38       0x8  rfm.o [10]
  .rodata                const     0x802'3e40       0x8  rfm.o [10]
  .rodata                const     0x802'3e48       0x8  rfm.o [10]
  .rodata                const     0x802'3e50       0x8  rfm.o [10]
  .rodata                const     0x802'3e58       0x8  rfm.o [10]
  .rodata                const     0x802'3e60       0x8  rfm.o [10]
  .rodata                const     0x802'3e68       0x8  rfm.o [10]
  .rodata                const     0x802'3e70       0x8  RFMProtocol.o [10]
  .rodata                const     0x802'3e78       0x8  RFMProtocol.o [10]
  .rodata                const     0x802'3e80       0x8  RFMProtocol.o [10]
  .rodata                const     0x802'3e88       0x8  RFMProtocol.o [10]
  .rodata                const     0x802'3e90       0x8  RFMProtocol.o [10]
  .rodata                const     0x802'3e98       0x8  RFMProtocol.o [10]
  .rodata                const     0x802'3ea0       0x8  RFMProtocol.o [10]
  .rodata                const     0x802'3ea8       0x8  RFMProtocol.o [10]
  .rodata                const     0x802'3eb0       0x8  RFMProtocol.o [10]
  .rodata                const     0x802'3eb8       0x8  si4463.o [9]
  .rodata                const     0x802'3ec0       0x8  si4463.o [9]
  .rodata                const     0x802'3ec8       0x8  stm32f4xx_hal_dma.o [6]
  .rodata                const     0x802'3ed0       0x8  system_stm32f4xx.o [5]
  .rodata                const     0x802'3ed8       0x8  upgrade.o [10]
  .rodata                const     0x802'3ee0       0x4  cli.o [10]
  .rodata                const     0x802'3ee4       0x4  cli.o [10]
  .rodata                const     0x802'3ee8       0x4  cli.o [10]
  .rodata                const     0x802'3eec       0x4  cli.o [10]
  .rodata                const     0x802'3ef0       0x4  cli.o [10]
  .rodata                const     0x802'3ef4       0x4  cli.o [10]
  .rodata                const     0x802'3ef8       0x4  cli.o [10]
  .rodata                const     0x802'3efc       0x4  cli.o [10]
  .rodata                const     0x802'3f00       0x4  si4463.o [9]
  .rodata                const     0x802'3f04       0x4  si4463.o [9]
  .text                  ro code   0x802'3f08       0x4  startup_stm32f407xx.o [1]
  .text                  ro code   0x802'3f0c       0x4  startup_stm32f407xx.o [1]
  .text                  ro code   0x802'3f10       0x4  startup_stm32f407xx.o [1]
  .text                  ro code   0x802'3f14       0x4  startup_stm32f407xx.o [1]
  .text                  ro code   0x802'3f18       0x4  startup_stm32f407xx.o [1]
  .text                  ro code   0x802'3f1c       0x4  startup_stm32f407xx.o [1]
  .text                  ro code   0x802'3f20       0x4  startup_stm32f407xx.o [1]
  .text                  ro code   0x802'3f24       0x4  startup_stm32f407xx.o [1]
  .text                  ro code   0x802'3f28       0x4  startup_stm32f407xx.o [1]
  .text                  ro code   0x802'3f2c       0x4  startup_stm32f407xx.o [1]
  .text                  ro code   0x802'3f30       0x4  startup_stm32f407xx.o [1]
  .text                  ro code   0x802'3f34       0x4  startup_stm32f407xx.o [1]
  .text                  ro code   0x802'3f38       0x4  startup_stm32f407xx.o [1]
  .text                  ro code   0x802'3f3c       0x4  startup_stm32f407xx.o [1]
  .text                  ro code   0x802'3f40       0x4  startup_stm32f407xx.o [1]
  .text                  ro code   0x802'3f44       0x4  startup_stm32f407xx.o [1]
  .text                  ro code   0x802'3f48       0x4  startup_stm32f407xx.o [1]
  .text                  ro code   0x802'3f4c       0x4  startup_stm32f407xx.o [1]
  .text                  ro code   0x802'3f50       0x4  startup_stm32f407xx.o [1]
  .text                  ro code   0x802'3f54       0x4  startup_stm32f407xx.o [1]
  .text                  ro code   0x802'3f58       0x4  startup_stm32f407xx.o [1]
  .text                  ro code   0x802'3f5c       0x4  startup_stm32f407xx.o [1]
  .text                  ro code   0x802'3f60       0x4  startup_stm32f407xx.o [1]
  .text                  ro code   0x802'3f64       0x4  startup_stm32f407xx.o [1]
  .text                  ro code   0x802'3f68       0x4  startup_stm32f407xx.o [1]
  .text                  ro code   0x802'3f6c       0x4  startup_stm32f407xx.o [1]
  .text                  ro code   0x802'3f70       0x4  startup_stm32f407xx.o [1]
  .text                  ro code   0x802'3f74       0x4  startup_stm32f407xx.o [1]
  .text                  ro code   0x802'3f78       0x4  startup_stm32f407xx.o [1]
  .text                  ro code   0x802'3f7c       0x4  startup_stm32f407xx.o [1]
  .text                  ro code   0x802'3f80       0x4  startup_stm32f407xx.o [1]
  .text                  ro code   0x802'3f84       0x4  startup_stm32f407xx.o [1]
  .text                  ro code   0x802'3f88       0x4  startup_stm32f407xx.o [1]
  .text                  ro code   0x802'3f8c       0x4  startup_stm32f407xx.o [1]
  .text                  ro code   0x802'3f90       0x4  startup_stm32f407xx.o [1]
  .text                  ro code   0x802'3f94       0x4  startup_stm32f407xx.o [1]
  .text                  ro code   0x802'3f98       0x4  startup_stm32f407xx.o [1]
  .text                  ro code   0x802'3f9c       0x4  startup_stm32f407xx.o [1]
  .text                  ro code   0x802'3fa0       0x4  startup_stm32f407xx.o [1]
  .text                  ro code   0x802'3fa4       0x4  startup_stm32f407xx.o [1]
  .text                  ro code   0x802'3fa8       0x4  startup_stm32f407xx.o [1]
  .text                  ro code   0x802'3fac       0x4  startup_stm32f407xx.o [1]
  .text                  ro code   0x802'3fb0       0x4  startup_stm32f407xx.o [1]
  .text                  ro code   0x802'3fb4       0x4  startup_stm32f407xx.o [1]
  .text                  ro code   0x802'3fb8       0x4  startup_stm32f407xx.o [1]
  .text                  ro code   0x802'3fbc       0x4  startup_stm32f407xx.o [1]
  .text                  ro code   0x802'3fc0       0x4  startup_stm32f407xx.o [1]
  .text                  ro code   0x802'3fc4       0x4  startup_stm32f407xx.o [1]
  .text                  ro code   0x802'3fc8       0x4  startup_stm32f407xx.o [1]
  .text                  ro code   0x802'3fcc       0x4  startup_stm32f407xx.o [1]
  .text                  ro code   0x802'3fd0       0x4  startup_stm32f407xx.o [1]
  .text                  ro code   0x802'3fd4       0x4  startup_stm32f407xx.o [1]
  .text                  ro code   0x802'3fd8       0x4  startup_stm32f407xx.o [1]
  .text                  ro code   0x802'3fdc       0x4  startup_stm32f407xx.o [1]
  .text                  ro code   0x802'3fe0       0x4  startup_stm32f407xx.o [1]
  .text                  ro code   0x802'3fe4       0x4  startup_stm32f407xx.o [1]
  .text                  ro code   0x802'3fe8       0x4  startup_stm32f407xx.o [1]
  .text                  ro code   0x802'3fec       0x4  startup_stm32f407xx.o [1]
  .text                  ro code   0x802'3ff0       0x4  startup_stm32f407xx.o [1]
  .text                  ro code   0x802'3ff4       0x4  startup_stm32f407xx.o [1]
  .text                  ro code   0x802'3ff8       0x4  startup_stm32f407xx.o [1]
  .text                  ro code   0x802'3ffc       0x4  startup_stm32f407xx.o [1]
  .text                  ro code   0x802'4000       0x4  startup_stm32f407xx.o [1]
  .text                  ro code   0x802'4004       0x4  startup_stm32f407xx.o [1]
  .text                  ro code   0x802'4008       0x4  startup_stm32f407xx.o [1]
  .text                  ro code   0x802'400c       0x4  startup_stm32f407xx.o [1]
  .text                  ro code   0x802'4010       0x4  startup_stm32f407xx.o [1]
  .text                  ro code   0x802'4014       0x4  startup_stm32f407xx.o [1]
  .text                  ro code   0x802'4018       0x4  startup_stm32f407xx.o [1]
  .text                  ro code   0x802'401c       0x4  startup_stm32f407xx.o [1]
  .text                  ro code   0x802'4020       0x4  startup_stm32f407xx.o [1]
  .text                  ro code   0x802'4024       0x4  startup_stm32f407xx.o [1]
  SHT$$PREINIT_ARRAY               0x802'4028       0x0  <Block>
  SHT$$INIT_ARRAY                  0x802'4028       0x4  <Block>
    .init_array          const     0x802'4028       0x4  Adafruit_SSD1306.o [7]
  __iar_tls$$INIT_ARRAY            0x802'402c       0x0  <Block>
  .text                  ro code   0x802'402c       0x0  cstart_closeall.o [15]
  .rodata                const     0x802'402c       0x0  zero_init3.o [15]
  .rodata                const     0x802'402c       0x0  lz77_init.o [15]
  Initializer bytes      const     0x802'402c     0x534  <for P4 s0>
                                 - 0x802'4560  0x2'43d8

"P4", part 1 of 3:                                0xc91
  P4 s0                           0x2000'0000     0xc91  <Init block>
    .data                inited   0x2000'0000     0x200  Adafruit_SSD1306.o [7]
    .data                inited   0x2000'0200     0x200  Adafruit_SSD1306.o [7]
    .data                inited   0x2000'0400     0x180  cli.o [10]
    .data                inited   0x2000'0580     0x140  audio.o [10]
    .data                inited   0x2000'06c0     0x140  menu.o [10]
    .data                inited   0x2000'0800      0x84  Adafruit_SSD1306.o [7]
    .data                inited   0x2000'0884      0x50  menu.o [10]
    .data                inited   0x2000'08d4      0x4c  radio.o [8]
    .data                inited   0x2000'0920      0x48  xfiles.o [12]
    .data                inited   0x2000'0968      0x48  xfiles.o [12]
    .data                inited   0x2000'09b0      0x48  xfiles.o [12]
    .data                inited   0x2000'09f8      0x48  xlocale_c.o [12]
    .data                inited   0x2000'0a40      0x40  menu.o [10]
    .data                inited   0x2000'0a80      0x38  xlocale_c.o [12]
    .data                inited   0x2000'0ab8      0x28  menu.o [10]
    .data                inited   0x2000'0ae0      0x24  menu.o [10]
    .data                inited   0x2000'0b04      0x20  menu.o [10]
    .data                inited   0x2000'0b24      0x20  xfiles.o [12]
    .data                inited   0x2000'0b44      0x18  menu.o [10]
    .data                inited   0x2000'0b5c      0x10  menu.o [10]
    .data                inited   0x2000'0b6c      0x10  menu.o [10]
    .data                inited   0x2000'0b7c       0xc  menu.o [10]
    .data                inited   0x2000'0b88       0xc  menu.o [10]
    .data                inited   0x2000'0b94       0xc  menu.o [10]
    .data                inited   0x2000'0ba0       0xc  menu.o [10]
    .data                inited   0x2000'0bac       0xc  menu.o [10]
    .data                inited   0x2000'0bb8       0xc  menu.o [10]
    .data                inited   0x2000'0bc4       0xc  menu.o [10]
    .data                inited   0x2000'0bd0       0xc  menu.o [10]
    .data                inited   0x2000'0bdc       0xc  menu.o [10]
    .data                inited   0x2000'0be8       0xc  menu.o [10]
    .data                inited   0x2000'0bf4       0xc  menu.o [10]
    .data                inited   0x2000'0c00       0xc  menu.o [10]
    .data                inited   0x2000'0c0c       0xc  menu.o [10]
    .data                inited   0x2000'0c18       0xc  menu.o [10]
    .data                inited   0x2000'0c24       0xc  menu.o [10]
    .data                inited   0x2000'0c30       0x8  Adafruit_SSD1306.o [7]
    .data                inited   0x2000'0c38       0x8  Adafruit_SSD1306.o [7]
    .data                inited   0x2000'0c40       0x8  menu.o [10]
    .data                inited   0x2000'0c48       0x8  menu.o [10]
    .data                inited   0x2000'0c50       0x8  menu.o [10]
    .data                inited   0x2000'0c58       0x8  rand.o [12]
    .data                inited   0x2000'0c60       0x8  XShttio.o [12]
    .data                inited   0x2000'0c68       0x4  adc.o [10]
    .data                inited   0x2000'0c6c       0x4  cli.o [10]
    .data                inited   0x2000'0c70       0x4  cli.o [10]
    .data                inited   0x2000'0c74       0x4  cli.o [10]
    .data                inited   0x2000'0c78       0x4  main.o [2]
    .data                inited   0x2000'0c7c       0x4  radio.o [8]
    .data                inited   0x2000'0c80       0x4  rfm.o [10]
    .data                inited   0x2000'0c84       0x4  stm32f4xx_hal.o [6]
    .data                inited   0x2000'0c88       0x4  system_stm32f4xx.o [5]
    .data                inited   0x2000'0c8c       0x1  rfm.o [10]
    .data                inited   0x2000'0c8d       0x1  rfm.o [10]
    .data                inited   0x2000'0c8e       0x1  rfm.o [10]
    .data                inited   0x2000'0c8f       0x1  rfm.o [10]
    .data                inited   0x2000'0c90       0x1  stm32f4xx_hal.o [6]
                                - 0x2000'0c91     0xc91

"P4", part 2 of 3:                               0x2498
  .bss                   zero     0x2000'0c94     0x408  usbd_conf.o [4]
  .bss                   zero     0x2000'109c     0x400  RFMProtocol.o [10]
  .bss                   zero     0x2000'149c     0x280  audio.o [10]
  .bss                   zero     0x2000'171c     0x200  audio.o [10]
  .bss                   zero     0x2000'191c     0x1e0  audio.o [10]
  .bss                   zero     0x2000'1afc     0x1e0  audio.o [10]
  .bss                   zero     0x2000'1cdc     0x1e0  rfm.o [10]
  .bss                   zero     0x2000'1ebc     0x1e0  rfm.o [10]
  .bss                   zero     0x2000'209c     0x1d8  dlmalloc.o [12]
  .bss                   zero     0x2000'2274     0x160  rfm.o [10]
  .bss                   zero     0x2000'23d4     0x140  audio.o [10]
  .bss                   zero     0x2000'2514     0x104  serial.o [10]
  .bss                   zero     0x2000'2618     0x104  serial.o [10]
  .bss                   zero     0x2000'271c      0x84  rand.o [12]
  .bss                   zero     0x2000'27a0      0x80  radio.o [8]
  .bss                   zero     0x2000'2820      0x80  XShHandles.o [12]
  .bss                   zero     0x2000'28a0      0x78  audio.o [10]
  .bss                   zero     0x2000'2918      0x78  audio.o [10]
  .bss                   zero     0x2000'2990      0x60  main.o [2]
  .bss                   zero     0x2000'29f0      0x60  main.o [2]
  .bss                   zero     0x2000'2a50      0x60  main.o [2]
  .bss                   zero     0x2000'2ab0      0x60  main.o [2]
  .bss                   zero     0x2000'2b10      0x58  main.o [2]
  .bss                   zero     0x2000'2b68      0x58  main.o [2]
  .bss                   zero     0x2000'2bc0      0x54  main.o [2]
  .bss                   zero     0x2000'2c14      0x54  main.o [2]
  .bss                   zero     0x2000'2c68      0x50  xfiles.o [12]
  .bss                   zero     0x2000'2cb8      0x50  xfiles.o [12]
  .bss                   zero     0x2000'2d08      0x48  main.o [2]
  .bss                   zero     0x2000'2d50      0x48  main.o [2]
  .bss                   zero     0x2000'2d98      0x40  cli.o [10]
  .bss                   zero     0x2000'2dd8      0x40  cli.o [10]
  .bss                   zero     0x2000'2e18      0x40  main.o [2]
  .bss                   zero     0x2000'2e58      0x40  main.o [2]
  .bss                   zero     0x2000'2e98      0x40  main.o [2]
  .bss                   zero     0x2000'2ed8      0x40  main.o [2]
  .bss                   zero     0x2000'2f18      0x40  radio_si4463.o [9]
  .bss                   zero     0x2000'2f58      0x40  radio_si4463.o [9]
  .bss                   zero     0x2000'2f98      0x34  radio_si4463.o [9]
  .bss                   zero     0x2000'2fcc      0x20  Adafruit_SSD1306.o [7]
  .bss                   zero     0x2000'2fec      0x20  stm32f4xx_hal_flash.o [6]
  .bss                   zero     0x2000'300c      0x18  dlmalloc.o [12]
  .bss                   zero     0x2000'3024      0x14  si446x_api_lib.o [9]
  .bss                   zero     0x2000'3038      0x10  si446x_api_lib.o [9]
  .bss                   zero     0x2000'3048       0xc  audio.o [10]
  .bss                   zero     0x2000'3054       0xc  audio.o [10]
  .bss                   zero     0x2000'3060       0xc  keypad.o [10]
  .bss                   zero     0x2000'306c       0xc  main.o [2]
  .bss                   zero     0x2000'3078       0x8  serial.o [10]
  .bss                   zero     0x2000'3080       0x8  serial.o [10]
  .bss                   zero     0x2000'3088       0x4  Adafruit_SSD1306.o [7]
  .bss                   zero     0x2000'308c       0x4  adc.o [10]
  .bss                   zero     0x2000'3090       0x4  audio.o [10]
  .bss                   zero     0x2000'3094       0x4  diag.o [10]
  .bss                   zero     0x2000'3098       0x4  diag.o [10]
  .bss                   zero     0x2000'309c       0x4  keypad.o [10]
  .bss                   zero     0x2000'30a0       0x4  keypad.o [10]
  .bss                   zero     0x2000'30a4       0x4  main.o [2]
  .bss                   zero     0x2000'30a8       0x4  menu.o [10]
  .bss                   zero     0x2000'30ac       0x4  ProcPkt.o [10]
  .bss                   zero     0x2000'30b0       0x4  ProcPkt.o [10]
  .bss                   zero     0x2000'30b4       0x4  ProcPkt.o [10]
  .bss                   zero     0x2000'30b8       0x4  radio.o [8]
  .bss                   zero     0x2000'30bc       0x4  radio.o [8]
  .bss                   zero     0x2000'30c0       0x4  radio_si4463.o [9]
  .bss                   zero     0x2000'30c4       0x4  radio_si4463.o [9]
  .bss                   zero     0x2000'30c8       0x4  radio_si4463.o [9]
  .bss                   zero     0x2000'30cc       0x4  radio_si4463.o [9]
  .bss                   zero     0x2000'30d0       0x4  radio_si4463.o [9]
  .bss                   zero     0x2000'30d4       0x4  RFMProtocol.o [10]
  .bss                   zero     0x2000'30d8       0x4  serial.o [10]
  .bss                   zero     0x2000'30dc       0x4  serial.o [10]
  .bss                   zero     0x2000'30e0       0x4  stm32f4xx_hal.o [6]
  .bss                   zero     0x2000'30e4       0x4  xfail_s.o [12]
  .bss                   zero     0x2000'30e8       0x4  xgetmemchunk.o [12]
  .bss                   zero     0x2000'30ec       0x2  Adafruit_SSD1306.o [7]
  .bss                   zero     0x2000'30ee       0x2  adc.o [10]
  .bss                   zero     0x2000'30f0       0x2  menu.o [10]
  .bss                   zero     0x2000'30f2       0x2  ProcPkt.o [10]
  .bss                   zero     0x2000'30f4       0x2  ProcPkt.o [10]
  .bss                   zero     0x2000'30f6       0x2  rfm.o [10]
  .bss                   zero     0x2000'30f8       0x2  upgrade.o [10]
  .bss                   zero     0x2000'30fa       0x1  audio.o [10]
  .bss                   zero     0x2000'30fb       0x1  cli.o [10]
  .bss                   zero     0x2000'30fc       0x1  keypad.o [10]
  .bss                   zero     0x2000'30fd       0x1  keypad.o [10]
  .bss                   zero     0x2000'30fe       0x1  keypad.o [10]
  .bss                   zero     0x2000'30ff       0x1  main.o [2]
  .bss                   zero     0x2000'3100       0x1  menu.o [10]
  .bss                   zero     0x2000'3101       0x1  menu.o [10]
  .bss                   zero     0x2000'3102       0x1  PHan_Lib.o [7]
  .bss                   zero     0x2000'3103       0x1  PHan_Lib.o [7]
  .bss                   zero     0x2000'3104       0x1  PHan_Lib.o [7]
  .bss                   zero     0x2000'3105       0x1  PHan_Lib.o [7]
  .bss                   zero     0x2000'3106       0x1  PHan_Lib.o [7]
  .bss                   zero     0x2000'3107       0x1  PHan_Lib.o [7]
  .bss                   zero     0x2000'3108       0x1  PHan_Lib.o [7]
  .bss                   zero     0x2000'3109       0x1  PHan_Lib.o [7]
  .bss                   zero     0x2000'310a       0x1  PHan_Lib.o [7]
  .bss                   zero     0x2000'310b       0x1  ProcPkt.o [10]
  .bss                   zero     0x2000'310c       0x1  ProcPkt.o [10]
  .bss                   zero     0x2000'310d       0x1  ProcPkt.o [10]
  .bss                   zero     0x2000'310e       0x1  ProcPkt.o [10]
  .bss                   zero     0x2000'310f       0x1  ProcPkt.o [10]
  .bss                   zero     0x2000'3110       0x1  ProcPkt.o [10]
  .bss                   zero     0x2000'3111       0x1  ProcPkt.o [10]
  .bss                   zero     0x2000'3112       0x1  ProcPkt.o [10]
  .bss                   zero     0x2000'3113       0x1  ProcPkt.o [10]
  .bss                   zero     0x2000'3114       0x1  ProcPkt.o [10]
  .bss                   zero     0x2000'3115       0x1  radio_comm.o [8]
  .bss                   zero     0x2000'3116       0x1  radio_si4463.o [9]
  .bss                   zero     0x2000'3117       0x1  rfm.o [10]
  .bss                   zero     0x2000'3118       0x1  rfm.o [10]
  .bss                   zero     0x2000'3119       0x1  rfm.o [10]
  .bss                   zero     0x2000'311a       0x1  rfm.o [10]
  .bss                   zero     0x2000'311b       0x1  rfm.o [10]
  .bss                   zero     0x2000'311c       0x1  rfm.o [10]
  .bss                   zero     0x2000'311d       0x1  rfm.o [10]
  .bss                   zero     0x2000'311e       0x1  rfm.o [10]
  .bss                   zero     0x2000'311f       0x1  rfm.o [10]
  .bss                   zero     0x2000'3120       0x1  rfm.o [10]
  .bss                   zero     0x2000'3121       0x1  rfm.o [10]
  .bss                   zero     0x2000'3122       0x1  rfm.o [10]
  .bss                   zero     0x2000'3123       0x1  rfm.o [10]
  .bss                   zero     0x2000'3124       0x1  rfm.o [10]
  .bss                   zero     0x2000'3125       0x1  rfm.o [10]
  .bss                   zero     0x2000'3126       0x1  rfm.o [10]
  .bss                   zero     0x2000'3127       0x1  rfm.o [10]
  .bss                   zero     0x2000'3128       0x1  usbd_ctlreq.o [11]
                                - 0x2000'3129    0x2495

"P4", part 3 of 3:                               0x4000
  CSTACK                          0x2000'3130    0x2000  <Block>
    CSTACK               uninit   0x2000'3130    0x2000  <Block tail>
  HEAP                            0x2000'5130    0x2000  <Block>
    HEAP                 uninit   0x2000'5130    0x2000  <Block tail>
                                - 0x2000'7130    0x4000

Unused ranges:

         From           To      Size
         ----           --      ----
   0x802'4560   0x807'ffff  0x5'baa0
  0x2000'0c91  0x2000'0c93       0x3
  0x2000'312c  0x2000'312f       0x4
  0x2000'7130  0x2001'bfff  0x1'4ed0
  0x2001'c000  0x2001'ffff    0x4000


*******************************************************************************
*** INIT TABLE
***

          Address      Size
          -------      ----
Zero (__iar_zero_init3)
    1 destination range, total size 0x2495:
          0x2000'0c94  0x2495

Copy/lz77 (__iar_lz77_init3)
    1 source range, total size 0x534 (41% of destination):
           0x802'402c   0x534
    1 destination range, total size 0xc91:
          0x2000'0000   0xc91

Extra (__iar_cstart_call_ctors)



*******************************************************************************
*** MODULE SUMMARY
***

    Module                    ro code  ro data  rw data
    ------                    -------  -------  -------
command line/config:
    ---------------------------------------------------
    Total:

C:\D\Git_Hub\STM_IAR_SIL_Change\EWARM\RFM\Obj\Application\EWARM: [1]
    startup_stm32f407xx.o         696
    ---------------------------------------------------
    Total:                        696

C:\D\Git_Hub\STM_IAR_SIL_Change\EWARM\RFM\Obj\Application\User\Core: [2]
    main.o                      1'894        2    1'149
    stm32f4xx_hal_msp.o         1'692
    stm32f4xx_it.o                148
    ---------------------------------------------------
    Total:                      3'734        2    1'149

C:\D\Git_Hub\STM_IAR_SIL_Change\EWARM\RFM\Obj\Application\User\USB_DEVICE\App: [3]
    ---------------------------------------------------
    Total:

C:\D\Git_Hub\STM_IAR_SIL_Change\EWARM\RFM\Obj\Application\User\USB_DEVICE\Target: [4]
    usbd_conf.o                   682             1'032
    ---------------------------------------------------
    Total:                        682             1'032

C:\D\Git_Hub\STM_IAR_SIL_Change\EWARM\RFM\Obj\Drivers\CMSIS: [5]
    system_stm32f4xx.o             32       25        4
    ---------------------------------------------------
    Total:                         32       25        4

C:\D\Git_Hub\STM_IAR_SIL_Change\EWARM\RFM\Obj\Drivers\STM32F4xx_HAL_Driver: [6]
    stm32f4xx_hal.o               196        3        9
    stm32f4xx_hal_adc.o         1'328
    stm32f4xx_hal_cortex.o        400
    stm32f4xx_hal_dma.o         1'192        8
    stm32f4xx_hal_flash.o         516                32
    stm32f4xx_hal_flash_ex.o      400
    stm32f4xx_hal_gpio.o          708
    stm32f4xx_hal_i2c.o         3'994
    stm32f4xx_hal_i2s.o           772
    stm32f4xx_hal_i2s_ex.o      1'558
    stm32f4xx_hal_iwdg.o           80
    stm32f4xx_hal_pcd.o         2'740
    stm32f4xx_hal_pcd_ex.o          2
    stm32f4xx_hal_rcc.o         1'544
    stm32f4xx_hal_rcc_ex.o        784
    stm32f4xx_hal_spi.o           976
    stm32f4xx_hal_tim.o         1'462
    stm32f4xx_hal_tim_ex.o        268
    stm32f4xx_hal_uart.o        2'808
    stm32f4xx_ll_usb.o          2'680
    ---------------------------------------------------
    Total:                     24'408       11       41

C:\D\Git_Hub\STM_IAR_SIL_Change\EWARM\RFM\Obj\Drivers\display: [7]
    Adafruit_GFX.o                362
    Adafruit_SSD1306.o          2'980      901    1'210
    PHanFont.o                          16'388
    PHanFontEng.o                        6'144
    PHan_Lib.o                    576                 9
    ---------------------------------------------------
    Total:                      3'918   23'433    1'219

C:\D\Git_Hub\STM_IAR_SIL_Change\EWARM\RFM\Obj\Drivers\radio: [8]
    radio.o                       484    1'005      216
    radio_comm.o                  332                 1
    radio_hal.o                   316
    ---------------------------------------------------
    Total:                      1'132    1'005      217

C:\D\Git_Hub\STM_IAR_SIL_Change\EWARM\RFM\Obj\Drivers\radio\Si446x: [9]
    radio_si4463.o              1'720      560      201
    si4463.o                    3'580    1'024
    si446x_api_lib.o              684                36
    ---------------------------------------------------
    Total:                      5'984    1'584      237

C:\D\Git_Hub\STM_IAR_SIL_Change\EWARM\RFM\Obj\Library: [10]
    ProcPkt.o                   1'392      128       26
    QBuf.o                        348
    RFMProtocol.o               3'336      808    1'028
    adc.o                         332        1       10
    audio.o                     1'864      505    3'021
    bootloader.o                  120       48
    cli.o                       1'450    1'540      525
    diag.o                      1'416    2'684        8
    eeprom.o                      708      320
    flash_if.o                    500       76
    keypad.o                    1'188      168       23
    menu.o                      1'836    1'634      840
    rfm.o                       5'336    1'100    1'339
    serial.o                      316               544
    unicode.o                     948   25'540
    upgrade.o                     484      108        2
    ---------------------------------------------------
    Total:                     21'574   34'660    7'366

C:\D\Git_Hub\STM_IAR_SIL_Change\EWARM\RFM\Obj\Middlewares\USB_Device_Library: [11]
    usbd_core.o                   832
    usbd_ctlreq.o               2'100                 1
    usbd_ioreq.o                  134
    ---------------------------------------------------
    Total:                      3'066                 1

dl7M_tlf.a: [12]
[...]
cmd_diag_proc_Audio      0x800'b013    0x22  Code  Gb  diag.o [10]
cmd_diag_proc_RF         0x800'b0e9    0x82  Code  Gb  diag.o [10]
cmd_eepromDump           0x800'ad93    0x82  Code  Gb  eeprom.o [10]
cmd_eepromRead           0x800'ace9    0x42  Code  Gb  eeprom.o [10]
cmd_eepromWrite          0x800'ad2b    0x68  Code  Gb  eeprom.o [10]
cmd_help                 0x800'ef59    0xb4  Code  Gb  cli.o [10]
cmd_hop                  0x800'8e11    0x4a  Code  Gb  rfm.o [10]
cmd_hop::__func__        0x802'3e50     0x8  Data  Lc  rfm.o [10]
cmd_info                 0x800'8e87    0xa2  Code  Gb  rfm.o [10]
cmd_pktmon               0x800'e4d5    0x3a  Code  Gb  ProcPkt.o [10]
cmd_pktmon::__func__     0x802'3af0     0xc  Data  Lc  ProcPkt.o [10]
cmd_reset                0x800'f10d     0xe  Code  Gb  cli.o [10]
cmd_rfstat               0x800'8f29    0x1c  Code  Gb  rfm.o [10]
cmd_rspid                0x800'8f95    0xc4  Code  Gb  rfm.o [10]
cmd_rspid::__func__      0x802'3bec     0xc  Data  Lc  rfm.o [10]
cmd_stboot               0x802'15cb    0x18  Code  Gb  bootloader.o [10]
cmd_swinfo               0x800'8e5b    0x2c  Code  Gb  rfm.o [10]
cmd_test_rf1             0x800'b185    0x2a  Code  Gb  diag.o [10]
cmd_test_rf1::__func__   0x802'33c4    0x10  Data  Lc  diag.o [10]
cmd_test_rf2             0x800'b1af    0x2a  Code  Gb  diag.o [10]
cmd_test_rf2::__func__   0x802'33d4    0x10  Data  Lc  diag.o [10]
cmd_test_rf3             0x800'b1d9    0x2a  Code  Gb  diag.o [10]
cmd_test_rf3::__func__   0x802'33e4    0x10  Data  Lc  diag.o [10]
cmd_test_rf_debug        0x800'b25f    0x4a  Code  Gb  diag.o [10]
cmd_test_rf_debug::__func__
                         0x802'315c    0x14  Data  Lc  diag.o [10]
cmd_test_rf_debug::s_bEnableDebug
                        0x2000'3098     0x4  Data  Lc  diag.o [10]
cmd_test_rf_init         0x800'b209    0x1e  Code  Gb  diag.o [10]
cmd_test_rf_init::__func__
                         0x802'3120    0x14  Data  Lc  diag.o [10]
cmd_test_rf_vinit        0x800'b227    0x38  Code  Gb  diag.o [10]
cmd_test_rf_vinit::__func__
                         0x802'3134    0x14  Data  Lc  diag.o [10]
cmd_ts                   0x800'8d23    0x4e  Code  Gb  rfm.o [10]
cmd_ts::__func__         0x802'3e38     0x8  Data  Lc  rfm.o [10]
cmd_txpwr                0x800'8f47    0x3c  Code  Gb  rfm.o [10]
cmd_txpwr::__func__      0x802'3be0     0xc  Data  Lc  rfm.o [10]
cmd_upgrade              0x801'7d8b    0x74  Code  Gb  upgrade.o [10]
cmd_upgrade::__func__    0x802'3cac     0xc  Data  Lc  upgrade.o [10]
cmd_uptime               0x800'f00d    0x8a  Code  Gb  cli.o [10]
cmd_ver                  0x800'f097    0x14  Code  Gb  cli.o [10]
cp949_wctomb             0x801'4c51    0x94  Code  Lc  unicode.o [10]
ctsWentHigh             0x2000'3115     0x1  Data  Gb  radio_comm.o [8]
dataDbgTx               0x2000'3078     0x8  Data  Gb  serial.o [10]
dataTx1                 0x2000'3080     0x8  Data  Gb  serial.o [10]
data_option             0x2000'0c6c     0x4  Data  Gb  cli.o [10]
debug_level             0x2000'3094     0x4  Data  Gb  diag.o [10]
digits                   0x802'17f8    0x28  Data  Lc  iar_Stoulx.o [12]
digits                   0x802'1848    0x28  Data  Lc  iar_Stoullx.o [12]
display                 0x2000'2fcc    0x20  Data  Gb  Adafruit_SSD1306.o [7]
display_diag_Audio       0x800'af3f    0xd4  Code  Gb  diag.o [10]
display_diag_RF          0x800'b055    0x94  Code  Gb  diag.o [10]
display_diag_menu        0x800'ae4d    0x90  Code  Gb  diag.o [10]
ebuf                    0x2000'2c68    0x50  Data  Lc  xfiles.o [12]
exit                     0x802'28e3     0x4  Code  Gb  exit.o [12]
fflush                   0x802'11f5    0x34  Code  Gb  fflush.o [12]
fflushOne                0x802'1181    0x74  Code  Lc  fflush.o [12]
fgetc                    0x801'5933    0x20  Code  Gb  serial.o [10]
fputc                    0x801'58d5    0x5e  Code  Gb  serial.o [10]
free                     0x801'a81d     0x4  Code  Gb  heaptramp0.o [12]
fseek                    0x802'1439    0x24  Code  Gb  fseek.o [12]
g_MenuCmdList           0x2000'0c0c     0xc  Data  Gb  menu.o [10]
g_MenuDiagList          0x2000'0bc4     0xc  Data  Gb  menu.o [10]
g_MenuLightCtrl         0x2000'0b7c     0xc  Data  Gb  menu.o [10]
g_MenuMainBase          0x2000'0c18     0xc  Data  Gb  menu.o [10]
g_MenuMainMaint         0x2000'0c24     0xc  Data  Gb  menu.o [10]
g_MenuRFTIDList         0x2000'0ba0     0xc  Data  Gb  menu.o [10]
g_MenuSelfTestList      0x2000'0bac     0xc  Data  Gb  menu.o [10]
g_MenuSetMicList        0x2000'0be8     0xc  Data  Gb  menu.o [10]
g_MenuSetSpkList        0x2000'0bf4     0xc  Data  Gb  menu.o [10]
g_MenuSetTxPwrList      0x2000'0c00     0xc  Data  Gb  menu.o [10]
g_MenuSettingList       0x2000'0bdc     0xc  Data  Gb  menu.o [10]
g_MenuTrainSet          0x2000'0b94     0xc  Data  Gb  menu.o [10]
g_MenuVerList           0x2000'0b88     0xc  Data  Gb  menu.o [10]
g_RadioRxPkt            0x2000'27a0    0x80  Data  Gb  radio.o [8]
g_bEnMenuMaint          0x2000'3100     0x1  Data  Gb  menu.o [10]
g_bInitLCD              0x2000'3088     0x4  Data  Gb  Adafruit_SSD1306.o [7]
g_bSetRspIDManual       0x2000'3112     0x1  Data  Gb  ProcPkt.o [10]
g_bufAudioRx            0x2000'191c   0x1e0  Data  Gb  audio.o [10]
g_bufAudioTx            0x2000'1afc   0x1e0  Data  Gb  audio.o [10]
g_devStat               0x2000'2274   0x160  Data  Gb  rfm.o [10]
g_flagRspID             0x2000'30f2     0x2  Data  Gb  ProcPkt.o [10]
g_fnCLIProc             0x2000'0c74     0x4  Data  Gb  cli.o [10]
g_fnCLIPrompt           0x2000'0c70     0x4  Data  Gb  cli.o [10]
g_idxTrainSet           0x2000'3119     0x1  Data  Gb  rfm.o [10]
g_nAudioIC              0x2000'30fa     0x1  Data  Gb  audio.o [10]
g_nCarNo                0x2000'311a     0x1  Data  Gb  rfm.o [10]
g_nChPA                 0x2000'0c8e     0x1  Data  Gb  rfm.o [10]
g_nChRFT                0x2000'3120     0x1  Data  Gb  rfm.o [10]
g_nChRx                 0x2000'0c8c     0x1  Data  Gb  rfm.o [10]
g_nDevFlag              0x2000'3118     0x1  Data  Gb  rfm.o [10]
g_nDevID                0x2000'3117     0x1  Data  Gb  rfm.o [10]
g_nManHopping           0x2000'311f     0x1  Data  Gb  rfm.o [10]
g_nPktSeq               0x2000'3113     0x1  Data  Gb  ProcPkt.o [10]
g_nRFMMode              0x2000'311b     0x1  Data  Gb  rfm.o [10]
g_nRSSI                 0x2000'311e     0x1  Data  Gb  rfm.o [10]
g_nSpkLevel             0x2000'0c8d     0x1  Data  Gb  rfm.o [10]
g_nStampRxPkt           0x2000'311d     0x1  Data  Gb  rfm.o [10]
g_offsetCA              0x2000'311c     0x1  Data  Gb  rfm.o [10]
g_pActiveMenu           0x2000'30a8     0x4  Data  Gb  menu.o [10]
g_pRadioRxPkt           0x2000'30b8     0x4  Data  Gb  radio.o [8]
g_qBufAudioRx           0x2000'3048     0xc  Data  Gb  audio.o [10]
g_qBufAudioTx           0x2000'3054     0xc  Data  Gb  audio.o [10]
g_qDebug                0x2000'2514   0x104  Data  Gb  serial.o [10]
g_qRS485                0x2000'2618   0x104  Data  Gb  serial.o [10]
get_CCA                  0x800'c13f    0x18  Code  Gb  radio.o [8]
getarg                   0x800'eba3    0x46  Code  Gb  cli.o [10]
getchar                  0x801'58c9     0x6  Code  Gb  getchar.o [12]
hadc1                   0x2000'2d08    0x48  Data  Gb  main.o [2]
hdma_i2s3_ext_rx        0x2000'2990    0x60  Data  Gb  main.o [2]
hdma_spi1_rx            0x2000'2ab0    0x60  Data  Gb  main.o [2]
hdma_spi1_tx            0x2000'2a50    0x60  Data  Gb  main.o [2]
hdma_spi3_tx            0x2000'29f0    0x60  Data  Gb  main.o [2]
hi2c1                   0x2000'2bc0    0x54  Data  Gb  main.o [2]
hi2c3                   0x2000'2c14    0x54  Data  Gb  main.o [2]
hi2s3                   0x2000'2d50    0x48  Data  Gb  main.o [2]
hiwdg                   0x2000'306c     0xc  Data  Gb  main.o [2]
hpcd_USB_OTG_FS         0x2000'0c94   0x408  Data  Gb  usbd_conf.o [4]
hspi1                   0x2000'2b10    0x58  Data  Gb  main.o [2]
hspi2                   0x2000'2b68    0x58  Data  Gb  main.o [2]
htim1                   0x2000'2e58    0x40  Data  Gb  main.o [2]
htim3                   0x2000'2e18    0x40  Data  Gb  main.o [2]
huart1                  0x2000'2e98    0x40  Data  Gb  main.o [2]
huart2                  0x2000'2ed8    0x40  Data  Gb  main.o [2]
incomingBuffer          0x2000'2f18    0x40  Data  Gb  radio_si4463.o [9]
init_mparams             0x801'9365    0x2c  Code  Lc  dlmalloc.o [12]
init_queue               0x800'c7f5    0x10  Code  Gb  QBuf.o [10]
init_top                 0x801'9391    0x34  Code  Lc  dlmalloc.o [12]
input_check              0x801'59e1     0xa  Code  Gb  serial.o [10]
isalpha                  0x801'8b81    0x14  Code  Gb  isalpha.o [12]
isspace                  0x801'8b6d    0x14  Code  Gb  isspace.o [12]
ksc5601_2charset         0x800'0188  0x4048  Data  Lc  unicode.o [10]
ksc5601_uni2indx_page00
                         0x802'0e98   0x118  Data  Lc  unicode.o [10]
ksc5601_uni2indx_page20
                         0x802'0cfc   0x19c  Data  Lc  unicode.o [10]
ksc5601_uni2indx_page30
                         0x802'0fb0    0xf8  Data  Lc  unicode.o [10]
ksc5601_uni2indx_page4e
                         0x801'ade4  0x1468  Data  Lc  unicode.o [10]
ksc5601_uni2indx_pageac
                         0x801'd4a8   0xae8  Data  Lc  unicode.o [10]
ksc5601_uni2indx_pagef9
                         0x802'21fc    0x44  Data  Lc  unicode.o [10]
ksc5601_uni2indx_pageff
                         0x802'237c    0x3c  Data  Lc  unicode.o [10]
ksc5601_wctomb           0x801'4aab   0x1a6  Code  Lc  unicode.o [10]
ldexp                    0x801'7fdd          Code  Gb  ldexp.o [14]
ldexpl                   0x801'7fdd          Code  Gb  ldexp.o [14]
localeconv               0x801'8849     0x4  Code  Gb  xlocale_c.o [12]
main                     0x800'f157    0xbc  Code  Gb  main.o [2]
main::nCallTimeCnt      0x2000'0c78     0x4  Data  Lc  main.o [2]
main::nLedTick          0x2000'30a4     0x4  Data  Lc  main.o [2]
memchr                   0x801'7ead          Code  Gb  memchr.o [15]
memcmp                   0x801'5235          Code  Gb  memcmp.o [15]
memset                   0x801'61ad    0x14  Code  Gb  memset.o [15]
mparams                 0x2000'300c    0x18  Data  Lc  dlmalloc.o [12]
nCrcErr                 0x2000'3111     0x1  Data  Gb  ProcPkt.o [10]
nDropPkt                0x2000'310f     0x1  Data  Gb  ProcPkt.o [10]
nHopPkt                 0x2000'310e     0x1  Data  Gb  ProcPkt.o [10]
nRxErr                  0x2000'3110     0x1  Data  Gb  ProcPkt.o [10]
nRxPkt                  0x2000'310d     0x1  Data  Gb  ProcPkt.o [10]
nRxStamp                0x2000'30b4     0x4  Data  Gb  ProcPkt.o [10]
nTxPkt                  0x2000'310c     0x1  Data  Gb  ProcPkt.o [10]
nTxStamp                0x2000'30ac     0x4  Data  Gb  ProcPkt.o [10]
nTxStampComp            0x2000'30b0     0x4  Data  Gb  ProcPkt.o [10]
ndigs                    0x802'17d0    0x28  Data  Lc  iar_Stoulx.o [12]
ndigs                    0x802'1820    0x28  Data  Lc  iar_Stoullx.o [12]
null_table              0x2000'171c   0x200  Data  Gb  audio.o [10]
obuf                    0x2000'2cb8    0x50  Data  Lc  xfiles.o [12]
old_cmd                 0x2000'2d98    0x40  Data  Gb  cli.o [10]
outgoingBuffer          0x2000'2f58    0x40  Data  Gb  radio_si4463.o [9]
pCallback_I2SEx_TxRxCpltCallback
                        0x2000'3090     0x4  Data  Gb  audio.o [10]
pFlash                  0x2000'2fec    0x20  Data  Gb  stm32f4xx_hal_flash.o [6]
pRadioConfiguration     0x2000'0c7c     0x4  Data  Gb  radio.o [8]
phuart1                 0x2000'30d8     0x4  Data  Gb  serial.o [10]
phuart2                 0x2000'30dc     0x4  Data  Gb  serial.o [10]
pows                     0x802'2170    0x48  Data  Lc  strto64.o [14]
printf                   0x800'9ba9    0x28  Code  Gb  printf.o [12]
putchar                  0x802'2241    0x44  Code  Gb  putchar.o [12]
qBufCnt                  0x800'c899    0x1a  Code  Gb  QBuf.o [10]
qBufGet                  0x800'c909    0x48  Code  Gb  QBuf.o [10]
qBufInit                 0x800'c88b     0xe  Code  Gb  QBuf.o [10]
qBufPut                  0x800'c8b3    0x56  Code  Gb  QBuf.o [10]
qcount                   0x800'c805    0x1e  Code  Gb  QBuf.o [10]
qget                     0x800'c865    0x26  Code  Gb  QBuf.o [10]
qput                     0x800'c823    0x42  Code  Gb  QBuf.o [10]
r_audio_buff            0x2000'2918    0x78  Data  Gb  audio.o [10]
radio_comm_ClearCTS      0x801'5207     0x8  Code  Gb  radio_comm.o [8]
radio_comm_GetResp       0x801'50e9    0x62  Code  Gb  radio_comm.o [8]
radio_comm_PollCTS       0x801'51fb     0xc  Code  Gb  radio_comm.o [8]
radio_comm_ReadData      0x801'5177    0x42  Code  Gb  radio_comm.o [8]
radio_comm_SendCmd       0x801'514b    0x2c  Code  Gb  radio_comm.o [8]
radio_comm_SendCmdGetResp
                         0x801'5215    0x20  Code  Gb  radio_comm.o [8]
radio_comm_WriteData     0x801'51b9    0x42  Code  Gb  radio_comm.o [8]
radio_hal_AssertShutdown
                         0x801'4fad    0x1e  Code  Gb  radio_hal.o [8]
radio_hal_ClearNsel      0x801'4fe3     0xe  Code  Gb  radio_hal.o [8]
radio_hal_DeassertShutdown
                         0x801'4fcb    0x18  Code  Gb  radio_hal.o [8]
radio_hal_NirqLevel      0x801'4fff     0xc  Code  Gb  radio_hal.o [8]
radio_hal_SetNsel        0x801'4ff1     0xe  Code  Gb  radio_hal.o [8]
radio_hal_SpiReadByte    0x801'50a9     0xa  Code  Gb  radio_hal.o [8]
radio_hal_SpiReadData    0x801'50c5    0x12  Code  Gb  radio_hal.o [8]
radio_hal_SpiWriteByte   0x801'509b     0xe  Code  Gb  radio_hal.o [8]
radio_hal_SpiWriteData   0x801'50b3    0x12  Code  Gb  radio_hal.o [8]
rand                     0x800'df6d    0x8a  Code  Gb  rand.o [12]
ranmatch                 0x801'3db7    0x42  Code  Lc  xscanffull_nomb.o [12]
readline                 0x800'ed8d   0x17e  Code  Gb  cli.o [10]
readline::command_index
                        0x2000'30fb     0x1  Data  Lc  cli.o [10]
sFileInfo               0x2000'2820    0x80  Data  Lc  XShHandles.o [12]
s_bInit                 0x2000'30c0     0x4  Data  Lc  radio_si4463.o [9]
s_bIntFlag              0x2000'30d0     0x4  Data  Lc  radio_si4463.o [9]
s_bIsTxMode             0x2000'30cc     0x4  Data  Lc  radio_si4463.o [9]
s_bShowPkt              0x2000'3114     0x1  Data  Lc  ProcPkt.o [10]
s_bUpgrDataValid        0x2000'109c   0x400  Data  Gb  RFMProtocol.o [10]
s_bUpgrRetry            0x2000'30f8     0x2  Data  Lc  upgrade.o [10]
s_btnStat               0x2000'3060     0xc  Data  Lc  keypad.o [10]
s_cntRFRx               0x2000'30c8     0x4  Data  Lc  radio_si4463.o [9]
s_cntRFTx               0x2000'30c4     0x4  Data  Lc  radio_si4463.o [9]
s_nDbgLevel             0x2000'3116     0x1  Data  Lc  radio_si4463.o [9]
scalbln                  0x801'7fdd          Code  Gb  ldexp.o [14]
scalblnl                 0x801'7fdd          Code  Gb  ldexp.o [14]
scalbn                   0x801'7fdd          Code  Gb  ldexp.o [14]
scalbnl                  0x801'7fdd          Code  Gb  ldexp.o [14]
scale                    0x801'14b5    0x46  Code  Lc  xprintffull_nomb.o [12]
sec_hand                0x2000'30e4     0x4  Data  Lc  xfail_s.o [12]
segment_holding          0x801'9349    0x1c  Code  Lc  dlmalloc.o [12]
setbuf                   0x801'60f1    0x12  Code  Gb  setbuf.o [12]
setvbuf                  0x801'6103    0xaa  Code  Gb  setvbuf.o [12]
si4463                  0x2000'2f98    0x34  Data  Gb  radio_si4463.o [9]
si446x_change_state      0x800'de89    0x16  Code  Gb  si446x_api_lib.o [9]
si446x_configuration_init
                         0x800'dcd1    0x7a  Code  Gb  si446x_api_lib.o [9]
si446x_fifo_info         0x800'de9f    0x28  Code  Gb  si446x_api_lib.o [9]
si446x_frr_b_read        0x800'def3    0x2c  Code  Gb  si446x_api_lib.o [9]
si446x_get_int_status    0x800'ddf7    0x48  Code  Gb  si446x_api_lib.o [9]
si446x_get_int_status_fast_clear_read
                         0x800'df1f    0x38  Code  Gb  si446x_api_lib.o [9]
si446x_part_info         0x800'dd4b    0x48  Code  Gb  si446x_api_lib.o [9]
si446x_read_rx_fifo      0x800'dedd    0x16  Code  Gb  si446x_api_lib.o [9]
si446x_reset             0x800'dcb5    0x1c  Code  Gb  si446x_api_lib.o [9]
si446x_set_property      0x800'de3f    0x4a  Code  Gb  si446x_api_lib.o [9]
si446x_start_rx          0x800'ddbf    0x38  Code  Gb  si446x_api_lib.o [9]
si446x_start_tx          0x800'dd93    0x2c  Code  Gb  si446x_api_lib.o [9]
si446x_write_tx_fifo     0x800'dec7    0x16  Code  Gb  si446x_api_lib.o [9]
sine_table              0x2000'0580   0x140  Data  Gb  audio.o [10]
speex_sine_table        0x2000'23d4   0x140  Data  Gb  audio.o [10]
sprintf                  0x801'0635    0x40  Code  Gb  sprintf.o [12]
srand                    0x800'dff7     0xa  Code  Gb  rand.o [12]
sscanf                   0x800'bde1    0x28  Code  Gb  sscanf.o [12]
strchr                   0x801'58b1          Code  Gb  strchr.o [15]
strcmp                   0x801'3285          Code  Gb  strcmp.o [15]
strcpy                   0x801'5899          Code  Gb  strcpy.o [15]
strcspn                  0x801'9317    0x22  Code  Gb  strcspn.o [12]
strlen                   0x801'7e75          Code  Gb  strlen.o [15]
strspn                   0x801'92f5    0x22  Code  Gb  strspn.o [12]
strtok_r                 0x801'585d    0x38  Code  Gb  strtok_r.o [12]
strtol                   0x801'5859     0x4  Code  Gb  iar_Stolx.o [12]
strtoll                  0x801'91a9     0x2  Code  Gb  iar_Stollx.o [12]
strtoull                 0x801'90fd     0x2  Code  Gb  iar_Stoullx.o [12]
t_audio_buff            0x2000'28a0    0x78  Data  Gb  audio.o [10]
tolower                  0x801'ad0d    0x14  Code  Gb  tolower.o [12]
uChoType                0x2000'3108     0x1  Data  Lc  PHan_Lib.o [7]
uChosung                0x2000'3105     0x1  Data  Lc  PHan_Lib.o [7]
uJonType                0x2000'310a     0x1  Data  Lc  PHan_Lib.o [7]
uJongsung               0x2000'3107     0x1  Data  Lc  PHan_Lib.o [7]
uJooType                0x2000'3109     0x1  Data  Lc  PHan_Lib.o [7]
uJoongsung              0x2000'3106     0x1  Data  Lc  PHan_Lib.o [7]
user_command_table      0x2000'0400   0x180  Data  Gb  cli.o [10]
uwTick                  0x2000'30e0     0x4  Data  Gb  stm32f4xx_hal.o [6]
uwTickFreq              0x2000'0c90     0x1  Data  Gb  stm32f4xx_hal.o [6]
uwTickPrio              0x2000'0c84     0x4  Data  Gb  stm32f4xx_hal.o [6]
vRadio_Init              0x800'c00d    0x3a  Code  Gb  radio.o [8]
vRadio_PowerUp           0x800'bffd    0x10  Code  Gb  radio.o [8]
vRadio_Set_TxPower       0x800'c185    0x14  Code  Gb  radio.o [8]
vRadio_StartRX           0x800'c10f    0x30  Code  Gb  radio.o [8]
vRadio_StartTx_Variable_Packet
                         0x800'c199    0x48  Code  Gb  radio.o [8]
wEngFon                  0x800'6ed0  0x1800  Data  Gb  PHanFontEng.o [7]
wWanToJohabTable         0x801'c24c  0x125c  Data  Gb  PHanFont.o [7]


[1] = C:\D\Git_Hub\STM_IAR_SIL_Change\EWARM\RFM\Obj\Application\EWARM
[2] = C:\D\Git_Hub\STM_IAR_SIL_Change\EWARM\RFM\Obj\Application\User\Core
[3] = C:\D\Git_Hub\STM_IAR_SIL_Change\EWARM\RFM\Obj\Application\User\USB_DEVICE\App
[4] = C:\D\Git_Hub\STM_IAR_SIL_Change\EWARM\RFM\Obj\Application\User\USB_DEVICE\Target
[5] = C:\D\Git_Hub\STM_IAR_SIL_Change\EWARM\RFM\Obj\Drivers\CMSIS
[6] = C:\D\Git_Hub\STM_IAR_SIL_Change\EWARM\RFM\Obj\Drivers\STM32F4xx_HAL_Driver
[7] = C:\D\Git_Hub\STM_IAR_SIL_Change\EWARM\RFM\Obj\Drivers\display
[8] = C:\D\Git_Hub\STM_IAR_SIL_Change\EWARM\RFM\Obj\Drivers\radio
[9] = C:\D\Git_Hub\STM_IAR_SIL_Change\EWARM\RFM\Obj\Drivers\radio\Si446x
[10] = C:\D\Git_Hub\STM_IAR_SIL_Change\EWARM\RFM\Obj\Library
[11] = C:\D\Git_Hub\STM_IAR_SIL_Change\EWARM\RFM\Obj\Middlewares\USB_Device_Library
[12] = dl7M_tlf.a
[13] = dlpprt7M_tl_fc.a
[14] = m7M_tls.a
[15] = rt7M_tl.a
[16] = shb_l.a

  87'577 bytes of readonly  code memory
  61'255 bytes of readonly  data memory
  28'966 bytes of readwrite data memory

Errors: none
Warnings: none
