main.c:158:6:MX_IWDG_Disable	4	static
main.c:173:5:main	8	static
main.c:302:6:SystemClock_Config	104	static
main.c:355:13:MX_ADC1_Init	24	static
main.c:405:13:MX_I2C1_Init	8	static
main.c:439:13:MX_I2C3_Init	8	static
main.c:473:13:MX_I2S3_Init	8	static
main.c:507:13:MX_IWDG_Init	8	static
main.c:541:13:MX_SPI1_Init	8	static
main.c:579:13:MX_SPI2_Init	8	static
main.c:617:13:MX_TIM3_Init	48	static
main.c:669:13:MX_USART1_UART_Init	8	static
main.c:702:13:MX_USART2_UART_Init	8	static
main.c:733:13:MX_DMA_Init	16	static
main.c:761:13:MX_GPIO_Init	56	static
main.c:893:6:HAL_TIM_PeriodElapsedCallback	16	static
main.c:910:6:Error_Handler	4	static
